[dreamguys.co.in/smarthr/purple/index.html]
[backblue.gif]
[fade.gif]
[index.html]
[dreamguys.co.in/smarthr/purple/assets/img/favicon.png]
[dreamguys.co.in/smarthr/purple/assets/css/bootstrap.min.css]
[dreamguys.co.in/smarthr/purple/assets/css/font-awesome.min.css]
[dreamguys.co.in/smarthr/purple/assets/plugins/morris/morris.css]
[dreamguys.co.in/smarthr/purple/assets/css/style.css]
[dreamguys.co.in/smarthr/purple/index-2.html]
[dreamguys.co.in/smarthr/purple/assets/img/logo.png]
[dreamguys.co.in/smarthr/purple/activities.html]
[dreamguys.co.in/smarthr/purple/assets/img/user.jpg]
[dreamguys.co.in/smarthr/purple/profile.html]
[dreamguys.co.in/smarthr/purple/edit-profile.html]
[dreamguys.co.in/smarthr/purple/settings.html]
[dreamguys.co.in/smarthr/purple/login.html]
[dreamguys.co.in/smarthr/purple/employees.html]
[dreamguys.co.in/smarthr/purple/holidays.html]
[dreamguys.co.in/smarthr/purple/leaves.html]
[dreamguys.co.in/smarthr/purple/attendance.html]
[dreamguys.co.in/smarthr/purple/departments.html]
[dreamguys.co.in/smarthr/purple/designations.html]
[dreamguys.co.in/smarthr/purple/clients.html]
[dreamguys.co.in/smarthr/purple/projects.html]
[dreamguys.co.in/smarthr/purple/tasks.html]
[dreamguys.co.in/smarthr/purple/voice-call.html]
[dreamguys.co.in/smarthr/purple/video-call.html]
[dreamguys.co.in/smarthr/purple/incoming-call.html]
[dreamguys.co.in/smarthr/purple/contacts.html]
[dreamguys.co.in/smarthr/purple/leads.html]
[dreamguys.co.in/smarthr/purple/estimates.html]
[dreamguys.co.in/smarthr/purple/invoices.html]
[dreamguys.co.in/smarthr/purple/payments.html]
[dreamguys.co.in/smarthr/purple/expenses.html]
[dreamguys.co.in/smarthr/purple/provident-fund.html]
[dreamguys.co.in/smarthr/purple/taxes.html]
[dreamguys.co.in/smarthr/purple/salary.html]
[dreamguys.co.in/smarthr/purple/salary-view.html]
[dreamguys.co.in/smarthr/purple/worksheet.html]
[dreamguys.co.in/smarthr/purple/tickets.html]
[dreamguys.co.in/smarthr/purple/events.html]
[dreamguys.co.in/smarthr/purple/inbox.html]
[dreamguys.co.in/smarthr/purple/chat.html]
[dreamguys.co.in/smarthr/purple/assets.html]
[dreamguys.co.in/smarthr/purple/users.html]
[dreamguys.co.in/smarthr/purple/expense-reports.html]
[dreamguys.co.in/smarthr/purple/invoice-reports.html]
[dreamguys.co.in/smarthr/purple/register.html]
[dreamguys.co.in/smarthr/purple/forgot-password.html]
[dreamguys.co.in/smarthr/purple/invoice-view.html]
[dreamguys.co.in/smarthr/purple/client-profile.html]
[dreamguys.co.in/smarthr/purple/project-view.html]
[dreamguys.co.in/smarthr/purple/assets/js/jquery-3.2.1.min.js]
[dreamguys.co.in/smarthr/purple/assets/js/bootstrap.min.js]
[dreamguys.co.in/smarthr/purple/assets/js/jquery.slimscroll.js]
[dreamguys.co.in/smarthr/purple/assets/plugins/morris/morris.min.js]
[dreamguys.co.in/smarthr/purple/index.html]
[dreamguys.co.in/smarthr/purple/assets/js/app.js]
[dreamguys.co.in/smarthr/purple/assets/fonts/glyphicons-halflings-regular.eot]
[dreamguys.co.in/smarthr/purple/assets/fonts/glyphicons-halflings-regulard41d.eot]
[dreamguys.co.in/smarthr/purple/assets/plugins/raphael/raphael-min.js]
[dreamguys.co.in/smarthr/purple/assets/fonts/glyphicons-halflings-regular.woff]
[dreamguys.co.in/smarthr/purple/assets/fonts/glyphicons-halflings-regular.ttf]
[dreamguys.co.in/smarthr/purple/assets/css/bootstrap.min.css]
[dreamguys.co.in/smarthr/purple/assets/fonts/fontawesome-webfont3e6e.eot]
[dreamguys.co.in/smarthr/purple/assets/fonts/fontawesome-webfontd41d.eot]
[dreamguys.co.in/smarthr/purple/assets/fonts/fontawesome-webfont3e6e.woff]
[dreamguys.co.in/smarthr/purple/assets/fonts/fontawesome-webfont3e6e.ttf]
[dreamguys.co.in/smarthr/purple/assets/css/font-awesome.min.css]
[dreamguys.co.in/smarthr/purple/assets/plugins/morris/morris.css]
[dreamguys.co.in/smarthr/purple/assets/img/calander.png]
[dreamguys.co.in/smarthr/purple/assets/css/style.css]
[dreamguys.co.in/smarthr/purple/index-2.html]
[dreamguys.co.in/smarthr/purple/activities.html]
[dreamguys.co.in/smarthr/purple/profile.html]
[dreamguys.co.in/smarthr/purple/assets/css/select2.min.css]
[dreamguys.co.in/smarthr/purple/assets/css/bootstrap-datetimepicker.min.css]
[dreamguys.co.in/smarthr/purple/assets/js/select2.min.js]
[dreamguys.co.in/smarthr/purple/assets/js/moment.min.js]
[dreamguys.co.in/smarthr/purple/edit-profile.html]
[dreamguys.co.in/smarthr/purple/assets/js/bootstrap-datetimepicker.min.js]
[dreamguys.co.in/smarthr/purple/localization.html]
[dreamguys.co.in/smarthr/purple/theme-settings.html]
[dreamguys.co.in/smarthr/purple/roles-permissions.html]
[dreamguys.co.in/smarthr/purple/email-settings.html]
[dreamguys.co.in/smarthr/purple/invoice-settings.html]
[dreamguys.co.in/smarthr/purple/salary-settings.html]
[dreamguys.co.in/smarthr/purple/notifications-settings.html]
[dreamguys.co.in/smarthr/purple/change-password.html]
[dreamguys.co.in/smarthr/purple/settings.html]
[dreamguys.co.in/smarthr/purple/leave-type.html]
[dreamguys.co.in/smarthr/purple/assets/img/logo2.png]
[dreamguys.co.in/smarthr/purple/login.html]
[dreamguys.co.in/smarthr/purple/employees.html]
[dreamguys.co.in/smarthr/purple/holidays.html]
[dreamguys.co.in/smarthr/purple/employees-list.html]
[dreamguys.co.in/smarthr/purple/assets/css/dataTables.bootstrap.min.css]
[dreamguys.co.in/smarthr/purple/assets/js/jquery.dataTables.min.js]
[dreamguys.co.in/smarthr/purple/leaves.html]
[dreamguys.co.in/smarthr/purple/attendance.html]
[dreamguys.co.in/smarthr/purple/departments.html]
[dreamguys.co.in/smarthr/purple/designations.html]
[dreamguys.co.in/smarthr/purple/assets/js/dataTables.bootstrap.min.js]
[dreamguys.co.in/smarthr/purple/clients.html]
[dreamguys.co.in/smarthr/purple/clients-list.html]
[dreamguys.co.in/smarthr/purple/assets/plugins/summernote/dist/summernote.css]
[dreamguys.co.in/smarthr/purple/project-list.html]
[dreamguys.co.in/smarthr/purple/projects.html]
[dreamguys.co.in/smarthr/purple/assets/plugins/summernote/dist/summernote.min.js]
[dreamguys.co.in/smarthr/purple/assets/img/attachment.png]
[dreamguys.co.in/smarthr/purple/tasks.html]
[dreamguys.co.in/smarthr/purple/assets/js/task.js]
[dreamguys.co.in/smarthr/purple/assets/img/user-03.jpg]
[dreamguys.co.in/smarthr/purple/assets/img/user-04.jpg]
[dreamguys.co.in/smarthr/purple/assets/img/user-05.jpg]
[dreamguys.co.in/smarthr/purple/voice-call.html]
[dreamguys.co.in/smarthr/purple/assets/img/user-06.jpg]
[dreamguys.co.in/smarthr/purple/assets/img/video-call.jpg]
[dreamguys.co.in/smarthr/purple/video-call.html]
[dreamguys.co.in/smarthr/purple/assets/img/user-02.jpg]
[dreamguys.co.in/smarthr/purple/incoming-call.html]
[dreamguys.co.in/smarthr/purple/contacts.html]
[dreamguys.co.in/smarthr/purple/leads.html]
[dreamguys.co.in/smarthr/purple/add-contact.html]
[dreamguys.co.in/smarthr/purple/create-estimate.html]
[dreamguys.co.in/smarthr/purple/estimate-view.html]
[dreamguys.co.in/smarthr/purple/estimates.html]
[dreamguys.co.in/smarthr/purple/edit-estimate.html]
[dreamguys.co.in/smarthr/purple/create-invoice.html]
[dreamguys.co.in/smarthr/purple/invoices.html]
[dreamguys.co.in/smarthr/purple/payments.html]
[dreamguys.co.in/smarthr/purple/expenses.html]
[dreamguys.co.in/smarthr/purple/provident-fund.html]
[dreamguys.co.in/smarthr/purple/taxes.html]
[dreamguys.co.in/smarthr/purple/salary.html]
[dreamguys.co.in/smarthr/purple/salary-view.html]
[dreamguys.co.in/smarthr/purple/worksheet.html]
[dreamguys.co.in/smarthr/purple/edit-invoice.html]
[dreamguys.co.in/smarthr/purple/tickets.html]
[dreamguys.co.in/smarthr/purple/ticket-view.html]
[dreamguys.co.in/smarthr/purple/assets/css/fullcalendar.min.css]
[dreamguys.co.in/smarthr/purple/assets/js/fullcalendar.min.js]
[dreamguys.co.in/smarthr/purple/events.html]
[dreamguys.co.in/smarthr/purple/assets/js/jquery.fullcalendar.js]
[dreamguys.co.in/smarthr/purple/compose.html]
[dreamguys.co.in/smarthr/purple/inbox.html]
[dreamguys.co.in/smarthr/purple/mail-view.html]
[dreamguys.co.in/smarthr/purple/assets/img/placeholder.png]
[dreamguys.co.in/smarthr/purple/chat.html]
[dreamguys.co.in/smarthr/purple/assets.html]
[dreamguys.co.in/smarthr/purple/users.html]
[dreamguys.co.in/smarthr/purple/expense-reports.html]
[dreamguys.co.in/smarthr/purple/invoice-reports.html]
[dreamguys.co.in/smarthr/purple/register.html]
[dreamguys.co.in/smarthr/purple/forgot-password.html]
[dreamguys.co.in/smarthr/purple/invoice-view.html]
[dreamguys.co.in/smarthr/purple/client-profile.html]
[dreamguys.co.in/smarthr/purple/project-view.html]
[dreamguys.co.in/smarthr/purple/assets/fonts/glyphicons-halflings-regular.html]
[dreamguys.co.in/smarthr/purple/assets/fonts/glyphicons-halflings-regular.svg]
[dreamguys.co.in/smarthr/purple/assets/fonts/fontawesome-webfont3e6e.html]
[dreamguys.co.in/smarthr/purple/assets/fonts/fontawesome-webfont3e6e.svg]
[dreamguys.co.in/smarthr/purple/assets/css/select2.min.css]
[dreamguys.co.in/smarthr/purple/assets/css/bootstrap-datetimepicker.min.css]
[dreamguys.co.in/smarthr/purple/localization.html]
[dreamguys.co.in/smarthr/purple/assets/js/dropfiles.js]
[dreamguys.co.in/smarthr/purple/assets/img/logo3.png]
[dreamguys.co.in/smarthr/purple/theme-settings.html]
[dreamguys.co.in/smarthr/purple/roles-permissions.html]
[dreamguys.co.in/smarthr/purple/email-settings.html]
[dreamguys.co.in/smarthr/purple/invoice-settings.html]
[dreamguys.co.in/smarthr/purple/salary-settings.html]
[dreamguys.co.in/smarthr/purple/notifications-settings.html]
[dreamguys.co.in/smarthr/purple/change-password.html]
[dreamguys.co.in/smarthr/purple/leave-type.html]
[dreamguys.co.in/smarthr/purple/employees-list.html]
[dreamguys.co.in/smarthr/purple/assets/css/dataTables.bootstrap.min.css]
[dreamguys.co.in/smarthr/purple/clients-list.html]
[dreamguys.co.in/smarthr/purple/assets/plugins/summernote/dist/font/summernote291f.eot]
[dreamguys.co.in/smarthr/purple/assets/plugins/summernote/dist/font/summernoted41d.eot]
[dreamguys.co.in/smarthr/purple/assets/plugins/summernote/dist/font/summernote291f.woff]
[dreamguys.co.in/smarthr/purple/assets/plugins/summernote/dist/font/summernote291f.ttf]
[dreamguys.co.in/smarthr/purple/assets/plugins/summernote/dist/summernote.css]
[dreamguys.co.in/smarthr/purple/project-list.html]
[dreamguys.co.in/smarthr/purple/add-contact.html]
[dreamguys.co.in/smarthr/purple/create-estimate.html]
[dreamguys.co.in/smarthr/purple/estimate-view.html]
[dreamguys.co.in/smarthr/purple/edit-estimate.html]
[dreamguys.co.in/smarthr/purple/create-invoice.html]
[dreamguys.co.in/smarthr/purple/edit-invoice.html]
[dreamguys.co.in/smarthr/purple/ticket-view.html]
[dreamguys.co.in/smarthr/purple/assets/css/fullcalendar.min.css]
[dreamguys.co.in/smarthr/purple/assets/js/jquery-ui.min.html]
[dreamguys.co.in/smarthr/purple/compose.html]
[dreamguys.co.in/smarthr/purple/mail-view.html]
