[colorlib.com/polygon/elaadmin/index.html]
[colorlib.com/polygon/elaadmin/images/favicon.png]
[backblue.gif]
[fade.gif]
[index.html]
[colorlib.com/polygon/elaadmin/css/lib/bootstrap/bootstrap.min.css]
[colorlib.com/polygon/elaadmin/css/lib/calendar2/semantic.ui.min.css]
[colorlib.com/polygon/elaadmin/css/lib/calendar2/pignose.calendar.min.css]
[colorlib.com/polygon/elaadmin/css/lib/owl.carousel.min.css]
[colorlib.com/polygon/elaadmin/css/lib/owl.theme.default.min.css]
[colorlib.com/polygon/elaadmin/css/helper.css]
[colorlib.com/polygon/elaadmin/css/style.css]
[colorlib.com/polygon/elaadmin/index-2.html]
[colorlib.com/polygon/elaadmin/images/logo.png]
[colorlib.com/polygon/elaadmin/images/logo-text.png]
[colorlib.com/polygon/elaadmin/images/users/5.jpg]
[colorlib.com/polygon/elaadmin/images/users/2.jpg]
[colorlib.com/polygon/elaadmin/images/users/3.jpg]
[colorlib.com/polygon/elaadmin/images/users/4.jpg]
[colorlib.com/polygon/elaadmin/index1.html]
[colorlib.com/polygon/elaadmin/email-compose.html]
[colorlib.com/polygon/elaadmin/email-read.html]
[colorlib.com/polygon/elaadmin/email-inbox.html]
[colorlib.com/polygon/elaadmin/chart-flot.html]
[colorlib.com/polygon/elaadmin/chart-morris.html]
[colorlib.com/polygon/elaadmin/chart-chartjs.html]
[colorlib.com/polygon/elaadmin/chart-chartist.html]
[colorlib.com/polygon/elaadmin/chart-amchart.html]
[colorlib.com/polygon/elaadmin/chart-echart.html]
[colorlib.com/polygon/elaadmin/chart-sparkline.html]
[colorlib.com/polygon/elaadmin/chart-peity.html]
[colorlib.com/polygon/elaadmin/ui-alert.html]
[colorlib.com/polygon/elaadmin/ui-button.html]
[colorlib.com/polygon/elaadmin/ui-dropdown.html]
[colorlib.com/polygon/elaadmin/ui-progressbar.html]
[colorlib.com/polygon/elaadmin/ui-tab.html]
[colorlib.com/polygon/elaadmin/ui-typography.html]
[colorlib.com/polygon/elaadmin/uc-calender.html]
[colorlib.com/polygon/elaadmin/uc-datamap.html]
[colorlib.com/polygon/elaadmin/uc-nestedable.html]
[colorlib.com/polygon/elaadmin/uc-sweetalert.html]
[colorlib.com/polygon/elaadmin/uc-toastr.html]
[colorlib.com/polygon/elaadmin/uc-weather.html]
[colorlib.com/polygon/elaadmin/form-basic.html]
[colorlib.com/polygon/elaadmin/form-layout.html]
[colorlib.com/polygon/elaadmin/form-validation.html]
[colorlib.com/polygon/elaadmin/form-editor.html]
[colorlib.com/polygon/elaadmin/form-dropzone.html]
[colorlib.com/polygon/elaadmin/table-bootstrap.html]
[colorlib.com/polygon/elaadmin/table-datatable.html]
[colorlib.com/polygon/elaadmin/layout-blank.html]
[colorlib.com/polygon/elaadmin/layout-boxed.html]
[colorlib.com/polygon/elaadmin/layout-fix-header.html]
[colorlib.com/polygon/elaadmin/layout-fix-sidebar.html]
[colorlib.com/polygon/elaadmin/page-login.html]
[colorlib.com/polygon/elaadmin/page-register.html]
[colorlib.com/polygon/elaadmin/page-invoice.html]
[colorlib.com/polygon/elaadmin/page-error-400.html]
[colorlib.com/polygon/elaadmin/page-error-403.html]
[colorlib.com/polygon/elaadmin/page-error-404.html]
[colorlib.com/polygon/elaadmin/page-error-500.html]
[colorlib.com/polygon/elaadmin/page-error-503.html]
[colorlib.com/polygon/elaadmin/map-google.html]
[colorlib.com/polygon/elaadmin/map-vector.html]
[colorlib.com/polygon/elaadmin/images/avatar/2.jpg]
[colorlib.com/polygon/elaadmin/images/avatar/3.jpg]
[colorlib.com/polygon/elaadmin/images/avatar/1.jpg]
[colorlib.com/polygon/elaadmin/images/avatar/4.jpg]
[colorlib.com/polygon/elaadmin/images/avatar/5.jpg]
[colorlib.com/polygon/elaadmin/images/avatar/6.jpg]
[colorlib.com/polygon/elaadmin/js/lib/jquery/jquery.min.js]
[colorlib.com/polygon/elaadmin/js/lib/bootstrap/js/popper.min.js]
[colorlib.com/polygon/elaadmin/js/lib/bootstrap/js/bootstrap.min.js]
[colorlib.com/polygon/elaadmin/js/jquery.slimscroll.js]
[colorlib.com/polygon/elaadmin/js/sidebarmenu.js]
[colorlib.com/polygon/elaadmin/js/lib/sticky-kit-master/dist/sticky-kit.min.js]
[colorlib.com/polygon/elaadmin/js/lib/morris-chart/raphael-min.js]
[colorlib.com/polygon/elaadmin/js/lib/morris-chart/morris.js]
[colorlib.com/polygon/elaadmin/js/lib/morris-chart/dashboard1-init.js]
[colorlib.com/polygon/elaadmin/js/lib/calendar-2/moment.latest.min.js]
[colorlib.com/polygon/elaadmin/js/lib/calendar-2/semantic.ui.min.js]
[colorlib.com/polygon/elaadmin/js/lib/calendar-2/prism.min.js]
[colorlib.com/polygon/elaadmin/js/lib/calendar-2/pignose.calendar.min.js]
[colorlib.com/polygon/elaadmin/js/lib/calendar-2/pignose.init.js]
[colorlib.com/polygon/elaadmin/js/lib/owl-carousel/owl.carousel.min.js]
[colorlib.com/polygon/elaadmin/js/lib/owl-carousel/owl.carousel-init.js]
[colorlib.com/polygon/elaadmin/js/scripts.js]
[colorlib.com/polygon/elaadmin/index.html]
[colorlib.com/polygon/elaadmin/css/lib/bootstrap/bootstrap.min.css]
[colorlib.com/polygon/elaadmin/css/lib/calendar2/semantic.ui.min.css]
[colorlib.com/polygon/elaadmin/css/lib/calendar2/pignose.calendar.min.css]
[colorlib.com/polygon/elaadmin/js/custom.min.js]
[colorlib.com/polygon/elaadmin/css/lib/owl.video.play.png]
[colorlib.com/polygon/elaadmin/css/lib/owl.carousel.min.css]
[colorlib.com/polygon/elaadmin/css/lib/owl.theme.default.min.css]
[colorlib.com/polygon/elaadmin/css/helper.css]
[colorlib.com/polygon/elaadmin/icons/font-awesome/css/font-awesome.min.css]
[colorlib.com/polygon/elaadmin/icons/simple-line-icons/css/simple-line-icons.css]
[colorlib.com/polygon/elaadmin/icons/weather-icons/css/weather-icons.min.css]
[colorlib.com/polygon/elaadmin/icons/linea-icons/linea.css]
[colorlib.com/polygon/elaadmin/icons/themify-icons/themify-icons.css]
[colorlib.com/polygon/elaadmin/icons/flag-icon-css/flag-icon.min.css]
[colorlib.com/polygon/elaadmin/icons/material-design-iconic-font/css/materialdesignicons.min.css]
[colorlib.com/polygon/elaadmin/css/spinners.css]
[colorlib.com/polygon/elaadmin/css/style.css]
[colorlib.com/polygon/elaadmin/index-2.html]
[colorlib.com/polygon/elaadmin/css/animate.css]
[colorlib.com/polygon/elaadmin/css/lib/chartist/chartist.min.css]
[colorlib.com/polygon/elaadmin/js/lib/datamap/d3.min.js]
[colorlib.com/polygon/elaadmin/js/lib/datamap/topojson.js]
[colorlib.com/polygon/elaadmin/js/lib/datamap/datamaps.world.min.js]
[colorlib.com/polygon/elaadmin/js/lib/datamap/datamap-init.js]
[colorlib.com/polygon/elaadmin/js/lib/weather/jquery.simpleWeather.min.js]
[colorlib.com/polygon/elaadmin/js/lib/weather/weather-init.js]
[colorlib.com/polygon/elaadmin/js/lib/chartist/chartist.min.js]
[colorlib.com/polygon/elaadmin/js/lib/chartist/chartist-plugin-tooltip.min.js]
[colorlib.com/polygon/elaadmin/index1.html]
[colorlib.com/polygon/elaadmin/js/lib/chartist/chartist-init.js]
[colorlib.com/polygon/elaadmin/index2.html]
[colorlib.com/polygon/elaadmin/app-profile.html]
[colorlib.com/polygon/elaadmin/widget.html]
[colorlib.com/polygon/elaadmin/email-compose.html]
[colorlib.com/polygon/elaadmin/app-email-compose.html]
[colorlib.com/polygon/elaadmin/images/users/avatar-2.jpg]
[colorlib.com/polygon/elaadmin/images/attached-files/img-1.jpg]
[colorlib.com/polygon/elaadmin/images/attached-files/img-2.jpg]
[colorlib.com/polygon/elaadmin/images/attached-files/img-3.jpg]
[colorlib.com/polygon/elaadmin/email-read.html]
[colorlib.com/polygon/elaadmin/images/users/avatar-7.jpg]
[colorlib.com/polygon/elaadmin/email-inbox.html]
[colorlib.com/polygon/elaadmin/js/lib/flot-chart/excanvas.min.js]
[colorlib.com/polygon/elaadmin/js/lib/flot-chart/jquery.flot.js]
[colorlib.com/polygon/elaadmin/js/lib/flot-chart/jquery.flot.pie.js]
[colorlib.com/polygon/elaadmin/js/lib/flot-chart/jquery.flot.time.js]
[colorlib.com/polygon/elaadmin/js/lib/flot-chart/jquery.flot.stack.js]
[colorlib.com/polygon/elaadmin/js/lib/flot-chart/jquery.flot.resize.js]
[colorlib.com/polygon/elaadmin/js/lib/flot-chart/jquery.flot.crosshair.js]
[colorlib.com/polygon/elaadmin/js/lib/flot-chart/curvedLines.js]
[colorlib.com/polygon/elaadmin/js/lib/flot-chart/flot-tooltip/jquery.flot.tooltip.min.js]
[colorlib.com/polygon/elaadmin/chart-flot.html]
[colorlib.com/polygon/elaadmin/chart-morris.html]
[colorlib.com/polygon/elaadmin/js/lib/flot-chart/flot-chart-init.js]
[colorlib.com/polygon/elaadmin/js/lib/morris-chart/morris-init.js]
[colorlib.com/polygon/elaadmin/chart-chartjs.html]
[colorlib.com/polygon/elaadmin/chart-chartist.html]
[colorlib.com/polygon/elaadmin/js/lib/chart-js/chartjs-init.js]
[colorlib.com/polygon/elaadmin/css/lib/amchart/export.css]
[colorlib.com/polygon/elaadmin/js/lib/chart-js/Chart.bundle.js]
[colorlib.com/polygon/elaadmin/js/lib/chart-amchart/serial.js]
[colorlib.com/polygon/elaadmin/js/lib/chart-amchart/export.min.js]
[colorlib.com/polygon/elaadmin/js/lib/chart-amchart/light.js]
[colorlib.com/polygon/elaadmin/js/lib/chart-amchart/ammap.js]
[colorlib.com/polygon/elaadmin/js/lib/chart-amchart/worldLow.js]
[colorlib.com/polygon/elaadmin/js/lib/chart-amchart/pie.js]
[colorlib.com/polygon/elaadmin/chart-amchart.html]
[colorlib.com/polygon/elaadmin/js/lib/chart-amchart/amstock.js]
[colorlib.com/polygon/elaadmin/chart-echart.html]
[colorlib.com/polygon/elaadmin/js/lib/chart-amchart/amchart-init.js]
[colorlib.com/polygon/elaadmin/js/lib/echart/echarts-init.js]
[colorlib.com/polygon/elaadmin/chart-sparkline.html]
[colorlib.com/polygon/elaadmin/js/lib/sparklinechart/jquery.sparkline.min.js]
[colorlib.com/polygon/elaadmin/js/lib/sparklinechart/sparkline.init.js]
[colorlib.com/polygon/elaadmin/chart-peity.html]
[colorlib.com/polygon/elaadmin/ui-alert.html]
[colorlib.com/polygon/elaadmin/ui-button.html]
[colorlib.com/polygon/elaadmin/ui-dropdown.html]
[colorlib.com/polygon/elaadmin/ui-progressbar.html]
[colorlib.com/polygon/elaadmin/js/lib/peitychart/jquery.peity.min.js]
[colorlib.com/polygon/elaadmin/images/c1.jpg]
[colorlib.com/polygon/elaadmin/ui-tab.html]
[colorlib.com/polygon/elaadmin/ui-typography.html]
[colorlib.com/polygon/elaadmin/uc-calender.html]
[colorlib.com/polygon/elaadmin/uc-datamap.html]
[colorlib.com/polygon/elaadmin/js/lib/peitychart/peitychart.init.js]
[colorlib.com/polygon/elaadmin/css/lib/nestable/nestable.css]
[colorlib.com/polygon/elaadmin/js/lib/nestable/jquery.nestable.js]
[colorlib.com/polygon/elaadmin/js/lib/echart/echarts.js]
[colorlib.com/polygon/elaadmin/uc-nestedable.html]
[colorlib.com/polygon/elaadmin/js/lib/nestable/nestable.init.js]
[colorlib.com/polygon/elaadmin/css/lib/sweetalert/sweetalert.css]
[colorlib.com/polygon/elaadmin/js/lib/sweetalert/sweetalert.min.js]
[colorlib.com/polygon/elaadmin/uc-sweetalert.html]
[colorlib.com/polygon/elaadmin/js/lib/sweetalert/sweetalert.init.js]
[colorlib.com/polygon/elaadmin/css/lib/toastr/toastr.min.css]
[colorlib.com/polygon/elaadmin/js/lib/toastr/toastr.min.js]
[colorlib.com/polygon/elaadmin/uc-toastr.html]
[colorlib.com/polygon/elaadmin/uc-weather.html]
[colorlib.com/polygon/elaadmin/form-basic.html]
[colorlib.com/polygon/elaadmin/form-layout.html]
[colorlib.com/polygon/elaadmin/js/lib/toastr/toastr.init.js]
[colorlib.com/polygon/elaadmin/form-validation.html]
[colorlib.com/polygon/elaadmin/js/lib/form-validation/jquery.validate.min.js]
[colorlib.com/polygon/elaadmin/js/lib/form-validation/jquery.validate-init.js]
[colorlib.com/polygon/elaadmin/css/lib/html5-editor/bootstrap-wysihtml5.css]
[colorlib.com/polygon/elaadmin/js/lib/html5-editor/wysihtml5-0.3.0.js]
[colorlib.com/polygon/elaadmin/js/lib/html5-editor/bootstrap-wysihtml5.js]
[colorlib.com/polygon/elaadmin/form-editor.html]
[colorlib.com/polygon/elaadmin/js/lib/html5-editor/wysihtml5-init.js]
[colorlib.com/polygon/elaadmin/form-dropzone.html]
[colorlib.com/polygon/elaadmin/table-bootstrap.html]
[colorlib.com/polygon/elaadmin/css/lib/dropzone/dropzone.css]
[colorlib.com/polygon/elaadmin/js/lib/dropzone/dropzone.js]
[colorlib.com/polygon/elaadmin/js/lib/datatables/cdn.datatables.net/buttons/1.2.2/js/dataTables.buttons.min.js]
[colorlib.com/polygon/elaadmin/js/lib/datatables/datatables.min.js]
[colorlib.com/polygon/elaadmin/js/lib/datatables/cdn.datatables.net/buttons/1.2.2/js/buttons.flash.min.js]
[colorlib.com/polygon/elaadmin/js/lib/datatables/cdnjs.cloudflare.com/ajax/libs/jszip/2.5.0/jszip.min.js]
[colorlib.com/polygon/elaadmin/js/lib/datatables/cdn.rawgit.com/bpampuch/pdfmake/0.1.18/build/pdfmake.min.js]
[colorlib.com/polygon/elaadmin/js/lib/datatables/cdn.rawgit.com/bpampuch/pdfmake/0.1.18/build/vfs_fonts.js]
[colorlib.com/polygon/elaadmin/js/lib/datatables/cdn.datatables.net/buttons/1.2.2/js/buttons.html5.min.js]
[colorlib.com/polygon/elaadmin/table-datatable.html]
[colorlib.com/polygon/elaadmin/layout-blank.html]
[colorlib.com/polygon/elaadmin/layout-boxed.html]
[colorlib.com/polygon/elaadmin/layout-fix-header.html]
[colorlib.com/polygon/elaadmin/layout-fix-sidebar.html]
[colorlib.com/polygon/elaadmin/page-login.html]
[colorlib.com/polygon/elaadmin/page-register.html]
[colorlib.com/polygon/elaadmin/js/lib/datatables/cdn.datatables.net/buttons/1.2.2/js/buttons.print.min.js]
[colorlib.com/polygon/elaadmin/js/lib/datatables/datatables-init.js]
[colorlib.com/polygon/elaadmin/pages-profile.html]
[colorlib.com/polygon/elaadmin/page-invoice.html]
[colorlib.com/polygon/elaadmin/images/paypal.png]
[colorlib.com/polygon/elaadmin/page-error-400.html]
[colorlib.com/polygon/elaadmin/page-error-403.html]
[colorlib.com/polygon/elaadmin/page-error-404.html]
[colorlib.com/polygon/elaadmin/page-error-500.html]
[colorlib.com/polygon/elaadmin/page-error-503.html]
[colorlib.com/polygon/elaadmin/js/lib/gmap/gmaps.js]
[colorlib.com/polygon/elaadmin/js/lib/gmap/gmapApi.js]
[colorlib.com/polygon/elaadmin/map-google.html]
[colorlib.com/polygon/elaadmin/js/lib/gmap/gmap.init.js]
[colorlib.com/polygon/elaadmin/css/lib/vector-map/jqvmap.min.css]
[colorlib.com/polygon/elaadmin/js/lib/vector-map/jquery.vmap.js]
[colorlib.com/polygon/elaadmin/js/lib/vector-map/jquery.vmap.min.js]
[colorlib.com/polygon/elaadmin/js/lib/vector-map/jquery.vmap.sampledata.js]
[colorlib.com/polygon/elaadmin/js/lib/vector-map/country/jquery.vmap.world.js]
[colorlib.com/polygon/elaadmin/js/lib/vector-map/country/jquery.vmap.algeria.js]
[colorlib.com/polygon/elaadmin/js/lib/vector-map/country/jquery.vmap.argentina.js]
[colorlib.com/polygon/elaadmin/js/lib/vector-map/country/jquery.vmap.brazil.js]
[colorlib.com/polygon/elaadmin/js/lib/vector-map/country/jquery.vmap.france.js]
[colorlib.com/polygon/elaadmin/js/lib/vector-map/country/jquery.vmap.germany.js]
[colorlib.com/polygon/elaadmin/js/lib/vector-map/country/jquery.vmap.greece.js]
[colorlib.com/polygon/elaadmin/js/lib/vector-map/country/jquery.vmap.iran.js]
[colorlib.com/polygon/elaadmin/js/lib/vector-map/country/jquery.vmap.iraq.js]
[colorlib.com/polygon/elaadmin/js/lib/vector-map/country/jquery.vmap.russia.js]
[colorlib.com/polygon/elaadmin/js/lib/vector-map/country/jquery.vmap.tunisia.js]
[colorlib.com/polygon/elaadmin/js/lib/vector-map/country/jquery.vmap.europe.js]
[colorlib.com/polygon/elaadmin/js/lib/vector-map/country/jquery.vmap.usa.js]
[colorlib.com/polygon/elaadmin/js/lib/vector-map/country/jquery.vmap.turkey.js]
[colorlib.com/polygon/elaadmin/map-vector.html]
[colorlib.com/polygon/elaadmin/css/lib/owl.video.play.html]
[colorlib.com/polygon/elaadmin/icons/font-awesome/fonts/fontawesome-webfont3e6e3e6e.eot]
[colorlib.com/polygon/elaadmin/js/lib/vector-map/vector.init.js]
[colorlib.com/polygon/elaadmin/icons/font-awesome/fonts/fontawesome-webfontd41dd41d.eot]
[colorlib.com/polygon/elaadmin/icons/font-awesome/fonts/fontawesome-webfont3e6e3e6e.woff2]
[colorlib.com/polygon/elaadmin/icons/font-awesome/fonts/fontawesome-webfont3e6e3e6e.woff]
[colorlib.com/polygon/elaadmin/icons/font-awesome/fonts/fontawesome-webfont3e6e3e6e.ttf]
[colorlib.com/polygon/elaadmin/icons/font-awesome/css/font-awesome.min.css]
[colorlib.com/polygon/elaadmin/icons/simple-line-icons/fonts/Simple-Line-Icons4c824c82.eot]
[colorlib.com/polygon/elaadmin/icons/simple-line-icons/fonts/Simple-Line-Iconsd41dd41d.eot]
[colorlib.com/polygon/elaadmin/icons/font-awesome/fonts/fontawesome-webfont3e6e3e6e.svg]
[colorlib.com/polygon/elaadmin/icons/simple-line-icons/fonts/Simple-Line-Icons4c824c82.ttf]
[colorlib.com/polygon/elaadmin/icons/simple-line-icons/fonts/Simple-Line-Icons4c824c82.woff2]
[colorlib.com/polygon/elaadmin/icons/simple-line-icons/fonts/Simple-Line-Icons4c824c82.woff]
[colorlib.com/polygon/elaadmin/icons/simple-line-icons/css/simple-line-icons.css]
[colorlib.com/polygon/elaadmin/icons/weather-icons/fonts/weathericons-regular-webfont.eot]
[colorlib.com/polygon/elaadmin/icons/weather-icons/css/weather-icons.min.css]
[colorlib.com/polygon/elaadmin/icons/weather-icons/fonts/weathericons-regular-webfontd41d.eot]
[colorlib.com/polygon/elaadmin/icons/simple-line-icons/fonts/Simple-Line-Icons4c824c82.svg]
[colorlib.com/polygon/elaadmin/icons/linea-icons/fonts/linea-arrows-10.eot]
[colorlib.com/polygon/elaadmin/icons/linea-icons/fonts/linea-arrows-10d41dd41d.eot]
[colorlib.com/polygon/elaadmin/icons/linea-icons/fonts/linea-arrows-10.woff]
[colorlib.com/polygon/elaadmin/icons/linea-icons/fonts/linea-arrows-10.ttf]
[colorlib.com/polygon/elaadmin/icons/linea-icons/fonts/linea-arrows-10.svg]
[colorlib.com/polygon/elaadmin/icons/linea-icons/fonts/linea-basic-10.eot]
[colorlib.com/polygon/elaadmin/icons/linea-icons/fonts/linea-basic-10d41dd41d.eot]
[colorlib.com/polygon/elaadmin/icons/linea-icons/fonts/linea-basic-10.woff]
[colorlib.com/polygon/elaadmin/icons/linea-icons/fonts/linea-basic-10.ttf]
[colorlib.com/polygon/elaadmin/icons/linea-icons/fonts/linea-basic-10.svg]
[colorlib.com/polygon/elaadmin/icons/linea-icons/fonts/linea-basic-elaboration-10.eot]
[colorlib.com/polygon/elaadmin/icons/linea-icons/fonts/linea-basic-elaboration-10d41dd41d.eot]
[colorlib.com/polygon/elaadmin/icons/linea-icons/fonts/linea-basic-elaboration-10.woff]
[colorlib.com/polygon/elaadmin/icons/linea-icons/fonts/linea-basic-elaboration-10.ttf]
[colorlib.com/polygon/elaadmin/icons/linea-icons/fonts/linea-basic-elaboration-10.svg]
[colorlib.com/polygon/elaadmin/icons/linea-icons/fonts/linea-ecommerce-10.eot]
[colorlib.com/polygon/elaadmin/icons/linea-icons/fonts/linea-ecommerce-10d41dd41d.eot]
[colorlib.com/polygon/elaadmin/icons/linea-icons/fonts/linea-ecommerce-10.woff]
[colorlib.com/polygon/elaadmin/icons/linea-icons/fonts/linea-ecommerce-10.ttf]
[colorlib.com/polygon/elaadmin/icons/linea-icons/fonts/linea-ecommerce-10.svg]
[colorlib.com/polygon/elaadmin/icons/linea-icons/fonts/linea-music-10.eot]
[colorlib.com/polygon/elaadmin/icons/linea-icons/fonts/linea-music-10d41dd41d.eot]
[colorlib.com/polygon/elaadmin/icons/linea-icons/fonts/linea-music-10.woff]
[colorlib.com/polygon/elaadmin/icons/linea-icons/fonts/linea-music-10.ttf]
[colorlib.com/polygon/elaadmin/icons/linea-icons/fonts/linea-music-10.svg]
[colorlib.com/polygon/elaadmin/icons/linea-icons/fonts/linea-software-10.eot]
[colorlib.com/polygon/elaadmin/icons/linea-icons/fonts/linea-software-10d41dd41d.eot]
[colorlib.com/polygon/elaadmin/icons/linea-icons/fonts/linea-software-10.woff]
[colorlib.com/polygon/elaadmin/icons/linea-icons/fonts/linea-software-10.ttf]
[colorlib.com/polygon/elaadmin/icons/linea-icons/fonts/linea-weather-10.eot]
[colorlib.com/polygon/elaadmin/icons/linea-icons/fonts/linea-software-10.svg]
[colorlib.com/polygon/elaadmin/icons/linea-icons/fonts/linea-weather-10d41dd41d.eot]
[colorlib.com/polygon/elaadmin/icons/linea-icons/fonts/linea-weather-10.woff]
[colorlib.com/polygon/elaadmin/icons/linea-icons/fonts/linea-weather-10.ttf]
[colorlib.com/polygon/elaadmin/icons/linea-icons/linea.css]
[colorlib.com/polygon/elaadmin/icons/themify-icons/fonts/themify9f249f24.eot]
[colorlib.com/polygon/elaadmin/icons/linea-icons/fonts/linea-weather-10.svg]
[colorlib.com/polygon/elaadmin/icons/themify-icons/fonts/themifyd41dd41d.eot]
[colorlib.com/polygon/elaadmin/icons/themify-icons/fonts/themify.woff]
[colorlib.com/polygon/elaadmin/icons/themify-icons/fonts/themify.ttf]
[colorlib.com/polygon/elaadmin/icons/themify-icons/themify-icons.css]
[colorlib.com/polygon/elaadmin/icons/flag-icon-css/flags/ad.svg]
[colorlib.com/polygon/elaadmin/icons/flag-icon-css/flags/ae.svg]
[colorlib.com/polygon/elaadmin/icons/themify-icons/fonts/themify9f249f24.svg]
[colorlib.com/polygon/elaadmin/icons/flag-icon-css/flags/af.svg]
[colorlib.com/polygon/elaadmin/icons/flag-icon-css/flags/ag.svg]
[colorlib.com/polygon/elaadmin/icons/flag-icon-css/flags/ai.svg]
[colorlib.com/polygon/elaadmin/icons/flag-icon-css/flags/al.svg]
[colorlib.com/polygon/elaadmin/icons/flag-icon-css/flags/am.svg]
[colorlib.com/polygon/elaadmin/icons/flag-icon-css/flags/ao.svg]
[colorlib.com/polygon/elaadmin/icons/flag-icon-css/flags/aq.svg]
[colorlib.com/polygon/elaadmin/icons/flag-icon-css/flags/ar.svg]
[colorlib.com/polygon/elaadmin/icons/flag-icon-css/flags/as.svg]
[colorlib.com/polygon/elaadmin/icons/flag-icon-css/flags/at.svg]
[colorlib.com/polygon/elaadmin/icons/flag-icon-css/flags/au.svg]
[colorlib.com/polygon/elaadmin/icons/flag-icon-css/flags/aw.svg]
[colorlib.com/polygon/elaadmin/icons/flag-icon-css/flags/ax.svg]
[colorlib.com/polygon/elaadmin/icons/flag-icon-css/flags/az.svg]
[colorlib.com/polygon/elaadmin/icons/flag-icon-css/flags/ba.svg]
[colorlib.com/polygon/elaadmin/icons/flag-icon-css/flags/bb.svg]
[colorlib.com/polygon/elaadmin/icons/flag-icon-css/flags/bd.svg]
[colorlib.com/polygon/elaadmin/icons/flag-icon-css/flags/be.svg]
[colorlib.com/polygon/elaadmin/icons/flag-icon-css/flags/bf.svg]
[colorlib.com/polygon/elaadmin/icons/flag-icon-css/flags/bg.svg]
[colorlib.com/polygon/elaadmin/icons/flag-icon-css/flags/bh.svg]
[colorlib.com/polygon/elaadmin/icons/flag-icon-css/flags/bi.svg]
[colorlib.com/polygon/elaadmin/icons/flag-icon-css/flags/bj.svg]
[colorlib.com/polygon/elaadmin/icons/flag-icon-css/flags/bl.svg]
[colorlib.com/polygon/elaadmin/icons/flag-icon-css/flags/bm.svg]
[colorlib.com/polygon/elaadmin/icons/flag-icon-css/flags/bo.svg]
[colorlib.com/polygon/elaadmin/icons/flag-icon-css/flags/bn.svg]
[colorlib.com/polygon/elaadmin/icons/flag-icon-css/flags/bq.svg]
[colorlib.com/polygon/elaadmin/icons/flag-icon-css/flags/br.svg]
[colorlib.com/polygon/elaadmin/icons/flag-icon-css/flags/bs.svg]
[colorlib.com/polygon/elaadmin/icons/flag-icon-css/flags/bv.svg]
[colorlib.com/polygon/elaadmin/icons/flag-icon-css/flags/bt.svg]
[colorlib.com/polygon/elaadmin/icons/flag-icon-css/flags/bw.svg]
[colorlib.com/polygon/elaadmin/icons/flag-icon-css/flags/by.svg]
[colorlib.com/polygon/elaadmin/icons/flag-icon-css/flags/bz.svg]
[colorlib.com/polygon/elaadmin/icons/flag-icon-css/flags/ca.svg]
[colorlib.com/polygon/elaadmin/icons/flag-icon-css/flags/cc.svg]
[colorlib.com/polygon/elaadmin/icons/flag-icon-css/flags/cd.svg]
[colorlib.com/polygon/elaadmin/icons/flag-icon-css/flags/cf.svg]
[colorlib.com/polygon/elaadmin/icons/flag-icon-css/flags/cg.svg]
[colorlib.com/polygon/elaadmin/icons/flag-icon-css/flags/ch.svg]
[colorlib.com/polygon/elaadmin/icons/flag-icon-css/flags/ci.svg]
[colorlib.com/polygon/elaadmin/icons/flag-icon-css/flags/ck.svg]
[colorlib.com/polygon/elaadmin/icons/flag-icon-css/flags/cl.svg]
[colorlib.com/polygon/elaadmin/icons/flag-icon-css/flags/cm.svg]
[colorlib.com/polygon/elaadmin/icons/flag-icon-css/flags/cn.svg]
[colorlib.com/polygon/elaadmin/icons/flag-icon-css/flags/co.svg]
[colorlib.com/polygon/elaadmin/icons/flag-icon-css/flags/cr.svg]
[colorlib.com/polygon/elaadmin/icons/flag-icon-css/flags/cu.svg]
[colorlib.com/polygon/elaadmin/icons/flag-icon-css/flags/cv.svg]
[colorlib.com/polygon/elaadmin/icons/flag-icon-css/flags/cw.svg]
[colorlib.com/polygon/elaadmin/icons/flag-icon-css/flags/cx.svg]
[colorlib.com/polygon/elaadmin/icons/flag-icon-css/flags/cy.svg]
[colorlib.com/polygon/elaadmin/icons/flag-icon-css/flags/cz.svg]
[colorlib.com/polygon/elaadmin/icons/flag-icon-css/flags/de.svg]
[colorlib.com/polygon/elaadmin/icons/flag-icon-css/flags/dj.svg]
[colorlib.com/polygon/elaadmin/icons/flag-icon-css/flags/dk.svg]
[colorlib.com/polygon/elaadmin/icons/flag-icon-css/flags/dm.svg]
[colorlib.com/polygon/elaadmin/icons/flag-icon-css/flags/do.svg]
[colorlib.com/polygon/elaadmin/icons/flag-icon-css/flags/dz.svg]
[colorlib.com/polygon/elaadmin/icons/flag-icon-css/flags/ec.svg]
[colorlib.com/polygon/elaadmin/icons/flag-icon-css/flags/ee.svg]
[colorlib.com/polygon/elaadmin/icons/flag-icon-css/flags/eg.svg]
[colorlib.com/polygon/elaadmin/icons/flag-icon-css/flags/eh.svg]
[colorlib.com/polygon/elaadmin/icons/flag-icon-css/flags/er.svg]
[colorlib.com/polygon/elaadmin/icons/flag-icon-css/flags/es.svg]
[colorlib.com/polygon/elaadmin/icons/flag-icon-css/flags/et.svg]
[colorlib.com/polygon/elaadmin/icons/flag-icon-css/flags/fi.svg]
[colorlib.com/polygon/elaadmin/icons/flag-icon-css/flags/fj.svg]
[colorlib.com/polygon/elaadmin/icons/flag-icon-css/flags/fk.svg]
[colorlib.com/polygon/elaadmin/icons/flag-icon-css/flags/fm.svg]
[colorlib.com/polygon/elaadmin/icons/flag-icon-css/flags/fo.svg]
[colorlib.com/polygon/elaadmin/icons/flag-icon-css/flags/fr.svg]
[colorlib.com/polygon/elaadmin/icons/flag-icon-css/flags/ga.svg]
[colorlib.com/polygon/elaadmin/icons/flag-icon-css/flags/gb.svg]
[colorlib.com/polygon/elaadmin/icons/flag-icon-css/flags/gd.svg]
[colorlib.com/polygon/elaadmin/icons/flag-icon-css/flags/ge.svg]
[colorlib.com/polygon/elaadmin/icons/flag-icon-css/flags/gf.svg]
[colorlib.com/polygon/elaadmin/icons/flag-icon-css/flags/gg.svg]
[colorlib.com/polygon/elaadmin/icons/flag-icon-css/flags/gh.svg]
[colorlib.com/polygon/elaadmin/icons/flag-icon-css/flags/gi.svg]
[colorlib.com/polygon/elaadmin/icons/flag-icon-css/flags/gl.svg]
[colorlib.com/polygon/elaadmin/icons/flag-icon-css/flags/gm.svg]
[colorlib.com/polygon/elaadmin/icons/flag-icon-css/flags/gn.svg]
[colorlib.com/polygon/elaadmin/icons/flag-icon-css/flags/gp.svg]
[colorlib.com/polygon/elaadmin/icons/flag-icon-css/flags/gq.svg]
[colorlib.com/polygon/elaadmin/icons/flag-icon-css/flags/gr.svg]
[colorlib.com/polygon/elaadmin/icons/flag-icon-css/flags/gs.svg]
[colorlib.com/polygon/elaadmin/icons/flag-icon-css/flags/gt.svg]
[colorlib.com/polygon/elaadmin/icons/flag-icon-css/flags/gu.svg]
[colorlib.com/polygon/elaadmin/icons/flag-icon-css/flags/gw.svg]
[colorlib.com/polygon/elaadmin/icons/flag-icon-css/flags/gy.svg]
[colorlib.com/polygon/elaadmin/icons/flag-icon-css/flags/hk.svg]
[colorlib.com/polygon/elaadmin/icons/flag-icon-css/flags/hm.svg]
[colorlib.com/polygon/elaadmin/icons/flag-icon-css/flags/hn.svg]
[colorlib.com/polygon/elaadmin/icons/flag-icon-css/flags/hr.svg]
[colorlib.com/polygon/elaadmin/icons/flag-icon-css/flags/ht.svg]
[colorlib.com/polygon/elaadmin/icons/flag-icon-css/flags/hu.svg]
[colorlib.com/polygon/elaadmin/icons/flag-icon-css/flags/id.svg]
[colorlib.com/polygon/elaadmin/icons/flag-icon-css/flags/ie.svg]
[colorlib.com/polygon/elaadmin/icons/flag-icon-css/flags/il.svg]
[colorlib.com/polygon/elaadmin/icons/flag-icon-css/flags/im.svg]
[colorlib.com/polygon/elaadmin/icons/flag-icon-css/flags/in.svg]
[colorlib.com/polygon/elaadmin/icons/flag-icon-css/flags/io.svg]
[colorlib.com/polygon/elaadmin/icons/flag-icon-css/flags/iq.svg]
[colorlib.com/polygon/elaadmin/icons/flag-icon-css/flags/ir.svg]
[colorlib.com/polygon/elaadmin/icons/flag-icon-css/flags/is.svg]
[colorlib.com/polygon/elaadmin/icons/flag-icon-css/flags/it.svg]
[colorlib.com/polygon/elaadmin/icons/flag-icon-css/flags/je.svg]
[colorlib.com/polygon/elaadmin/icons/flag-icon-css/flags/jm.svg]
[colorlib.com/polygon/elaadmin/icons/flag-icon-css/flags/jo.svg]
[colorlib.com/polygon/elaadmin/icons/flag-icon-css/flags/jp.svg]
[colorlib.com/polygon/elaadmin/icons/flag-icon-css/flags/ke.svg]
[colorlib.com/polygon/elaadmin/icons/flag-icon-css/flags/kg.svg]
[colorlib.com/polygon/elaadmin/icons/flag-icon-css/flags/kh.svg]
[colorlib.com/polygon/elaadmin/icons/flag-icon-css/flags/ki.svg]
[colorlib.com/polygon/elaadmin/icons/flag-icon-css/flags/km.svg]
[colorlib.com/polygon/elaadmin/icons/flag-icon-css/flags/kn.svg]
[colorlib.com/polygon/elaadmin/icons/flag-icon-css/flags/kp.svg]
[colorlib.com/polygon/elaadmin/icons/flag-icon-css/flags/kr.svg]
[colorlib.com/polygon/elaadmin/icons/flag-icon-css/flags/kw.svg]
[colorlib.com/polygon/elaadmin/icons/flag-icon-css/flags/ky.svg]
[colorlib.com/polygon/elaadmin/icons/flag-icon-css/flags/kz.svg]
[colorlib.com/polygon/elaadmin/icons/flag-icon-css/flags/la.svg]
[colorlib.com/polygon/elaadmin/icons/flag-icon-css/flags/lb.svg]
[colorlib.com/polygon/elaadmin/icons/flag-icon-css/flags/lc.svg]
[colorlib.com/polygon/elaadmin/icons/flag-icon-css/flags/li.svg]
[colorlib.com/polygon/elaadmin/icons/flag-icon-css/flags/lk.svg]
[colorlib.com/polygon/elaadmin/icons/flag-icon-css/flags/lr.svg]
[colorlib.com/polygon/elaadmin/icons/flag-icon-css/flags/ls.svg]
[colorlib.com/polygon/elaadmin/icons/flag-icon-css/flags/lt.svg]
[colorlib.com/polygon/elaadmin/icons/flag-icon-css/flags/lu.svg]
[colorlib.com/polygon/elaadmin/icons/flag-icon-css/flags/lv.svg]
[colorlib.com/polygon/elaadmin/icons/flag-icon-css/flags/ly.svg]
[colorlib.com/polygon/elaadmin/icons/flag-icon-css/flags/ma.svg]
[colorlib.com/polygon/elaadmin/icons/flag-icon-css/flags/mc.svg]
[colorlib.com/polygon/elaadmin/icons/flag-icon-css/flags/md.svg]
[colorlib.com/polygon/elaadmin/icons/flag-icon-css/flags/me.svg]
[colorlib.com/polygon/elaadmin/icons/flag-icon-css/flags/mf.svg]
[colorlib.com/polygon/elaadmin/icons/flag-icon-css/flags/mg.svg]
[colorlib.com/polygon/elaadmin/icons/flag-icon-css/flags/mh.svg]
[colorlib.com/polygon/elaadmin/icons/flag-icon-css/flags/mk.svg]
[colorlib.com/polygon/elaadmin/icons/flag-icon-css/flags/ml.svg]
[colorlib.com/polygon/elaadmin/icons/flag-icon-css/flags/mm.svg]
[colorlib.com/polygon/elaadmin/icons/flag-icon-css/flags/mn.svg]
[colorlib.com/polygon/elaadmin/icons/flag-icon-css/flags/mo.svg]
[colorlib.com/polygon/elaadmin/icons/flag-icon-css/flags/mp.svg]
[colorlib.com/polygon/elaadmin/icons/flag-icon-css/flags/mq.svg]
[colorlib.com/polygon/elaadmin/icons/flag-icon-css/flags/mr.svg]
[colorlib.com/polygon/elaadmin/icons/flag-icon-css/flags/ms.svg]
[colorlib.com/polygon/elaadmin/icons/flag-icon-css/flags/mt.svg]
[colorlib.com/polygon/elaadmin/icons/flag-icon-css/flags/mu.svg]
[colorlib.com/polygon/elaadmin/icons/flag-icon-css/flags/mv.svg]
[colorlib.com/polygon/elaadmin/icons/flag-icon-css/flags/mw.svg]
[colorlib.com/polygon/elaadmin/icons/flag-icon-css/flags/mx.svg]
[colorlib.com/polygon/elaadmin/icons/flag-icon-css/flags/my.svg]
[colorlib.com/polygon/elaadmin/icons/flag-icon-css/flags/mz.svg]
[colorlib.com/polygon/elaadmin/icons/flag-icon-css/flags/na.svg]
[colorlib.com/polygon/elaadmin/icons/flag-icon-css/flags/nc.svg]
[colorlib.com/polygon/elaadmin/icons/flag-icon-css/flags/ne.svg]
[colorlib.com/polygon/elaadmin/icons/flag-icon-css/flags/nf.svg]
[colorlib.com/polygon/elaadmin/icons/flag-icon-css/flags/ng.svg]
[colorlib.com/polygon/elaadmin/icons/flag-icon-css/flags/ni.svg]
[colorlib.com/polygon/elaadmin/icons/flag-icon-css/flags/nl.svg]
[colorlib.com/polygon/elaadmin/icons/flag-icon-css/flags/no.svg]
[colorlib.com/polygon/elaadmin/icons/flag-icon-css/flags/np.svg]
[colorlib.com/polygon/elaadmin/icons/flag-icon-css/flags/nr.svg]
[colorlib.com/polygon/elaadmin/icons/flag-icon-css/flags/nu.svg]
[colorlib.com/polygon/elaadmin/icons/flag-icon-css/flags/nz.svg]
[colorlib.com/polygon/elaadmin/icons/flag-icon-css/flags/om.svg]
[colorlib.com/polygon/elaadmin/icons/flag-icon-css/flags/pa.svg]
[colorlib.com/polygon/elaadmin/icons/flag-icon-css/flags/pe.svg]
[colorlib.com/polygon/elaadmin/icons/flag-icon-css/flags/pf.svg]
[colorlib.com/polygon/elaadmin/icons/flag-icon-css/flags/pg.svg]
[colorlib.com/polygon/elaadmin/icons/flag-icon-css/flags/ph.svg]
[colorlib.com/polygon/elaadmin/icons/flag-icon-css/flags/pk.svg]
[colorlib.com/polygon/elaadmin/icons/flag-icon-css/flags/pl.svg]
[colorlib.com/polygon/elaadmin/icons/flag-icon-css/flags/pm.svg]
[colorlib.com/polygon/elaadmin/icons/flag-icon-css/flags/pn.svg]
[colorlib.com/polygon/elaadmin/icons/flag-icon-css/flags/pr.svg]
[colorlib.com/polygon/elaadmin/icons/flag-icon-css/flags/ps.svg]
[colorlib.com/polygon/elaadmin/icons/flag-icon-css/flags/pt.svg]
[colorlib.com/polygon/elaadmin/icons/flag-icon-css/flags/pw.svg]
[colorlib.com/polygon/elaadmin/icons/flag-icon-css/flags/py.svg]
[colorlib.com/polygon/elaadmin/icons/flag-icon-css/flags/qa.svg]
[colorlib.com/polygon/elaadmin/icons/flag-icon-css/flags/re.svg]
[colorlib.com/polygon/elaadmin/icons/flag-icon-css/flags/ro.svg]
[colorlib.com/polygon/elaadmin/icons/flag-icon-css/flags/rs.svg]
[colorlib.com/polygon/elaadmin/icons/flag-icon-css/flags/ru.svg]
[colorlib.com/polygon/elaadmin/icons/flag-icon-css/flags/rw.svg]
[colorlib.com/polygon/elaadmin/icons/flag-icon-css/flags/sa.svg]
[colorlib.com/polygon/elaadmin/icons/flag-icon-css/flags/sb.svg]
[colorlib.com/polygon/elaadmin/icons/flag-icon-css/flags/sc.svg]
[colorlib.com/polygon/elaadmin/icons/flag-icon-css/flags/sd.svg]
[colorlib.com/polygon/elaadmin/icons/flag-icon-css/flags/se.svg]
[colorlib.com/polygon/elaadmin/icons/flag-icon-css/flags/sg.svg]
[colorlib.com/polygon/elaadmin/icons/flag-icon-css/flags/sh.svg]
[colorlib.com/polygon/elaadmin/icons/flag-icon-css/flags/si.svg]
[colorlib.com/polygon/elaadmin/icons/flag-icon-css/flags/sj.svg]
[colorlib.com/polygon/elaadmin/icons/flag-icon-css/flags/sk.svg]
[colorlib.com/polygon/elaadmin/icons/flag-icon-css/flags/sl.svg]
[colorlib.com/polygon/elaadmin/icons/flag-icon-css/flags/sm.svg]
[colorlib.com/polygon/elaadmin/icons/flag-icon-css/flags/sn.svg]
[colorlib.com/polygon/elaadmin/icons/flag-icon-css/flags/so.svg]
[colorlib.com/polygon/elaadmin/icons/flag-icon-css/flags/sr.svg]
[colorlib.com/polygon/elaadmin/icons/flag-icon-css/flags/ss.svg]
[colorlib.com/polygon/elaadmin/icons/flag-icon-css/flags/st.svg]
[colorlib.com/polygon/elaadmin/icons/flag-icon-css/flags/sv.svg]
[colorlib.com/polygon/elaadmin/icons/flag-icon-css/flags/sx.svg]
[colorlib.com/polygon/elaadmin/icons/flag-icon-css/flags/sy.svg]
[colorlib.com/polygon/elaadmin/icons/flag-icon-css/flags/sz.svg]
[colorlib.com/polygon/elaadmin/icons/flag-icon-css/flags/tc.svg]
[colorlib.com/polygon/elaadmin/icons/flag-icon-css/flags/td.svg]
[colorlib.com/polygon/elaadmin/icons/flag-icon-css/flags/tf.svg]
[colorlib.com/polygon/elaadmin/icons/flag-icon-css/flags/tg.svg]
[colorlib.com/polygon/elaadmin/icons/flag-icon-css/flags/th.svg]
[colorlib.com/polygon/elaadmin/icons/flag-icon-css/flags/tj.svg]
[colorlib.com/polygon/elaadmin/icons/flag-icon-css/flags/tk.svg]
[colorlib.com/polygon/elaadmin/icons/flag-icon-css/flags/tl.svg]
[colorlib.com/polygon/elaadmin/icons/flag-icon-css/flags/tn.svg]
[colorlib.com/polygon/elaadmin/icons/flag-icon-css/flags/tm.svg]
[colorlib.com/polygon/elaadmin/icons/flag-icon-css/flags/to.svg]
[colorlib.com/polygon/elaadmin/icons/flag-icon-css/flags/tr.svg]
[colorlib.com/polygon/elaadmin/icons/flag-icon-css/flags/tt.svg]
[colorlib.com/polygon/elaadmin/icons/flag-icon-css/flags/tv.svg]
[colorlib.com/polygon/elaadmin/icons/flag-icon-css/flags/tw.svg]
[colorlib.com/polygon/elaadmin/icons/flag-icon-css/flags/tz.svg]
[colorlib.com/polygon/elaadmin/icons/flag-icon-css/flags/ua.svg]
[colorlib.com/polygon/elaadmin/icons/flag-icon-css/flags/ug.svg]
[colorlib.com/polygon/elaadmin/icons/flag-icon-css/flags/um.svg]
[colorlib.com/polygon/elaadmin/icons/flag-icon-css/flags/us.svg]
[colorlib.com/polygon/elaadmin/icons/flag-icon-css/flags/uy.svg]
[colorlib.com/polygon/elaadmin/icons/flag-icon-css/flags/uz.svg]
[colorlib.com/polygon/elaadmin/icons/flag-icon-css/flags/va.svg]
[colorlib.com/polygon/elaadmin/icons/flag-icon-css/flags/vc.svg]
[colorlib.com/polygon/elaadmin/icons/flag-icon-css/flags/ve.svg]
[colorlib.com/polygon/elaadmin/icons/flag-icon-css/flags/vg.svg]
[colorlib.com/polygon/elaadmin/icons/flag-icon-css/flags/vi.svg]
[colorlib.com/polygon/elaadmin/icons/flag-icon-css/flags/vn.svg]
[colorlib.com/polygon/elaadmin/icons/flag-icon-css/flags/vu.svg]
[colorlib.com/polygon/elaadmin/icons/flag-icon-css/flags/wf.svg]
[colorlib.com/polygon/elaadmin/icons/flag-icon-css/flags/ws.svg]
[colorlib.com/polygon/elaadmin/icons/flag-icon-css/flags/ye.svg]
[colorlib.com/polygon/elaadmin/icons/flag-icon-css/flags/yt.svg]
[colorlib.com/polygon/elaadmin/icons/flag-icon-css/flags/za.svg]
[colorlib.com/polygon/elaadmin/icons/flag-icon-css/flag-icon.min.css]
[colorlib.com/polygon/elaadmin/icons/flag-icon-css/flags/zm.svg]
[colorlib.com/polygon/elaadmin/icons/flag-icon-css/flags/zw.svg]
[colorlib.com/polygon/elaadmin/icons/material-design-iconic-font/fonts/materialdesignicons-webfontdc99dc99.eot]
[colorlib.com/polygon/elaadmin/icons/material-design-iconic-font/fonts/materialdesignicons-webfontd41dd41d.eot]
[colorlib.com/polygon/elaadmin/icons/material-design-iconic-font/fonts/materialdesignicons-webfontdc99dc99.woff2]
[colorlib.com/polygon/elaadmin/icons/material-design-iconic-font/fonts/materialdesignicons-webfontdc99dc99.woff]
[colorlib.com/polygon/elaadmin/icons/material-design-iconic-font/fonts/materialdesignicons-webfontdc99dc99.ttf]
[colorlib.com/polygon/elaadmin/icons/material-design-iconic-font/css/materialdesignicons.min.css]
[colorlib.com/polygon/elaadmin/css/spinners.css]
[colorlib.com/polygon/elaadmin/css/animate.css]
[colorlib.com/polygon/elaadmin/css/lib/chartist/chartist.min.css]
[colorlib.com/polygon/elaadmin/index2.html]
[colorlib.com/polygon/elaadmin/icons/material-design-iconic-font/fonts/materialdesignicons-webfontdc99dc99.svg]
[colorlib.com/polygon/elaadmin/images/users/avatar-1.jpg]
[colorlib.com/polygon/elaadmin/images/big/img1.jpg]
[colorlib.com/polygon/elaadmin/images/big/img2.jpg]
[colorlib.com/polygon/elaadmin/images/big/img3.jpg]
[colorlib.com/polygon/elaadmin/images/big/img4.jpg]
[colorlib.com/polygon/elaadmin/images/users/avatar-3.jpg]
[colorlib.com/polygon/elaadmin/app-profile.html]
[colorlib.com/polygon/elaadmin/widget.html]
[colorlib.com/polygon/elaadmin/app-email-compose.html]
[colorlib.com/polygon/elaadmin/css/lib/amchart/export.css]
[colorlib.com/polygon/elaadmin/css/lib/nestable/nestable.css]
[colorlib.com/polygon/elaadmin/css/lib/sweetalert/sweetalert.css]
[colorlib.com/polygon/elaadmin/css/lib/toastr/toastr.min.css]
[colorlib.com/polygon/elaadmin/css/lib/html5-editor/bootstrap-wysihtml5.css]
[colorlib.com/polygon/elaadmin/css/lib/dropzone/dropzone.css]
[colorlib.com/polygon/elaadmin/pages-profile.html]
[colorlib.com/polygon/elaadmin/css/lib/vector-map/jqvmap.min.css]
[colorlib.com/polygon/elaadmin/icons/font-awesome/fonts/fontawesome-webfont3e6e3e6e.svg]
[colorlib.com/polygon/elaadmin/icons/simple-line-icons/fonts/Simple-Line-Icons4c824c82.svg]
[colorlib.com/polygon/elaadmin/icons/linea-icons/fonts/linea-arrows-10.svg]
[colorlib.com/polygon/elaadmin/icons/linea-icons/fonts/linea-basic-10.svg]
[colorlib.com/polygon/elaadmin/icons/linea-icons/fonts/linea-basic-elaboration-10.svg]
[colorlib.com/polygon/elaadmin/icons/linea-icons/fonts/linea-ecommerce-10.svg]
[colorlib.com/polygon/elaadmin/icons/linea-icons/fonts/linea-music-10.svg]
[colorlib.com/polygon/elaadmin/icons/linea-icons/fonts/linea-software-10.svg]
[colorlib.com/polygon/elaadmin/icons/linea-icons/fonts/linea-weather-10.svg]
[colorlib.com/polygon/elaadmin/icons/themify-icons/fonts/themify9f249f24.svg]
[colorlib.com/polygon/elaadmin/icons/flag-icon-css/flags/ad.svg]
[colorlib.com/polygon/elaadmin/icons/flag-icon-css/flags/ae.svg]
[colorlib.com/polygon/elaadmin/icons/flag-icon-css/flags/af.svg]
[colorlib.com/polygon/elaadmin/icons/flag-icon-css/flags/ag.svg]
[colorlib.com/polygon/elaadmin/icons/flag-icon-css/flags/ai.svg]
[colorlib.com/polygon/elaadmin/icons/flag-icon-css/flags/al.svg]
[colorlib.com/polygon/elaadmin/icons/flag-icon-css/flags/am.svg]
[colorlib.com/polygon/elaadmin/icons/flag-icon-css/flags/ao.svg]
[colorlib.com/polygon/elaadmin/icons/flag-icon-css/flags/aq.svg]
[colorlib.com/polygon/elaadmin/icons/flag-icon-css/flags/ar.svg]
[colorlib.com/polygon/elaadmin/icons/flag-icon-css/flags/as.svg]
[colorlib.com/polygon/elaadmin/icons/flag-icon-css/flags/at.svg]
[colorlib.com/polygon/elaadmin/icons/flag-icon-css/flags/au.svg]
[colorlib.com/polygon/elaadmin/icons/flag-icon-css/flags/aw.svg]
[colorlib.com/polygon/elaadmin/icons/flag-icon-css/flags/ax.svg]
[colorlib.com/polygon/elaadmin/icons/flag-icon-css/flags/az.svg]
[colorlib.com/polygon/elaadmin/icons/flag-icon-css/flags/ba.svg]
[colorlib.com/polygon/elaadmin/icons/flag-icon-css/flags/bb.svg]
[colorlib.com/polygon/elaadmin/icons/flag-icon-css/flags/bd.svg]
[colorlib.com/polygon/elaadmin/icons/flag-icon-css/flags/be.svg]
[colorlib.com/polygon/elaadmin/icons/flag-icon-css/flags/bf.svg]
[colorlib.com/polygon/elaadmin/icons/flag-icon-css/flags/bg.svg]
[colorlib.com/polygon/elaadmin/icons/flag-icon-css/flags/bh.svg]
[colorlib.com/polygon/elaadmin/icons/flag-icon-css/flags/bi.svg]
[colorlib.com/polygon/elaadmin/icons/flag-icon-css/flags/bj.svg]
[colorlib.com/polygon/elaadmin/icons/flag-icon-css/flags/bl.svg]
[colorlib.com/polygon/elaadmin/icons/flag-icon-css/flags/bm.svg]
[colorlib.com/polygon/elaadmin/icons/flag-icon-css/flags/bn.svg]
[colorlib.com/polygon/elaadmin/icons/flag-icon-css/flags/bo.svg]
[colorlib.com/polygon/elaadmin/icons/flag-icon-css/flags/bq.svg]
[colorlib.com/polygon/elaadmin/icons/flag-icon-css/flags/br.svg]
[colorlib.com/polygon/elaadmin/images/users/avatar-4.jpg]
[colorlib.com/polygon/elaadmin/icons/flag-icon-css/flags/bs.svg]
[colorlib.com/polygon/elaadmin/icons/flag-icon-css/flags/bt.svg]
[colorlib.com/polygon/elaadmin/icons/flag-icon-css/flags/bv.svg]
[colorlib.com/polygon/elaadmin/icons/flag-icon-css/flags/bw.svg]
[colorlib.com/polygon/elaadmin/icons/flag-icon-css/flags/by.svg]
[colorlib.com/polygon/elaadmin/icons/flag-icon-css/flags/bz.svg]
[colorlib.com/polygon/elaadmin/icons/flag-icon-css/flags/ca.svg]
[colorlib.com/polygon/elaadmin/icons/flag-icon-css/flags/cc.svg]
[colorlib.com/polygon/elaadmin/icons/flag-icon-css/flags/cd.svg]
[colorlib.com/polygon/elaadmin/icons/flag-icon-css/flags/cf.svg]
[colorlib.com/polygon/elaadmin/icons/flag-icon-css/flags/cg.svg]
[colorlib.com/polygon/elaadmin/icons/flag-icon-css/flags/ch.svg]
[colorlib.com/polygon/elaadmin/icons/flag-icon-css/flags/ci.svg]
[colorlib.com/polygon/elaadmin/icons/flag-icon-css/flags/ck.svg]
[colorlib.com/polygon/elaadmin/icons/flag-icon-css/flags/cl.svg]
[colorlib.com/polygon/elaadmin/icons/flag-icon-css/flags/cm.svg]
[colorlib.com/polygon/elaadmin/icons/flag-icon-css/flags/cn.svg]
[colorlib.com/polygon/elaadmin/icons/flag-icon-css/flags/co.svg]
[colorlib.com/polygon/elaadmin/icons/flag-icon-css/flags/cr.svg]
[colorlib.com/polygon/elaadmin/icons/flag-icon-css/flags/cu.svg]
[colorlib.com/polygon/elaadmin/icons/flag-icon-css/flags/cv.svg]
[colorlib.com/polygon/elaadmin/icons/flag-icon-css/flags/cw.svg]
[colorlib.com/polygon/elaadmin/icons/flag-icon-css/flags/cx.svg]
[colorlib.com/polygon/elaadmin/icons/flag-icon-css/flags/cy.svg]
[colorlib.com/polygon/elaadmin/icons/flag-icon-css/flags/cz.svg]
[colorlib.com/polygon/elaadmin/icons/flag-icon-css/flags/de.svg]
[colorlib.com/polygon/elaadmin/icons/flag-icon-css/flags/dj.svg]
[colorlib.com/polygon/elaadmin/icons/flag-icon-css/flags/dk.svg]
[colorlib.com/polygon/elaadmin/icons/flag-icon-css/flags/dm.svg]
[colorlib.com/polygon/elaadmin/icons/flag-icon-css/flags/do.svg]
[colorlib.com/polygon/elaadmin/icons/flag-icon-css/flags/dz.svg]
[colorlib.com/polygon/elaadmin/icons/flag-icon-css/flags/ec.svg]
[colorlib.com/polygon/elaadmin/icons/flag-icon-css/flags/ee.svg]
[colorlib.com/polygon/elaadmin/icons/flag-icon-css/flags/eg.svg]
[colorlib.com/polygon/elaadmin/icons/flag-icon-css/flags/eh.svg]
[colorlib.com/polygon/elaadmin/icons/flag-icon-css/flags/er.svg]
[colorlib.com/polygon/elaadmin/icons/flag-icon-css/flags/es.svg]
[colorlib.com/polygon/elaadmin/icons/flag-icon-css/flags/et.svg]
[colorlib.com/polygon/elaadmin/icons/flag-icon-css/flags/fi.svg]
[colorlib.com/polygon/elaadmin/icons/flag-icon-css/flags/fj.svg]
[colorlib.com/polygon/elaadmin/icons/flag-icon-css/flags/fk.svg]
[colorlib.com/polygon/elaadmin/icons/flag-icon-css/flags/fm.svg]
[colorlib.com/polygon/elaadmin/icons/flag-icon-css/flags/fo.svg]
[colorlib.com/polygon/elaadmin/icons/flag-icon-css/flags/fr.svg]
[colorlib.com/polygon/elaadmin/icons/flag-icon-css/flags/ga.svg]
[colorlib.com/polygon/elaadmin/icons/flag-icon-css/flags/gb.svg]
[colorlib.com/polygon/elaadmin/icons/flag-icon-css/flags/gd.svg]
[colorlib.com/polygon/elaadmin/icons/flag-icon-css/flags/ge.svg]
[colorlib.com/polygon/elaadmin/icons/flag-icon-css/flags/gf.svg]
[colorlib.com/polygon/elaadmin/icons/flag-icon-css/flags/gg.svg]
[colorlib.com/polygon/elaadmin/icons/flag-icon-css/flags/gh.svg]
[colorlib.com/polygon/elaadmin/icons/flag-icon-css/flags/gi.svg]
[colorlib.com/polygon/elaadmin/icons/flag-icon-css/flags/gl.svg]
[colorlib.com/polygon/elaadmin/icons/flag-icon-css/flags/gm.svg]
[colorlib.com/polygon/elaadmin/icons/flag-icon-css/flags/gn.svg]
[colorlib.com/polygon/elaadmin/icons/flag-icon-css/flags/gp.svg]
[colorlib.com/polygon/elaadmin/icons/flag-icon-css/flags/gq.svg]
[colorlib.com/polygon/elaadmin/icons/flag-icon-css/flags/gr.svg]
[colorlib.com/polygon/elaadmin/icons/flag-icon-css/flags/gs.svg]
[colorlib.com/polygon/elaadmin/icons/flag-icon-css/flags/gt.svg]
[colorlib.com/polygon/elaadmin/icons/flag-icon-css/flags/gu.svg]
[colorlib.com/polygon/elaadmin/icons/flag-icon-css/flags/gw.svg]
[colorlib.com/polygon/elaadmin/icons/flag-icon-css/flags/gy.svg]
[colorlib.com/polygon/elaadmin/icons/flag-icon-css/flags/hk.svg]
[colorlib.com/polygon/elaadmin/icons/flag-icon-css/flags/hm.svg]
[colorlib.com/polygon/elaadmin/icons/flag-icon-css/flags/hn.svg]
[colorlib.com/polygon/elaadmin/icons/flag-icon-css/flags/hr.svg]
[colorlib.com/polygon/elaadmin/icons/flag-icon-css/flags/ht.svg]
[colorlib.com/polygon/elaadmin/icons/flag-icon-css/flags/hu.svg]
[colorlib.com/polygon/elaadmin/icons/flag-icon-css/flags/id.svg]
[colorlib.com/polygon/elaadmin/icons/flag-icon-css/flags/ie.svg]
[colorlib.com/polygon/elaadmin/icons/flag-icon-css/flags/il.svg]
[colorlib.com/polygon/elaadmin/icons/flag-icon-css/flags/im.svg]
[colorlib.com/polygon/elaadmin/icons/flag-icon-css/flags/in.svg]
[colorlib.com/polygon/elaadmin/icons/flag-icon-css/flags/io.svg]
[colorlib.com/polygon/elaadmin/icons/flag-icon-css/flags/iq.svg]
[colorlib.com/polygon/elaadmin/icons/flag-icon-css/flags/ir.svg]
[colorlib.com/polygon/elaadmin/icons/flag-icon-css/flags/is.svg]
[colorlib.com/polygon/elaadmin/icons/flag-icon-css/flags/it.svg]
[colorlib.com/polygon/elaadmin/icons/flag-icon-css/flags/je.svg]
[colorlib.com/polygon/elaadmin/icons/flag-icon-css/flags/jm.svg]
[colorlib.com/polygon/elaadmin/icons/flag-icon-css/flags/jo.svg]
[colorlib.com/polygon/elaadmin/icons/flag-icon-css/flags/jp.svg]
[colorlib.com/polygon/elaadmin/icons/flag-icon-css/flags/ke.svg]
[colorlib.com/polygon/elaadmin/icons/flag-icon-css/flags/kg.svg]
[colorlib.com/polygon/elaadmin/icons/flag-icon-css/flags/kh.svg]
[colorlib.com/polygon/elaadmin/icons/flag-icon-css/flags/ki.svg]
[colorlib.com/polygon/elaadmin/icons/flag-icon-css/flags/km.svg]
[colorlib.com/polygon/elaadmin/icons/flag-icon-css/flags/kn.svg]
[colorlib.com/polygon/elaadmin/icons/flag-icon-css/flags/kp.svg]
[colorlib.com/polygon/elaadmin/icons/flag-icon-css/flags/kr.svg]
[colorlib.com/polygon/elaadmin/icons/flag-icon-css/flags/kw.svg]
[colorlib.com/polygon/elaadmin/icons/flag-icon-css/flags/ky.svg]
[colorlib.com/polygon/elaadmin/icons/flag-icon-css/flags/kz.svg]
[colorlib.com/polygon/elaadmin/icons/flag-icon-css/flags/la.svg]
[colorlib.com/polygon/elaadmin/icons/flag-icon-css/flags/lb.svg]
[colorlib.com/polygon/elaadmin/icons/flag-icon-css/flags/lc.svg]
[colorlib.com/polygon/elaadmin/icons/flag-icon-css/flags/li.svg]
[colorlib.com/polygon/elaadmin/icons/flag-icon-css/flags/lk.svg]
[colorlib.com/polygon/elaadmin/icons/flag-icon-css/flags/lr.svg]
[colorlib.com/polygon/elaadmin/icons/flag-icon-css/flags/ls.svg]
[colorlib.com/polygon/elaadmin/icons/flag-icon-css/flags/lt.svg]
[colorlib.com/polygon/elaadmin/icons/flag-icon-css/flags/lu.svg]
[colorlib.com/polygon/elaadmin/icons/flag-icon-css/flags/lv.svg]
[colorlib.com/polygon/elaadmin/icons/flag-icon-css/flags/ly.svg]
[colorlib.com/polygon/elaadmin/icons/flag-icon-css/flags/ma.svg]
[colorlib.com/polygon/elaadmin/icons/flag-icon-css/flags/mc.svg]
[colorlib.com/polygon/elaadmin/icons/flag-icon-css/flags/md.svg]
[colorlib.com/polygon/elaadmin/icons/flag-icon-css/flags/me.svg]
[colorlib.com/polygon/elaadmin/icons/flag-icon-css/flags/mf.svg]
[colorlib.com/polygon/elaadmin/icons/flag-icon-css/flags/mg.svg]
[colorlib.com/polygon/elaadmin/icons/flag-icon-css/flags/mh.svg]
[colorlib.com/polygon/elaadmin/icons/flag-icon-css/flags/mk.svg]
[colorlib.com/polygon/elaadmin/icons/flag-icon-css/flags/ml.svg]
[colorlib.com/polygon/elaadmin/icons/flag-icon-css/flags/mm.svg]
[colorlib.com/polygon/elaadmin/icons/flag-icon-css/flags/mn.svg]
[colorlib.com/polygon/elaadmin/icons/flag-icon-css/flags/mo.svg]
[colorlib.com/polygon/elaadmin/icons/flag-icon-css/flags/mp.svg]
[colorlib.com/polygon/elaadmin/icons/flag-icon-css/flags/mq.svg]
[colorlib.com/polygon/elaadmin/icons/flag-icon-css/flags/mr.svg]
[colorlib.com/polygon/elaadmin/icons/flag-icon-css/flags/ms.svg]
[colorlib.com/polygon/elaadmin/icons/flag-icon-css/flags/mt.svg]
[colorlib.com/polygon/elaadmin/icons/flag-icon-css/flags/mu.svg]
[colorlib.com/polygon/elaadmin/icons/flag-icon-css/flags/mv.svg]
[colorlib.com/polygon/elaadmin/icons/flag-icon-css/flags/mw.svg]
[colorlib.com/polygon/elaadmin/icons/flag-icon-css/flags/mx.svg]
[colorlib.com/polygon/elaadmin/icons/flag-icon-css/flags/my.svg]
[colorlib.com/polygon/elaadmin/icons/flag-icon-css/flags/mz.svg]
[colorlib.com/polygon/elaadmin/icons/flag-icon-css/flags/na.svg]
[colorlib.com/polygon/elaadmin/icons/flag-icon-css/flags/nc.svg]
[colorlib.com/polygon/elaadmin/icons/flag-icon-css/flags/ne.svg]
[colorlib.com/polygon/elaadmin/icons/flag-icon-css/flags/nf.svg]
[colorlib.com/polygon/elaadmin/icons/flag-icon-css/flags/ng.svg]
[colorlib.com/polygon/elaadmin/icons/flag-icon-css/flags/ni.svg]
[colorlib.com/polygon/elaadmin/icons/flag-icon-css/flags/nl.svg]
[colorlib.com/polygon/elaadmin/icons/flag-icon-css/flags/no.svg]
[colorlib.com/polygon/elaadmin/icons/flag-icon-css/flags/np.svg]
[colorlib.com/polygon/elaadmin/icons/flag-icon-css/flags/nr.svg]
[colorlib.com/polygon/elaadmin/icons/flag-icon-css/flags/nu.svg]
[colorlib.com/polygon/elaadmin/icons/flag-icon-css/flags/nz.svg]
[colorlib.com/polygon/elaadmin/icons/flag-icon-css/flags/om.svg]
[colorlib.com/polygon/elaadmin/icons/flag-icon-css/flags/pa.svg]
[colorlib.com/polygon/elaadmin/icons/flag-icon-css/flags/pe.svg]
[colorlib.com/polygon/elaadmin/icons/flag-icon-css/flags/pf.svg]
[colorlib.com/polygon/elaadmin/icons/flag-icon-css/flags/pg.svg]
[colorlib.com/polygon/elaadmin/icons/flag-icon-css/flags/ph.svg]
[colorlib.com/polygon/elaadmin/icons/flag-icon-css/flags/pk.svg]
[colorlib.com/polygon/elaadmin/icons/flag-icon-css/flags/pl.svg]
[colorlib.com/polygon/elaadmin/icons/flag-icon-css/flags/pm.svg]
[colorlib.com/polygon/elaadmin/icons/flag-icon-css/flags/pn.svg]
[colorlib.com/polygon/elaadmin/icons/flag-icon-css/flags/pr.svg]
[colorlib.com/polygon/elaadmin/icons/flag-icon-css/flags/ps.svg]
[colorlib.com/polygon/elaadmin/icons/flag-icon-css/flags/pt.svg]
[colorlib.com/polygon/elaadmin/icons/flag-icon-css/flags/pw.svg]
[colorlib.com/polygon/elaadmin/icons/flag-icon-css/flags/py.svg]
[colorlib.com/polygon/elaadmin/icons/flag-icon-css/flags/qa.svg]
[colorlib.com/polygon/elaadmin/icons/flag-icon-css/flags/re.svg]
[colorlib.com/polygon/elaadmin/icons/flag-icon-css/flags/ro.svg]
[colorlib.com/polygon/elaadmin/icons/flag-icon-css/flags/rs.svg]
[colorlib.com/polygon/elaadmin/icons/flag-icon-css/flags/ru.svg]
[colorlib.com/polygon/elaadmin/icons/flag-icon-css/flags/rw.svg]
[colorlib.com/polygon/elaadmin/icons/flag-icon-css/flags/sa.svg]
[colorlib.com/polygon/elaadmin/icons/flag-icon-css/flags/sb.svg]
[colorlib.com/polygon/elaadmin/icons/flag-icon-css/flags/sc.svg]
[colorlib.com/polygon/elaadmin/icons/flag-icon-css/flags/sd.svg]
[colorlib.com/polygon/elaadmin/icons/flag-icon-css/flags/se.svg]
[colorlib.com/polygon/elaadmin/icons/flag-icon-css/flags/sg.svg]
[colorlib.com/polygon/elaadmin/icons/flag-icon-css/flags/sh.svg]
[colorlib.com/polygon/elaadmin/icons/flag-icon-css/flags/si.svg]
[colorlib.com/polygon/elaadmin/icons/flag-icon-css/flags/sj.svg]
[colorlib.com/polygon/elaadmin/icons/flag-icon-css/flags/sk.svg]
[colorlib.com/polygon/elaadmin/icons/flag-icon-css/flags/sl.svg]
[colorlib.com/polygon/elaadmin/icons/flag-icon-css/flags/sm.svg]
[colorlib.com/polygon/elaadmin/icons/flag-icon-css/flags/sn.svg]
[colorlib.com/polygon/elaadmin/icons/flag-icon-css/flags/so.svg]
[colorlib.com/polygon/elaadmin/icons/flag-icon-css/flags/sr.svg]
[colorlib.com/polygon/elaadmin/icons/flag-icon-css/flags/ss.svg]
[colorlib.com/polygon/elaadmin/icons/flag-icon-css/flags/st.svg]
[colorlib.com/polygon/elaadmin/icons/flag-icon-css/flags/sv.svg]
[colorlib.com/polygon/elaadmin/icons/flag-icon-css/flags/sx.svg]
[colorlib.com/polygon/elaadmin/icons/flag-icon-css/flags/sy.svg]
[colorlib.com/polygon/elaadmin/icons/flag-icon-css/flags/sz.svg]
[colorlib.com/polygon/elaadmin/icons/flag-icon-css/flags/tc.svg]
[colorlib.com/polygon/elaadmin/icons/flag-icon-css/flags/td.svg]
[colorlib.com/polygon/elaadmin/icons/flag-icon-css/flags/tf.svg]
[colorlib.com/polygon/elaadmin/icons/flag-icon-css/flags/tg.svg]
[colorlib.com/polygon/elaadmin/icons/flag-icon-css/flags/th.svg]
[colorlib.com/polygon/elaadmin/icons/flag-icon-css/flags/tj.svg]
[colorlib.com/polygon/elaadmin/icons/flag-icon-css/flags/tk.svg]
[colorlib.com/polygon/elaadmin/icons/flag-icon-css/flags/tl.svg]
[colorlib.com/polygon/elaadmin/icons/flag-icon-css/flags/tm.svg]
[colorlib.com/polygon/elaadmin/icons/flag-icon-css/flags/tn.svg]
[colorlib.com/polygon/elaadmin/icons/flag-icon-css/flags/to.svg]
[colorlib.com/polygon/elaadmin/icons/flag-icon-css/flags/tr.svg]
[colorlib.com/polygon/elaadmin/icons/flag-icon-css/flags/tt.svg]
[colorlib.com/polygon/elaadmin/icons/flag-icon-css/flags/tv.svg]
[colorlib.com/polygon/elaadmin/icons/flag-icon-css/flags/tw.svg]
[colorlib.com/polygon/elaadmin/icons/flag-icon-css/flags/tz.svg]
[colorlib.com/polygon/elaadmin/icons/flag-icon-css/flags/ua.svg]
[colorlib.com/polygon/elaadmin/icons/flag-icon-css/flags/ug.svg]
[colorlib.com/polygon/elaadmin/icons/flag-icon-css/flags/um.svg]
[colorlib.com/polygon/elaadmin/icons/flag-icon-css/flags/us.svg]
[colorlib.com/polygon/elaadmin/icons/flag-icon-css/flags/uy.svg]
[colorlib.com/polygon/elaadmin/icons/flag-icon-css/flags/uz.svg]
[colorlib.com/polygon/elaadmin/icons/flag-icon-css/flags/va.svg]
[colorlib.com/polygon/elaadmin/icons/flag-icon-css/flags/vc.svg]
[colorlib.com/polygon/elaadmin/icons/flag-icon-css/flags/ve.svg]
[colorlib.com/polygon/elaadmin/icons/flag-icon-css/flags/vg.svg]
[colorlib.com/polygon/elaadmin/icons/flag-icon-css/flags/vi.svg]
[colorlib.com/polygon/elaadmin/icons/flag-icon-css/flags/vn.svg]
[colorlib.com/polygon/elaadmin/icons/flag-icon-css/flags/vu.svg]
[colorlib.com/polygon/elaadmin/icons/flag-icon-css/flags/wf.svg]
[colorlib.com/polygon/elaadmin/icons/flag-icon-css/flags/ws.svg]
[colorlib.com/polygon/elaadmin/icons/flag-icon-css/flags/ye.svg]
[colorlib.com/polygon/elaadmin/icons/flag-icon-css/flags/yt.svg]
[colorlib.com/polygon/elaadmin/icons/flag-icon-css/flags/za.svg]
[colorlib.com/polygon/elaadmin/icons/flag-icon-css/flags/zm.svg]
[colorlib.com/polygon/elaadmin/icons/flag-icon-css/flags/zw.svg]
[colorlib.com/polygon/elaadmin/icons/material-design-iconic-font/fonts/materialdesignicons-webfontdc99dc99.svg]
