[www.urbanui.com/chroma/index.html]
[backblue.gif]
[fade.gif]
[index.html]
[www.urbanui.com/chroma/vendors/iconfonts/mdi/css/materialdesignicons.min.css]
[www.urbanui.com/chroma/vendors/iconfonts/flag-icon-css/css/flag-icon.min.css]
[www.urbanui.com/chroma/vendors/iconfonts/simple-line-icon/css/simple-line-icons.css]
[www.urbanui.com/chroma/vendors/css/vendor.bundle.base.css]
[www.urbanui.com/chroma/images/favicon.png]
[www.urbanui.com/chroma/vendors/css/vendor.bundle.addons.css]
[www.urbanui.com/chroma/css/style.css]
[www.urbanui.com/chroma/index-2.html]
[www.urbanui.com/chroma/images/faces/face4.jpg]
[www.urbanui.com/chroma/images/faces/face2.jpg]
[www.urbanui.com/chroma/images/faces/face3.jpg]
[www.urbanui.com/chroma/pages/layout/horizontal-menu.html]
[www.urbanui.com/chroma/pages/layout/rtl-layout.html]
[www.urbanui.com/chroma/pages/layout/horizontal-menu-2.html]
[www.urbanui.com/chroma/pages/layout/boxed-layout.html]
[www.urbanui.com/chroma/pages/apps/calendar.html]
[www.urbanui.com/chroma/pages/apps/email.html]
[www.urbanui.com/chroma/pages/apps/todo.html]
[www.urbanui.com/chroma/pages/apps/gallery.html]
[www.urbanui.com/chroma/pages/layout/compact-menu.html]
[www.urbanui.com/chroma/pages/layout/sidebar-collapsed.html]
[www.urbanui.com/chroma/pages/layout/sidebar-hidden.html]
[www.urbanui.com/chroma/pages/widgets.html]
[www.urbanui.com/chroma/pages/layout/sidebar-hidden-overlay.html]
[www.urbanui.com/chroma/pages/layout/sidebar-fixed.html]
[www.urbanui.com/chroma/pages/ui-features/accordions.html]
[www.urbanui.com/chroma/pages/ui-features/buttons.html]
[www.urbanui.com/chroma/pages/ui-features/badges.html]
[www.urbanui.com/chroma/pages/ui-features/breadcrumbs.html]
[www.urbanui.com/chroma/pages/ui-features/dropdowns.html]
[www.urbanui.com/chroma/pages/ui-features/modals.html]
[www.urbanui.com/chroma/pages/ui-features/pagination.html]
[www.urbanui.com/chroma/pages/ui-features/tabs.html]
[www.urbanui.com/chroma/pages/ui-features/typography.html]
[www.urbanui.com/chroma/pages/ui-features/progress.html]
[www.urbanui.com/chroma/pages/ui-features/dragula.html]
[www.urbanui.com/chroma/pages/ui-features/clipboard.html]
[www.urbanui.com/chroma/pages/ui-features/tooltips.html]
[www.urbanui.com/chroma/pages/ui-features/slider.html]
[www.urbanui.com/chroma/pages/ui-features/context-menu.html]
[www.urbanui.com/chroma/pages/ui-features/carousel.html]
[www.urbanui.com/chroma/pages/ui-features/colcade.html]
[www.urbanui.com/chroma/pages/ui-features/loaders.html]
[www.urbanui.com/chroma/pages/forms/basic_elements.html]
[www.urbanui.com/chroma/pages/forms/advanced_elements.html]
[www.urbanui.com/chroma/pages/forms/validation.html]
[www.urbanui.com/chroma/pages/forms/wizard.html]
[www.urbanui.com/chroma/pages/forms/text_editor.html]
[www.urbanui.com/chroma/pages/charts/chartjs.html]
[www.urbanui.com/chroma/pages/charts/morris.html]
[www.urbanui.com/chroma/pages/forms/code_editor.html]
[www.urbanui.com/chroma/pages/charts/flot-chart.html]
[www.urbanui.com/chroma/pages/charts/google-charts.html]
[www.urbanui.com/chroma/pages/charts/c3.html]
[www.urbanui.com/chroma/pages/charts/chartist.html]
[www.urbanui.com/chroma/pages/charts/sparkline.html]
[www.urbanui.com/chroma/pages/charts/justGage.html]
[www.urbanui.com/chroma/pages/tables/data-table.html]
[www.urbanui.com/chroma/pages/tables/js-grid.html]
[www.urbanui.com/chroma/pages/tables/sortable-table.html]
[www.urbanui.com/chroma/pages/tables/basic-table.html]
[www.urbanui.com/chroma/pages/ui-features/notifications.html]
[www.urbanui.com/chroma/pages/ui-features/popups.html]
[www.urbanui.com/chroma/pages/icons/flag-icons.html]
[www.urbanui.com/chroma/pages/icons/font-awesome.html]
[www.urbanui.com/chroma/pages/icons/themify.html]
[www.urbanui.com/chroma/pages/maps/mapeal.html]
[www.urbanui.com/chroma/pages/icons/simple-line-icon.html]
[www.urbanui.com/chroma/pages/maps/vector-map.html]
[www.urbanui.com/chroma/pages/samples/login.html]
[www.urbanui.com/chroma/pages/maps/google-maps.html]
[www.urbanui.com/chroma/pages/samples/login-2.html]
[www.urbanui.com/chroma/pages/samples/register.html]
[www.urbanui.com/chroma/pages/samples/register-2.html]
[www.urbanui.com/chroma/pages/samples/lock-screen.html]
[www.urbanui.com/chroma/pages/samples/error-404.html]
[www.urbanui.com/chroma/pages/samples/error-500.html]
[www.urbanui.com/chroma/pages/samples/blank-page.html]
[www.urbanui.com/chroma/pages/samples/profile.html]
[www.urbanui.com/chroma/pages/samples/faq.html]
[www.urbanui.com/chroma/pages/samples/news-grid.html]
[www.urbanui.com/chroma/pages/samples/search-results.html]
[www.urbanui.com/chroma/pages/samples/faq-2.html]
[www.urbanui.com/chroma/pages/samples/pricing-table.html]
[www.urbanui.com/chroma/pages/samples/invoice.html]
[www.urbanui.com/chroma/pages/samples/orders.html]
[www.urbanui.com/chroma/images/faces/face5.jpg]
[www.urbanui.com/chroma/images/faces/face7.jpg]
[www.urbanui.com/chroma/documentation/documentation.html]
[www.urbanui.com/chroma/images/faces/face6.jpg]
[www.urbanui.com/chroma/js/off-canvas.js]
[www.urbanui.com/chroma/js/hoverable-collapse.js]
[www.urbanui.com/chroma/js/misc.js]
[www.urbanui.com/chroma/js/settings.js]
[www.urbanui.com/chroma/js/todolist.js]
[www.urbanui.com/chroma/index.html]
[www.urbanui.com/chroma/vendors/iconfonts/mdi/fonts/materialdesignicons-webfontb675.eot]
[www.urbanui.com/chroma/vendors/js/vendor.bundle.base.js]
[www.urbanui.com/chroma/js/dashboard.js]
[www.urbanui.com/chroma/vendors/iconfonts/mdi/fonts/materialdesignicons-webfontd41d.eot]
[www.urbanui.com/chroma/vendors/iconfonts/mdi/fonts/materialdesignicons-webfontb675.woff]
[www.urbanui.com/chroma/vendors/iconfonts/mdi/fonts/materialdesignicons-webfontb675.ttf]
[www.urbanui.com/chroma/vendors/iconfonts/mdi/css/materialdesignicons.min.css]
[www.urbanui.com/chroma/vendors/js/vendor.bundle.addons.js]
[www.urbanui.com/chroma/vendors/iconfonts/flag-icon-css/css/flag-icon.min.css]
[www.urbanui.com/chroma/vendors/iconfonts/simple-line-icon/fonts/Simple-Line-Iconsb26c.eot]
[www.urbanui.com/chroma/vendors/iconfonts/simple-line-icon/fonts/Simple-Line-Iconsb26c.ttf]
[www.urbanui.com/chroma/vendors/iconfonts/simple-line-icon/css/simple-line-icons.css]
[www.urbanui.com/chroma/vendors/css/vendor.bundle.base.css]
[www.urbanui.com/chroma/vendors/fonts/dropify.273.delayed]
[www.urbanui.com/chroma/vendors/fonts/dropify.276.delayed]
[www.urbanui.com/chroma/vendors/images/transparent.png]
[www.urbanui.com/chroma/vendors/images/saturation.png]
[www.urbanui.com/chroma/vendors/images/hue.png]
[www.urbanui.com/chroma/vendors/images/alpha.png]
[www.urbanui.com/chroma/vendors/img/loading.gif]
[www.urbanui.com/chroma/vendors/img/clear.png]
[www.urbanui.com/chroma/vendors/css/minimal/_all.css]
[www.urbanui.com/chroma/vendors/css/square/_all.css]
[www.urbanui.com/chroma/vendors/css/flat/_all.css]
[www.urbanui.com/chroma/vendors/css/line/_all.css]
[www.urbanui.com/chroma/vendors/css/polaris/polaris.css]
[www.urbanui.com/chroma/vendors/css/futurico/futurico.css]
[www.urbanui.com/chroma/vendors/css/owl.video.play.png]
[www.urbanui.com/chroma/vendors/css/font/context-menu-icons78f9.eot]
[www.urbanui.com/chroma/vendors/css/font/context-menu-icons78f9.woff2]
[www.urbanui.com/chroma/vendors/css/font/context-menu-icons78f9.woff]
[www.urbanui.com/chroma/vendors/css/font/context-menu-icons78f9.ttf]
[www.urbanui.com/chroma/vendors/css/vendor.bundle.addons.css]
[www.urbanui.com/chroma/vendors/img/sprite-skin-flat.png]
[www.urbanui.com/chroma/images/samples/dashboard_news-bg.png]
[www.urbanui.com/chroma/images/sprites/jsgrid-icons.png]
[www.urbanui.com/chroma/images/auth/login_1.jpg]
[www.urbanui.com/chroma/images/auth/register.jpg]
[www.urbanui.com/chroma/images/auth/login_2.jpg]
[www.urbanui.com/chroma/images/auth/register_2.jpg]
[www.urbanui.com/chroma/css/style.css]
[www.urbanui.com/chroma/index-2.html]
[www.urbanui.com/chroma/images/logo.svg]
[www.urbanui.com/chroma/images/samples/profile_page/profile_header_banner.jpg]
[www.urbanui.com/chroma/images/faces/face1.jpg]
[www.urbanui.com/chroma/pages/layout/boxed-layout.html]
[www.urbanui.com/chroma/pages/layout/rtl-layout.html]
[www.urbanui.com/chroma/pages/layout/horizontal-menu.html]
[www.urbanui.com/chroma/pages/layout/horizontal-menu-2.html]
[www.urbanui.com/chroma/images/faces/face20.jpg]
[www.urbanui.com/chroma/images/faces/face12.jpg]
[www.urbanui.com/chroma/images/faces/face25.jpg]
[www.urbanui.com/chroma/images/faces/face10.jpg]
[www.urbanui.com/chroma/images/faces/face23.jpg]
[www.urbanui.com/chroma/images/faces/face11.jpg]
[www.urbanui.com/chroma/pages/apps/email.html]
[www.urbanui.com/chroma/pages/apps/calendar.html]
[www.urbanui.com/chroma/pages/apps/todo.html]
[www.urbanui.com/chroma/vendors/lightgallery/css/lightgallery.css]
[www.urbanui.com/chroma/images/samples/1280x768/1.jpg]
[www.urbanui.com/chroma/images/samples/300x300/1.jpg]
[www.urbanui.com/chroma/images/samples/1280x768/2.jpg]
[www.urbanui.com/chroma/images/samples/300x300/2.jpg]
[www.urbanui.com/chroma/images/samples/1280x768/3.jpg]
[www.urbanui.com/chroma/images/samples/300x300/3.jpg]
[www.urbanui.com/chroma/images/samples/300x300/4.jpg]
[www.urbanui.com/chroma/images/samples/1280x768/5.jpg]
[www.urbanui.com/chroma/images/samples/300x300/5.jpg]
[www.urbanui.com/chroma/images/samples/1280x768/6.jpg]
[www.urbanui.com/chroma/images/samples/300x300/6.jpg]
[www.urbanui.com/chroma/images/samples/1280x768/7.jpg]
[www.urbanui.com/chroma/images/samples/1280x768/8.jpg]
[www.urbanui.com/chroma/images/samples/300x300/8.jpg]
[www.urbanui.com/chroma/images/samples/300x300/9.jpg]
[www.urbanui.com/chroma/images/samples/300x300/10.jpg]
[www.urbanui.com/chroma/images/samples/300x300/11.jpg]
[www.urbanui.com/chroma/images/samples/1280x768/12.jpg]
[www.urbanui.com/chroma/images/lightbox/thumb-v-y-1.jpg]
[www.urbanui.com/chroma/images/lightbox/play-button.png]
[www.urbanui.com/chroma/images/lightbox/thumb-v-y-2.jpg]
[www.urbanui.com/chroma/images/lightbox/thumb-v-v-2.jpg]
[www.urbanui.com/chroma/pages/apps/gallery.html]
[www.urbanui.com/chroma/js/light-gallery.js]
[www.urbanui.com/chroma/images/faces/face8.jpg]
[www.urbanui.com/chroma/pages/widgets.html]
[www.urbanui.com/chroma/pages/layout/compact-menu.html]
[www.urbanui.com/chroma/pages/layout/sidebar-collapsed.html]
[www.urbanui.com/chroma/pages/layout/sidebar-hidden.html]
[www.urbanui.com/chroma/pages/layout/sidebar-hidden-overlay.html]
[www.urbanui.com/chroma/pages/layout/sidebar-fixed.html]
[www.urbanui.com/chroma/pages/ui-features/accordions.html]
[www.urbanui.com/chroma/pages/ui-features/buttons.html]
[www.urbanui.com/chroma/pages/ui-features/badges.html]
[www.urbanui.com/chroma/pages/ui-features/breadcrumbs.html]
[www.urbanui.com/chroma/pages/ui-features/dropdowns.html]
[www.urbanui.com/chroma/js/modal-demo.js]
[www.urbanui.com/chroma/pages/ui-features/modals.html]
[www.urbanui.com/chroma/js/progress-bar.js]
[www.urbanui.com/chroma/pages/ui-features/progress.html]
[www.urbanui.com/chroma/pages/ui-features/pagination.html]
[www.urbanui.com/chroma/js/paginate.js]
[www.urbanui.com/chroma/images/samples/tab_preview/01.png]
[www.urbanui.com/chroma/images/samples/tab_preview/04.png]
[www.urbanui.com/chroma/images/samples/tab_preview/05.png]
[www.urbanui.com/chroma/images/samples/tab_preview/03.png]
[www.urbanui.com/chroma/images/samples/tab_preview/02.png]
[www.urbanui.com/chroma/js/tabs.js]
[www.urbanui.com/chroma/pages/ui-features/tabs.html]
[www.urbanui.com/chroma/pages/ui-features/typography.html]
[www.urbanui.com/chroma/js/tooltips.js]
[www.urbanui.com/chroma/js/popover.js]
[www.urbanui.com/chroma/pages/ui-features/tooltips.html]
[www.urbanui.com/chroma/js/dragula.js]
[www.urbanui.com/chroma/pages/ui-features/dragula.html]
[www.urbanui.com/chroma/js/clipboard.js]
[www.urbanui.com/chroma/pages/ui-features/clipboard.html]
[www.urbanui.com/chroma/js/context-menu.js]
[www.urbanui.com/chroma/pages/ui-features/context-menu.html]
[www.urbanui.com/chroma/pages/ui-features/slider.html]
[www.urbanui.com/chroma/js/no-ui-slider.js]
[www.urbanui.com/chroma/images/carousel/banner_12.jpg]
[www.urbanui.com/chroma/images/carousel/banner_2.jpg]
[www.urbanui.com/chroma/images/carousel/banner_1.jpg]
[www.urbanui.com/chroma/images/carousel/banner_4.jpg]
[www.urbanui.com/chroma/images/carousel/banner_5.jpg]
[www.urbanui.com/chroma/images/carousel/banner_6.jpg]
[www.urbanui.com/chroma/images/carousel/banner_7.jpg]
[www.urbanui.com/chroma/images/carousel/banner_8.jpg]
[www.urbanui.com/chroma/images/carousel/banner_9.jpg]
[www.urbanui.com/chroma/images/carousel/banner_10.jpg]
[www.urbanui.com/chroma/images/carousel/banner_11.jpg]
[www.urbanui.com/chroma/images/carousel/banner_3.jpg]
[www.urbanui.com/chroma/pages/ui-features/carousel.html]
[www.urbanui.com/chroma/pages/ui-features/colcade.html]
[www.urbanui.com/chroma/pages/ui-features/loaders.html]
[www.urbanui.com/chroma/js/owl-carousel.js]
[www.urbanui.com/chroma/vendors/icheck/skins/all.css]
[www.urbanui.com/chroma/js/file-upload.js]
[www.urbanui.com/chroma/js/iCheck.js]
[www.urbanui.com/chroma/js/typeahead.js]
[www.urbanui.com/chroma/pages/forms/basic_elements.html]
[www.urbanui.com/chroma/js/select2.js]
[www.urbanui.com/chroma/vendors/iconfonts/font-awesome/css/font-awesome.min.css]
[www.urbanui.com/chroma/pages/images/favicon.png]
[www.urbanui.com/chroma/pages/forms/dropify.html]
[www.urbanui.com/chroma/js/formpickers.js]
[www.urbanui.com/chroma/js/form-addons.js]
[www.urbanui.com/chroma/js/x-editable.js]
[www.urbanui.com/chroma/js/dropify.js]
[www.urbanui.com/chroma/js/dropzone.js]
[www.urbanui.com/chroma/js/jquery-file-upload.js]
[www.urbanui.com/chroma/pages/forms/advanced_elements.html]
[www.urbanui.com/chroma/js/form-repeater.js]
[www.urbanui.com/chroma/pages/forms/validation.html]
[www.urbanui.com/chroma/js/bt-maxLength.js]
[www.urbanui.com/chroma/pages/forms/wizard.html]
[www.urbanui.com/chroma/js/wizard.js]
[www.urbanui.com/chroma/vendors/summernote/dist/summernote-bs4.css]
[www.urbanui.com/chroma/vendors/tinymce/themes/modern/theme.js]
[www.urbanui.com/chroma/pages/forms/text_editor.html]
[www.urbanui.com/chroma/js/editorDemo.js]
[www.urbanui.com/chroma/pages/forms/lib/codemirror.2ef.delayed]
[www.urbanui.com/chroma/pages/forms/lib/codemirror.js]
[www.urbanui.com/chroma/vendors/summernote/dist/summernote-bs4.min.js]
[www.urbanui.com/chroma/pages/forms/code_editor.html]
[www.urbanui.com/chroma/js/codeEditor.js]
[www.urbanui.com/chroma/pages/charts/images/favicon.png]
[www.urbanui.com/chroma/pages/charts/chartjs.html]
[www.urbanui.com/chroma/js/chart.js]
[www.urbanui.com/chroma/pages/charts/morris.html]
[www.urbanui.com/chroma/js/morris.js]
[www.urbanui.com/chroma/pages/charts/flot-chart.html]
[www.urbanui.com/chroma/js/float-chart.js]
[www.urbanui.com/chroma/pages/charts/google-charts.html]
[www.urbanui.com/chroma/js/google-charts.js]
[www.urbanui.com/chroma/pages/charts/sparkline.html]
[www.urbanui.com/chroma/js/sparkline.js]
[www.urbanui.com/chroma/pages/charts/c3.html]
[www.urbanui.com/chroma/js/c3.js]
[www.urbanui.com/chroma/pages/charts/chartist.html]
[www.urbanui.com/chroma/js/chartist.js]
[www.urbanui.com/chroma/pages/charts/justGage.html]
[www.urbanui.com/chroma/js/just-gage.js]
[www.urbanui.com/chroma/pages/tables/images/favicon.png]
[www.urbanui.com/chroma/images/faces-clipart/pic-1.png]
[www.urbanui.com/chroma/images/faces-clipart/pic-2.png]
[www.urbanui.com/chroma/images/faces-clipart/pic-3.png]
[www.urbanui.com/chroma/pages/tables/basic-table.html]
[www.urbanui.com/chroma/images/faces-clipart/pic-4.png]
[www.urbanui.com/chroma/pages/tables/data-table.html]
[www.urbanui.com/chroma/js/data-table.js]
[www.urbanui.com/chroma/js/js-grid.js]
[www.urbanui.com/chroma/pages/tables/js-grid.html]
[www.urbanui.com/chroma/js/jq.tablesort.js]
[www.urbanui.com/chroma/js/db.js]
[www.urbanui.com/chroma/pages/tables/sortable-table.html]
[www.urbanui.com/chroma/js/tablesorter.js]
[www.urbanui.com/chroma/js/alerts.js]
[www.urbanui.com/chroma/pages/ui-features/popups.html]
[www.urbanui.com/chroma/js/avgrund.js]
[www.urbanui.com/chroma/js/toastDemo.js]
[www.urbanui.com/chroma/vendors/tinymce/tinymce.min.js]
[www.urbanui.com/chroma/pages/ui-features/notifications.html]
[www.urbanui.com/chroma/pages/icons/flag-icons.html]
[www.urbanui.com/chroma/pages/icons/font-awesome.html]
[www.urbanui.com/chroma/pages/icons/simple-line-icon.html]
[www.urbanui.com/chroma/pages/icons/themify.html]
[www.urbanui.com/chroma/js/desktop-notification.js]
[www.urbanui.com/chroma/vendors/ace-builds/src-min/ace.js]
[www.urbanui.com/chroma/pages/maps/images/favicon.png]
[www.urbanui.com/chroma/js/mapeal.js]
[www.urbanui.com/chroma/pages/maps/mapeal.html]
[www.urbanui.com/chroma/pages/maps/vector-map.html]
[www.urbanui.com/chroma/js/mapeal_example_3.js]
[www.urbanui.com/chroma/js/mapeal_example_2.js]
[www.urbanui.com/chroma/pages/maps/google-maps.html]
[www.urbanui.com/chroma/js/google-maps.js]
[www.urbanui.com/chroma/pages/samples/login.html]
[www.urbanui.com/chroma/pages/samples/login-2.html]
[www.urbanui.com/chroma/pages/samples/register.html]
[www.urbanui.com/chroma/pages/samples/register-2.html]
[www.urbanui.com/chroma/pages/samples/lock-screen.html]
[www.urbanui.com/chroma/pages/samples/error-404.html]
[www.urbanui.com/chroma/pages/samples/error-500.html]
[www.urbanui.com/chroma/pages/samples/blank-page.html]
[www.urbanui.com/chroma/images/faces/face13.jpg]
[www.urbanui.com/chroma/images/samples/profile_page/logo/01.png]
[www.urbanui.com/chroma/images/samples/profile_page/logo/02.png]
[www.urbanui.com/chroma/images/samples/profile_page/logo/03.png]
[www.urbanui.com/chroma/images/samples/profile_page/banner_01.jpg]
[www.urbanui.com/chroma/images/samples/profile_page/banner_02.jpg]
[www.urbanui.com/chroma/images/samples/profile_page/thumbnail/01.jpg]
[www.urbanui.com/chroma/images/samples/profile_page/thumbnail/02.jpg]
[www.urbanui.com/chroma/images/samples/profile_page/thumbnail/03.jpg]
[www.urbanui.com/chroma/images/samples/profile_page/thumbnail/04.jpg]
[www.urbanui.com/chroma/images/samples/profile_page/thumbnail/05.jpg]
[www.urbanui.com/chroma/images/samples/profile_page/thumbnail/06.jpg]
[www.urbanui.com/chroma/images/samples/profile_page/thumbnail/07.jpg]
[www.urbanui.com/chroma/images/samples/profile_page/thumbnail/08.jpg]
[www.urbanui.com/chroma/images/samples/profile_page/thumbnail/09.jpg]
[www.urbanui.com/chroma/images/samples/profile_page/thumbnail/10.jpg]
[www.urbanui.com/chroma/images/samples/profile_page/thumbnail/11.jpg]
[www.urbanui.com/chroma/pages/samples/profile.html]
[www.urbanui.com/chroma/pages/samples/faq.html]
[www.urbanui.com/chroma/pages/samples/faq-2.html]
[www.urbanui.com/chroma/pages/samples/news-grid.html]
[www.urbanui.com/chroma/pages/samples/search-results.html]
[www.urbanui.com/chroma/images/samples/profile_page/thumbnail/12.jpg]
[www.urbanui.com/chroma/pages/samples/invoice.html]
[www.urbanui.com/chroma/pages/samples/pricing-table.html]
[www.urbanui.com/chroma/pages/samples/orders.html]
[www.urbanui.com/chroma/pages/samples/portfolio.html]
[www.urbanui.com/chroma/pages/samples/timeline.html]
[www.urbanui.com/images/favicon.png]
[www.urbanui.com/chroma/documentation/index.html]
[www.urbanui.com/chroma/documentation/images/logo.svg]
[www.urbanui.com/chroma/documentation/images/logo-mini.svg]
[www.urbanui.com/chroma/documentation/images/faces/face1.jpg]
[www.urbanui.com/chroma/documentation/images/faces/face4.jpg]
[www.urbanui.com/chroma/documentation/images/faces/face2.jpg]
[www.urbanui.com/chroma/documentation/images/faces/face3.jpg]
[www.urbanui.com/chroma/documentation/pages/layout/boxed-layout.html]
[www.urbanui.com/chroma/documentation/pages/layout/rtl-layout.html]
[www.urbanui.com/chroma/documentation/pages/layout/horizontal-menu.html]
[www.urbanui.com/chroma/documentation/pages/layout/horizontal-menu-2.html]
[www.urbanui.com/chroma/documentation/pages/apps/email.html]
[www.urbanui.com/chroma/documentation/pages/apps/calendar.html]
[www.urbanui.com/chroma/documentation/pages/apps/todo.html]
[www.urbanui.com/chroma/documentation/pages/apps/gallery.html]
[www.urbanui.com/chroma/documentation/pages/widgets.html]
[www.urbanui.com/chroma/documentation/pages/layout/compact-menu.html]
[www.urbanui.com/chroma/documentation/pages/layout/sidebar-collapsed.html]
[www.urbanui.com/chroma/documentation/pages/layout/sidebar-hidden.html]
[www.urbanui.com/chroma/documentation/pages/layout/sidebar-hidden-overlay.html]
[www.urbanui.com/chroma/documentation/pages/layout/sidebar-fixed.html]
[www.urbanui.com/chroma/documentation/pages/ui-features/accordions.html]
[www.urbanui.com/chroma/documentation/pages/ui-features/buttons.html]
[www.urbanui.com/chroma/documentation/pages/ui-features/badges.html]
[www.urbanui.com/chroma/documentation/pages/ui-features/breadcrumbs.html]
[www.urbanui.com/chroma/documentation/pages/ui-features/dropdowns.html]
[www.urbanui.com/chroma/documentation/pages/ui-features/modals.html]
[www.urbanui.com/chroma/documentation/pages/ui-features/progress.html]
[www.urbanui.com/chroma/documentation/pages/ui-features/pagination.html]
[www.urbanui.com/chroma/documentation/pages/ui-features/tabs.html]
[www.urbanui.com/chroma/documentation/pages/ui-features/typography.html]
[www.urbanui.com/chroma/documentation/pages/ui-features/tooltips.html]
[www.urbanui.com/chroma/documentation/pages/ui-features/dragula.html]
[www.urbanui.com/chroma/documentation/pages/ui-features/clipboard.html]
[www.urbanui.com/chroma/documentation/pages/ui-features/context-menu.html]
[www.urbanui.com/chroma/documentation/pages/ui-features/slider.html]
[www.urbanui.com/chroma/documentation/pages/ui-features/carousel.html]
[www.urbanui.com/chroma/documentation/pages/ui-features/colcade.html]
[www.urbanui.com/chroma/documentation/pages/ui-features/loaders.html]
[www.urbanui.com/chroma/documentation/pages/forms/basic_elements.html]
[www.urbanui.com/chroma/documentation/pages/forms/advanced_elements.html]
[www.urbanui.com/chroma/documentation/pages/forms/validation.html]
[www.urbanui.com/chroma/documentation/pages/forms/wizard.html]
[www.urbanui.com/chroma/documentation/pages/forms/text_editor.html]
[www.urbanui.com/chroma/documentation/pages/forms/code_editor.html]
[www.urbanui.com/chroma/documentation/pages/charts/chartjs.html]
[www.urbanui.com/chroma/documentation/pages/charts/morris.html]
[www.urbanui.com/chroma/documentation/pages/charts/flot-chart.html]
[www.urbanui.com/chroma/documentation/pages/charts/google-charts.html]
[www.urbanui.com/chroma/documentation/pages/charts/sparkline.html]
[www.urbanui.com/chroma/documentation/pages/charts/c3.html]
[www.urbanui.com/chroma/documentation/pages/charts/chartist.html]
[www.urbanui.com/chroma/documentation/pages/charts/justGage.html]
[www.urbanui.com/chroma/documentation/pages/tables/basic-table.html]
[www.urbanui.com/chroma/documentation/pages/tables/data-table.html]
[www.urbanui.com/chroma/documentation/pages/tables/js-grid.html]
[www.urbanui.com/chroma/documentation/pages/tables/sortable-table.html]
[www.urbanui.com/chroma/documentation/pages/ui-features/popups.html]
[www.urbanui.com/chroma/documentation/pages/ui-features/notifications.html]
[www.urbanui.com/chroma/documentation/pages/icons/flag-icons.html]
[www.urbanui.com/chroma/documentation/pages/icons/font-awesome.html]
[www.urbanui.com/chroma/documentation/pages/icons/simple-line-icon.html]
[www.urbanui.com/chroma/documentation/pages/icons/themify.html]
[www.urbanui.com/chroma/documentation/pages/maps/mapeal.html]
[www.urbanui.com/chroma/documentation/pages/maps/vector-map.html]
[www.urbanui.com/chroma/documentation/pages/maps/google-maps.html]
[www.urbanui.com/chroma/documentation/pages/samples/login.html]
[www.urbanui.com/chroma/documentation/pages/samples/login-2.html]
[www.urbanui.com/chroma/documentation/pages/samples/register.html]
[www.urbanui.com/chroma/documentation/pages/samples/register-2.html]
[www.urbanui.com/chroma/documentation/pages/samples/lock-screen.html]
[www.urbanui.com/chroma/documentation/pages/samples/error-404.html]
[www.urbanui.com/chroma/documentation/pages/samples/error-500.html]
[www.urbanui.com/chroma/documentation/pages/samples/blank-page.html]
[www.urbanui.com/chroma/documentation/pages/samples/profile.html]
[www.urbanui.com/chroma/documentation/pages/samples/faq.html]
[www.urbanui.com/chroma/documentation/pages/samples/faq-2.html]
[www.urbanui.com/chroma/documentation/pages/samples/news-grid.html]
[www.urbanui.com/chroma/documentation/pages/samples/timeline.html]
[www.urbanui.com/chroma/documentation/pages/samples/search-results.html]
[www.urbanui.com/chroma/documentation/pages/samples/portfolio.375.delayed]
[www.urbanui.com/chroma/documentation/pages/samples/invoice.html]
[www.urbanui.com/chroma/documentation/pages/samples/pricing-table.html]
[www.urbanui.com/chroma/documentation/pages/samples/orders.html]
[www.urbanui.com/chroma/documentation/documentation/documentation.html]
[www.urbanui.com/chroma/documentation/path-to/js/tooltips.js]
[www.urbanui.com/chroma/documentation/path-to/node_modules/clipboard/dist/clipboard.min.js]
[www.urbanui.com/chroma/documentation/path-to/js/todolist.js]
[www.urbanui.com/chroma/documentation/path-to/node_modules/dragula/dist/dragula.min.css]
[www.urbanui.com/chroma/documentation/path-to/node_modules/dragula/dist/dragula.min.js]
[www.urbanui.com/chroma/documentation/path-to/node_modules/nouislider/distribute/nouislider.min.css]
[www.urbanui.com/chroma/documentation/path-to/node_modules/nouislider/distribute/nouislider.min.js]
[www.urbanui.com/chroma/documentation/path-to/node_modules/colcade/colcade.js]
[www.urbanui.com/chroma/documentation/path-to/node_modules/lightgallery/dist/css/lightgallery.min.css]
[www.urbanui.com/node_modules/lightgallery/dist/js/lightgallery-all.min.js]
[www.urbanui.com/chroma/documentation/path-to/node_modules/owl-carousel-2/assets/owl.carousel.min.css]
[www.urbanui.com/chroma/documentation/path-to/node_modules/owl-carousel-2/owl.carousel.min.js]
[www.urbanui.com/chroma/documentation/path-to/node_modules/bootstrap-table/dist/bootstrap-table.min.css]
[www.urbanui.com/chroma/documentation/path-to/node_modules/bootstrap-table/dist/bootstrap-table.min.js]
[www.urbanui.com/chroma/documentation/path-to/node_modules/jsgrid/dist/jsgrid.min.css]
[www.urbanui.com/chroma/documentation/path-to/node_modules/jsgrid/dist/jsgrid-theme.min.css]
[www.urbanui.com/chroma/documentation/path-to/node_modules/jsgrid/dist/jsgrid.min.js]
[www.urbanui.com/chroma/documentation/path-to/js/jq.tablesort.js]
[www.urbanui.com/chroma/documentation/path-to/node_modules/perfect-scrollbar/dist/css/perfect-scrollbar.min.css]
[www.urbanui.com/chroma/documentation/path-to/node_modules/chart.js/dist/Chart.min.js]
[www.urbanui.com/chroma/documentation/path-to/node_modules/flot/jquery.flot.js]
[www.urbanui.com/chroma/documentation/path-to/node_modules/flot/jquery.flot.resize.js]
[www.urbanui.com/chroma/documentation/path-to/node_modules/c3/c3.min.css]
[www.urbanui.com/chroma/documentation/path-to/node_modules/d3/d3.min.js]
[www.urbanui.com/chroma/documentation/path-to/node_modules/c3/c3.min.js]
[www.urbanui.com/chroma/documentation/path-to/node_modules/chartist/dist/chartist.min.css]
[www.urbanui.com/chroma/documentation/path-to/node_modules/chartist/dist/chartist.min.js]
[www.urbanui.com/chroma/documentation/path-to/node_modules/morris.js/morris.css]
[www.urbanui.com/chroma/documentation/path-to/node_modules/raphael/raphael.min.js]
[www.urbanui.com/chroma/documentation/path-to/node_modules/morris.js/morris.min.js]
[www.urbanui.com/chroma/documentation/path-to/node_modules/jquery-sparkline/jquery.sparkline.min.js]
[www.urbanui.com/chroma/documentation/path-to/node_modules/justgage/justgage.js]
[www.urbanui.com/chroma/documentation/path-to/node_modules/jqvmap/dist/jqvmap.min.css]
[www.urbanui.com/chroma/documentation/path-to/node_modules/jqvmap/dist/jquery.vmap.min.js]
[www.urbanui.com/chroma/documentation/path-to/node_modules/jquery-mapael/js/jquery.mapael.min.js]
[www.urbanui.com/chroma/documentation/path-to/node_modules/jquery-validation/dist/jquery.validate.min.js]
[www.urbanui.com/chroma/documentation/path-to/node_modules/jquery-steps/build/jquery.steps.min.js]
[www.urbanui.com/chroma/documentation/path-to/node_modules/jquery.repeater/jquery.repeater.min.js]
[www.urbanui.com/chroma/documentation/path-to/node_modules/jquery-tags-input/dist/jquery.tagsinput.min.css]
[www.urbanui.com/chroma/documentation/path-to/node_modules/jquery-tags-input/dist/jquery.tagsinput.min.js]
[www.urbanui.com/chroma/documentation/path-to/node_modules/font-awesome/css/font-awesome.min.css]
[www.urbanui.com/chroma/documentation/path-to/node_modules/jquery-bar-rating/dist/themes/fontawesome-stars.css]
[www.urbanui.com/chroma/documentation/path-to/node_modules/jquery-bar-rating/dist/jquery.barrating.min.js]
[www.urbanui.com/chroma/documentation/path-to/node_modules/bootstrap-maxlength/bootstrap-maxlength.min.js]
[www.urbanui.com/chroma/documentation/path-to/node_modules/inputmask/dist/jquery.inputmask.bundle.js]
[www.urbanui.com/chroma/documentation/path-to/node_modules/inputmask/dist/inputmask/phone-codes/phone.js]
[www.urbanui.com/chroma/documentation/path-to/node_modules/inputmask/dist/inputmask/phone-codes/phone-be.js]
[www.urbanui.com/chroma/documentation/path-to/node_modules/inputmask/dist/inputmask/phone-codes/phone-ru.js]
[www.urbanui.com/chroma/documentation/path-to/node_modules/inputmask/dist/inputmask/bindings/inputmask.binding.js]
[www.urbanui.com/chroma/documentation/path-to/node_modules/typeahead.js/dist/typeahead.bundle.min.js]
[www.urbanui.com/chroma/documentation/path-to/node_modules/mdi/css/materialdesignicons.min.css]
[www.urbanui.com/chroma/documentation/path-to/node_modules/ti-icons/css/themify-icons.css]
[www.urbanui.com/chroma/documentation/path-to/node_modules/simple-line-icons/css/simple-line-icons.css]
[www.urbanui.com/chroma/documentation/path-to/node_modules/flag-icon-css/css/flag-icon.min.css]
[www.urbanui.com/chroma/documentation/path-to/node_modules/dropify/dist/css/dropify.min.css]
[www.urbanui.com/chroma/documentation/path-to/node_modules/dropify/dist/js/dropify.min.js]
[www.urbanui.com/chroma/documentation/path-to/node_modules/dropzone/dist/dropzone.js]
[www.urbanui.com/chroma/documentation/path-to/node_modules/jquery-file-upload/css/uploadfile.css]
[www.urbanui.com/chroma/documentation/path-to/node_modules/jquery-file-upload/js/jquery.uploadfile.min.js]
[www.urbanui.com/chroma/documentation/path-to/node_modules/tempusdominus-bootstrap-4/build/css/tempusdominus-bootstrap-4.min.css]
[www.urbanui.com/chroma/documentation/path-to/node_modules/tempusdominus-bootstrap-4/build/js/tempusdominus-bootstrap-4.js]
[www.urbanui.com/chroma/documentation/path-to/node_modules/bootstrap-datepicker/dist/css/bootstrap-datepicker.min.css]
[www.urbanui.com/chroma/documentation/path-to/node_modules/bootstrap-datepicker/dist/js/bootstrap-datepicker.min.js]
[www.urbanui.com/chroma/documentation/path-to/node_modules/jquery-asColorPicker/dist/css/asColorPicker.min.css]
[www.urbanui.com/chroma/documentation/path-to/node_modules/jquery-asColor/dist/jquery-asColor.min.js]
[www.urbanui.com/chroma/documentation/path-to/node_modules/jquery-asColorPicker/dist/jquery-asColorPicker.min.js]
[www.urbanui.com/chroma/documentation/path-to/node_modules/jquery-asGradient/dist/jquery-asGradient.min.js]
[www.urbanui.com/chroma/documentation/path-to/node_modules/tinymce/tinymce.min.js]
[www.urbanui.com/chroma/documentation/path-to/node_modules/x-editable/dist/bootstrap3-editable/css/bootstrap-editable.css]
[www.urbanui.com/chroma/documentation/path-to/node_modules/x-editable/dist/bootstrap3-editable/js/bootstrap-editable.js]
[www.urbanui.com/chroma/documentation/path-to/node_modules/summernote-bootstrap4/dist/summernote.css]
[www.urbanui.com/chroma/documentation/path-to/node_modules/summernote-bootstrap4/dist/summernote.min.js]
[www.urbanui.com/chroma/documentation/path-to/node_modules/simplemde/dist/simplemde.min.css]
[www.urbanui.com/chroma/documentation/path-to/node_modules/simplemde/dist/simplemde.min.js]
[www.urbanui.com/chroma/documentation/path-to/node_modules/quill/dist/quill.snow.css]
[www.urbanui.com/chroma/documentation/path-to/node_modules/quill/dist/quill.min.js]
[www.urbanui.com/chroma/documentation/path-to/node_modules/ace-builds/src/ace.js]
[www.urbanui.com/chroma/documentation/path-to/node_modules/ace-builds/src-min/mode-javascript.js]
[www.urbanui.com/chroma/documentation/path-to/node_modules/ace-builds/src-min/theme-chaos.js]
[www.urbanui.com/chroma/documentation/path-to/node_modules/codemirror/lib/codemirror.css]
[www.urbanui.com/chroma/documentation/path-to/node_modules/codemirror/theme/ambiance.css]
[www.urbanui.com/chroma/documentation/path-to/node_modules/codemirror/lib/codemirror.js]
[www.urbanui.com/chroma/documentation/path-to/node_modules/codemirror/mode/javascript/javascript.js]
[www.urbanui.com/chroma/documentation/documentation.html]
[www.urbanui.com/chroma/vendors/iconfonts/mdi/fonts/materialdesignicons-webfontb675.html]
[www.urbanui.com/chroma/vendors/iconfonts/mdi/fonts/materialdesignicons-webfontb675.svg]
[www.urbanui.com/chroma/vendors/iconfonts/flag-icon-css/flags/4x3/ad.svg]
[www.urbanui.com/chroma/vendors/iconfonts/flag-icon-css/flags/4x3/ae.svg]
[www.urbanui.com/chroma/vendors/iconfonts/flag-icon-css/flags/1x1/ae.svg]
[www.urbanui.com/chroma/vendors/iconfonts/flag-icon-css/flags/4x3/af.svg]
[www.urbanui.com/chroma/vendors/iconfonts/flag-icon-css/flags/1x1/af.svg]
[www.urbanui.com/chroma/vendors/iconfonts/flag-icon-css/flags/4x3/ag.svg]
[www.urbanui.com/chroma/vendors/iconfonts/flag-icon-css/flags/1x1/ag.svg]
[www.urbanui.com/chroma/vendors/iconfonts/flag-icon-css/flags/4x3/ai.svg]
[www.urbanui.com/chroma/vendors/iconfonts/flag-icon-css/flags/1x1/ai.svg]
[www.urbanui.com/chroma/vendors/iconfonts/flag-icon-css/flags/4x3/al.svg]
[www.urbanui.com/chroma/vendors/iconfonts/flag-icon-css/flags/1x1/al.svg]
[www.urbanui.com/chroma/vendors/iconfonts/flag-icon-css/flags/4x3/am.svg]
[www.urbanui.com/chroma/vendors/iconfonts/flag-icon-css/flags/1x1/am.svg]
[www.urbanui.com/chroma/vendors/iconfonts/flag-icon-css/flags/4x3/ao.svg]
[www.urbanui.com/chroma/vendors/iconfonts/flag-icon-css/flags/1x1/ao.svg]
[www.urbanui.com/chroma/vendors/iconfonts/flag-icon-css/flags/4x3/aq.svg]
[www.urbanui.com/chroma/vendors/iconfonts/flag-icon-css/flags/1x1/aq.svg]
[www.urbanui.com/chroma/vendors/iconfonts/flag-icon-css/flags/4x3/ar.svg]
[www.urbanui.com/chroma/vendors/iconfonts/flag-icon-css/flags/1x1/ar.svg]
[www.urbanui.com/chroma/vendors/iconfonts/flag-icon-css/flags/4x3/as.svg]
[www.urbanui.com/chroma/vendors/iconfonts/flag-icon-css/flags/1x1/as.svg]
[www.urbanui.com/chroma/vendors/iconfonts/flag-icon-css/flags/4x3/at.svg]
[www.urbanui.com/chroma/vendors/iconfonts/flag-icon-css/flags/1x1/at.svg]
[www.urbanui.com/chroma/vendors/iconfonts/flag-icon-css/flags/4x3/au.svg]
[www.urbanui.com/chroma/vendors/iconfonts/flag-icon-css/flags/1x1/au.svg]
[www.urbanui.com/chroma/vendors/iconfonts/flag-icon-css/flags/4x3/aw.svg]
[www.urbanui.com/chroma/vendors/iconfonts/flag-icon-css/flags/1x1/aw.svg]
[www.urbanui.com/chroma/vendors/iconfonts/flag-icon-css/flags/4x3/ax.svg]
[www.urbanui.com/chroma/vendors/iconfonts/flag-icon-css/flags/1x1/ax.svg]
[www.urbanui.com/chroma/vendors/iconfonts/flag-icon-css/flags/4x3/az.svg]
[www.urbanui.com/chroma/vendors/iconfonts/flag-icon-css/flags/1x1/az.svg]
[www.urbanui.com/chroma/vendors/iconfonts/flag-icon-css/flags/4x3/ba.svg]
[www.urbanui.com/chroma/vendors/iconfonts/flag-icon-css/flags/1x1/ba.svg]
[www.urbanui.com/chroma/vendors/iconfonts/flag-icon-css/flags/4x3/bb.svg]
[www.urbanui.com/chroma/vendors/iconfonts/flag-icon-css/flags/1x1/bb.svg]
[www.urbanui.com/chroma/vendors/iconfonts/flag-icon-css/flags/4x3/bd.svg]
[www.urbanui.com/chroma/vendors/iconfonts/flag-icon-css/flags/1x1/bd.svg]
[www.urbanui.com/chroma/vendors/iconfonts/flag-icon-css/flags/4x3/be.svg]
[www.urbanui.com/chroma/vendors/iconfonts/flag-icon-css/flags/1x1/be.svg]
[www.urbanui.com/chroma/vendors/iconfonts/flag-icon-css/flags/4x3/bf.svg]
[www.urbanui.com/chroma/vendors/iconfonts/flag-icon-css/flags/1x1/bf.svg]
[www.urbanui.com/chroma/vendors/iconfonts/flag-icon-css/flags/4x3/bg.svg]
[www.urbanui.com/chroma/vendors/iconfonts/flag-icon-css/flags/1x1/bg.svg]
[www.urbanui.com/chroma/vendors/iconfonts/flag-icon-css/flags/4x3/bh.svg]
[www.urbanui.com/chroma/vendors/iconfonts/flag-icon-css/flags/1x1/bh.svg]
[www.urbanui.com/chroma/vendors/iconfonts/flag-icon-css/flags/4x3/bi.svg]
[www.urbanui.com/chroma/vendors/iconfonts/flag-icon-css/flags/1x1/bi.svg]
[www.urbanui.com/chroma/vendors/iconfonts/flag-icon-css/flags/4x3/bj.svg]
[www.urbanui.com/chroma/vendors/iconfonts/flag-icon-css/flags/1x1/bj.svg]
[www.urbanui.com/chroma/vendors/iconfonts/flag-icon-css/flags/4x3/bl.svg]
[www.urbanui.com/chroma/vendors/iconfonts/flag-icon-css/flags/1x1/bl.svg]
[www.urbanui.com/chroma/vendors/iconfonts/flag-icon-css/flags/4x3/bm.svg]
[www.urbanui.com/chroma/vendors/iconfonts/flag-icon-css/flags/1x1/bm.svg]
[www.urbanui.com/chroma/vendors/iconfonts/flag-icon-css/flags/4x3/bn.svg]
[www.urbanui.com/chroma/vendors/iconfonts/flag-icon-css/flags/1x1/bn.svg]
[www.urbanui.com/chroma/vendors/iconfonts/flag-icon-css/flags/4x3/bo.svg]
[www.urbanui.com/chroma/vendors/iconfonts/flag-icon-css/flags/4x3/bq.svg]
[www.urbanui.com/chroma/vendors/iconfonts/flag-icon-css/flags/1x1/bq.svg]
[www.urbanui.com/chroma/vendors/iconfonts/flag-icon-css/flags/4x3/br.svg]
[www.urbanui.com/chroma/vendors/iconfonts/flag-icon-css/flags/1x1/br.svg]
[www.urbanui.com/chroma/vendors/iconfonts/flag-icon-css/flags/4x3/bs.svg]
[www.urbanui.com/chroma/vendors/iconfonts/flag-icon-css/flags/1x1/bs.svg]
[www.urbanui.com/chroma/vendors/iconfonts/flag-icon-css/flags/4x3/bt.svg]
[www.urbanui.com/chroma/vendors/iconfonts/flag-icon-css/flags/1x1/bt.svg]
[www.urbanui.com/chroma/vendors/iconfonts/flag-icon-css/flags/4x3/bv.svg]
[www.urbanui.com/chroma/documentation/documentation.js]
[www.urbanui.com/chroma/vendors/iconfonts/flag-icon-css/flags/4x3/bw.svg]
[www.urbanui.com/chroma/vendors/iconfonts/flag-icon-css/flags/1x1/bw.svg]
[www.urbanui.com/chroma/vendors/iconfonts/flag-icon-css/flags/4x3/by.svg]
[www.urbanui.com/chroma/vendors/iconfonts/flag-icon-css/flags/1x1/by.svg]
[www.urbanui.com/chroma/vendors/iconfonts/flag-icon-css/flags/4x3/bz.svg]
[www.urbanui.com/chroma/vendors/iconfonts/flag-icon-css/flags/1x1/bz.svg]
[www.urbanui.com/chroma/vendors/iconfonts/flag-icon-css/flags/4x3/ca.svg]
[www.urbanui.com/chroma/vendors/iconfonts/flag-icon-css/flags/1x1/ca.svg]
[www.urbanui.com/chroma/vendors/iconfonts/flag-icon-css/flags/4x3/cc.svg]
[www.urbanui.com/chroma/vendors/iconfonts/flag-icon-css/flags/1x1/cc.svg]
[www.urbanui.com/chroma/vendors/iconfonts/flag-icon-css/flags/4x3/cd.svg]
[www.urbanui.com/chroma/vendors/iconfonts/flag-icon-css/flags/1x1/cd.svg]
[www.urbanui.com/chroma/vendors/iconfonts/flag-icon-css/flags/4x3/cf.svg]
[www.urbanui.com/chroma/vendors/iconfonts/flag-icon-css/flags/1x1/cf.svg]
[www.urbanui.com/chroma/vendors/iconfonts/flag-icon-css/flags/4x3/cg.svg]
[www.urbanui.com/chroma/vendors/iconfonts/flag-icon-css/flags/1x1/cg.svg]
[www.urbanui.com/chroma/vendors/iconfonts/flag-icon-css/flags/4x3/ch.svg]
[www.urbanui.com/chroma/vendors/iconfonts/flag-icon-css/flags/1x1/ch.svg]
[www.urbanui.com/chroma/vendors/iconfonts/flag-icon-css/flags/4x3/ci.svg]
[www.urbanui.com/chroma/vendors/iconfonts/flag-icon-css/flags/1x1/ci.svg]
[www.urbanui.com/chroma/vendors/iconfonts/flag-icon-css/flags/4x3/ck.svg]
[www.urbanui.com/chroma/vendors/iconfonts/flag-icon-css/flags/1x1/ck.svg]
[www.urbanui.com/chroma/vendors/iconfonts/flag-icon-css/flags/4x3/cl.svg]
[www.urbanui.com/chroma/vendors/iconfonts/flag-icon-css/flags/1x1/cl.svg]
[www.urbanui.com/chroma/vendors/iconfonts/flag-icon-css/flags/4x3/cm.svg]
[www.urbanui.com/chroma/vendors/iconfonts/flag-icon-css/flags/1x1/cm.svg]
[www.urbanui.com/chroma/vendors/iconfonts/flag-icon-css/flags/4x3/cn.svg]
[www.urbanui.com/chroma/vendors/iconfonts/flag-icon-css/flags/1x1/cn.svg]
[www.urbanui.com/chroma/vendors/iconfonts/flag-icon-css/flags/4x3/co.svg]
[www.urbanui.com/chroma/vendors/iconfonts/flag-icon-css/flags/1x1/co.svg]
[www.urbanui.com/chroma/vendors/iconfonts/flag-icon-css/flags/4x3/cr.svg]
[www.urbanui.com/chroma/vendors/iconfonts/flag-icon-css/flags/1x1/cr.svg]
[www.urbanui.com/chroma/vendors/iconfonts/flag-icon-css/flags/4x3/cu.svg]
[www.urbanui.com/chroma/vendors/iconfonts/flag-icon-css/flags/1x1/cu.svg]
[www.urbanui.com/chroma/vendors/iconfonts/flag-icon-css/flags/4x3/cv.svg]
[www.urbanui.com/chroma/vendors/iconfonts/flag-icon-css/flags/1x1/cv.svg]
[www.urbanui.com/chroma/vendors/iconfonts/flag-icon-css/flags/4x3/cw.svg]
[www.urbanui.com/chroma/vendors/iconfonts/flag-icon-css/flags/1x1/cw.svg]
[www.urbanui.com/chroma/vendors/iconfonts/flag-icon-css/flags/4x3/cx.svg]
[www.urbanui.com/chroma/vendors/iconfonts/flag-icon-css/flags/1x1/cx.svg]
[www.urbanui.com/chroma/vendors/iconfonts/flag-icon-css/flags/4x3/cy.svg]
[www.urbanui.com/chroma/vendors/iconfonts/flag-icon-css/flags/1x1/cy.svg]
[www.urbanui.com/chroma/vendors/iconfonts/flag-icon-css/flags/4x3/cz.svg]
[www.urbanui.com/chroma/vendors/iconfonts/flag-icon-css/flags/1x1/cz.svg]
[www.urbanui.com/chroma/vendors/iconfonts/flag-icon-css/flags/4x3/de.svg]
[www.urbanui.com/chroma/vendors/iconfonts/flag-icon-css/flags/1x1/de.svg]
[www.urbanui.com/chroma/vendors/iconfonts/flag-icon-css/flags/4x3/dj.svg]
[www.urbanui.com/chroma/vendors/iconfonts/flag-icon-css/flags/1x1/dj.svg]
[www.urbanui.com/chroma/vendors/iconfonts/flag-icon-css/flags/4x3/dk.svg]
[www.urbanui.com/chroma/vendors/iconfonts/flag-icon-css/flags/1x1/dk.svg]
[www.urbanui.com/chroma/vendors/iconfonts/flag-icon-css/flags/4x3/dm.svg]
[www.urbanui.com/chroma/vendors/iconfonts/flag-icon-css/flags/1x1/dm.svg]
[www.urbanui.com/chroma/vendors/iconfonts/flag-icon-css/flags/4x3/do.svg]
[www.urbanui.com/chroma/vendors/iconfonts/flag-icon-css/flags/1x1/do.svg]
[www.urbanui.com/chroma/vendors/iconfonts/flag-icon-css/flags/4x3/dz.svg]
[www.urbanui.com/chroma/vendors/iconfonts/flag-icon-css/flags/1x1/dz.svg]
[www.urbanui.com/chroma/vendors/iconfonts/flag-icon-css/flags/4x3/ec.svg]
[www.urbanui.com/chroma/vendors/iconfonts/flag-icon-css/flags/1x1/ec.svg]
[www.urbanui.com/chroma/vendors/iconfonts/flag-icon-css/flags/4x3/ee.svg]
[www.urbanui.com/chroma/vendors/iconfonts/flag-icon-css/flags/1x1/ee.svg]
[www.urbanui.com/chroma/vendors/iconfonts/flag-icon-css/flags/4x3/eg.svg]
[www.urbanui.com/chroma/vendors/iconfonts/flag-icon-css/flags/1x1/eg.svg]
[www.urbanui.com/chroma/vendors/iconfonts/flag-icon-css/flags/4x3/eh.svg]
[www.urbanui.com/chroma/vendors/iconfonts/flag-icon-css/flags/1x1/eh.svg]
[www.urbanui.com/chroma/vendors/iconfonts/flag-icon-css/flags/4x3/er.svg]
[www.urbanui.com/chroma/vendors/iconfonts/flag-icon-css/flags/1x1/er.svg]
[www.urbanui.com/chroma/vendors/iconfonts/flag-icon-css/flags/4x3/es.svg]
[www.urbanui.com/chroma/vendors/iconfonts/flag-icon-css/flags/1x1/es.svg]
[www.urbanui.com/chroma/vendors/iconfonts/flag-icon-css/flags/4x3/et.svg]
[www.urbanui.com/chroma/vendors/iconfonts/flag-icon-css/flags/1x1/et.svg]
[www.urbanui.com/chroma/vendors/iconfonts/flag-icon-css/flags/4x3/fi.svg]
[www.urbanui.com/chroma/vendors/iconfonts/flag-icon-css/flags/1x1/fi.svg]
[www.urbanui.com/chroma/vendors/iconfonts/flag-icon-css/flags/4x3/fj.svg]
[www.urbanui.com/chroma/vendors/iconfonts/flag-icon-css/flags/1x1/fj.svg]
[www.urbanui.com/chroma/vendors/iconfonts/flag-icon-css/flags/1x1/fk.svg]
[www.urbanui.com/chroma/vendors/iconfonts/flag-icon-css/flags/4x3/fm.svg]
[www.urbanui.com/chroma/vendors/iconfonts/flag-icon-css/flags/1x1/fm.svg]
[www.urbanui.com/chroma/vendors/iconfonts/flag-icon-css/flags/4x3/fo.svg]
[www.urbanui.com/chroma/vendors/iconfonts/flag-icon-css/flags/1x1/fo.svg]
[www.urbanui.com/chroma/vendors/iconfonts/flag-icon-css/flags/4x3/fr.svg]
[www.urbanui.com/chroma/vendors/iconfonts/flag-icon-css/flags/1x1/fr.svg]
[www.urbanui.com/chroma/vendors/iconfonts/flag-icon-css/flags/4x3/ga.svg]
[www.urbanui.com/chroma/vendors/iconfonts/flag-icon-css/flags/1x1/ga.svg]
[www.urbanui.com/chroma/vendors/iconfonts/flag-icon-css/flags/4x3/gb.svg]
[www.urbanui.com/chroma/vendors/iconfonts/flag-icon-css/flags/1x1/gb.svg]
[www.urbanui.com/chroma/vendors/iconfonts/flag-icon-css/flags/4x3/gd.svg]
[www.urbanui.com/chroma/vendors/iconfonts/flag-icon-css/flags/1x1/gd.svg]
[www.urbanui.com/chroma/vendors/iconfonts/flag-icon-css/flags/4x3/ge.svg]
[www.urbanui.com/chroma/vendors/iconfonts/flag-icon-css/flags/1x1/ge.svg]
[www.urbanui.com/chroma/vendors/iconfonts/flag-icon-css/flags/4x3/gf.svg]
[www.urbanui.com/chroma/vendors/iconfonts/flag-icon-css/flags/4x3/gg.svg]
[www.urbanui.com/chroma/vendors/iconfonts/flag-icon-css/flags/1x1/gg.svg]
[www.urbanui.com/chroma/vendors/iconfonts/flag-icon-css/flags/4x3/gh.svg]
[www.urbanui.com/chroma/vendors/iconfonts/flag-icon-css/flags/1x1/gh.svg]
[www.urbanui.com/chroma/vendors/iconfonts/flag-icon-css/flags/4x3/gi.svg]
[www.urbanui.com/chroma/vendors/iconfonts/flag-icon-css/flags/1x1/gi.svg]
[www.urbanui.com/chroma/vendors/iconfonts/flag-icon-css/flags/4x3/gl.svg]
[www.urbanui.com/chroma/vendors/iconfonts/flag-icon-css/flags/1x1/gl.svg]
[www.urbanui.com/chroma/vendors/iconfonts/flag-icon-css/flags/4x3/gm.svg]
[www.urbanui.com/chroma/vendors/iconfonts/flag-icon-css/flags/1x1/gm.svg]
[www.urbanui.com/chroma/vendors/iconfonts/flag-icon-css/flags/4x3/gn.svg]
[www.urbanui.com/chroma/vendors/iconfonts/flag-icon-css/flags/1x1/gn.svg]
[www.urbanui.com/chroma/vendors/iconfonts/flag-icon-css/flags/4x3/gp.svg]
[www.urbanui.com/chroma/vendors/iconfonts/flag-icon-css/flags/1x1/gp.svg]
[www.urbanui.com/chroma/vendors/iconfonts/flag-icon-css/flags/4x3/gq.svg]
[www.urbanui.com/chroma/vendors/iconfonts/flag-icon-css/flags/1x1/gq.svg]
[www.urbanui.com/chroma/vendors/iconfonts/flag-icon-css/flags/4x3/gr.svg]
[www.urbanui.com/chroma/vendors/iconfonts/flag-icon-css/flags/1x1/gr.svg]
[www.urbanui.com/chroma/vendors/iconfonts/flag-icon-css/flags/4x3/gs.svg]
[www.urbanui.com/chroma/vendors/iconfonts/flag-icon-css/flags/1x1/gs.svg]
[www.urbanui.com/chroma/vendors/iconfonts/flag-icon-css/flags/4x3/gt.svg]
[www.urbanui.com/chroma/vendors/iconfonts/flag-icon-css/flags/1x1/gt.svg]
[www.urbanui.com/chroma/vendors/iconfonts/flag-icon-css/flags/4x3/gu.svg]
[www.urbanui.com/chroma/vendors/iconfonts/flag-icon-css/flags/1x1/gu.svg]
[www.urbanui.com/chroma/vendors/iconfonts/flag-icon-css/flags/4x3/gw.svg]
[www.urbanui.com/chroma/vendors/iconfonts/flag-icon-css/flags/1x1/gw.svg]
[www.urbanui.com/chroma/vendors/iconfonts/flag-icon-css/flags/4x3/gy.svg]
[www.urbanui.com/chroma/vendors/iconfonts/flag-icon-css/flags/1x1/gy.svg]
[www.urbanui.com/chroma/vendors/iconfonts/flag-icon-css/flags/1x1/hk.svg]
[www.urbanui.com/chroma/vendors/iconfonts/flag-icon-css/flags/1x1/hm.svg]
[www.urbanui.com/chroma/vendors/iconfonts/flag-icon-css/flags/4x3/hn.svg]
[www.urbanui.com/chroma/vendors/iconfonts/flag-icon-css/flags/1x1/hn.svg]
[www.urbanui.com/chroma/vendors/iconfonts/flag-icon-css/flags/4x3/hr.svg]
[www.urbanui.com/chroma/vendors/iconfonts/flag-icon-css/flags/1x1/hr.svg]
[www.urbanui.com/chroma/vendors/iconfonts/flag-icon-css/flags/4x3/ht.svg]
[www.urbanui.com/chroma/vendors/iconfonts/flag-icon-css/flags/1x1/ht.svg]
[www.urbanui.com/chroma/vendors/iconfonts/flag-icon-css/flags/4x3/hu.svg]
[www.urbanui.com/chroma/vendors/iconfonts/flag-icon-css/flags/1x1/hu.svg]
[www.urbanui.com/chroma/vendors/iconfonts/flag-icon-css/flags/4x3/id.svg]
[www.urbanui.com/chroma/vendors/iconfonts/flag-icon-css/flags/1x1/id.svg]
[www.urbanui.com/chroma/vendors/iconfonts/flag-icon-css/flags/4x3/ie.svg]
[www.urbanui.com/chroma/vendors/iconfonts/flag-icon-css/flags/1x1/ie.svg]
[www.urbanui.com/chroma/vendors/iconfonts/flag-icon-css/flags/1x1/il.svg]
[www.urbanui.com/chroma/vendors/iconfonts/flag-icon-css/flags/1x1/im.svg]
[www.urbanui.com/chroma/vendors/iconfonts/flag-icon-css/flags/4x3/in.svg]
[www.urbanui.com/chroma/vendors/iconfonts/flag-icon-css/flags/1x1/in.svg]
[www.urbanui.com/chroma/vendors/iconfonts/flag-icon-css/flags/4x3/io.svg]
[www.urbanui.com/chroma/vendors/iconfonts/flag-icon-css/flags/1x1/io.svg]
[www.urbanui.com/chroma/vendors/iconfonts/flag-icon-css/flags/4x3/iq.svg]
[www.urbanui.com/chroma/vendors/iconfonts/flag-icon-css/flags/1x1/iq.svg]
[www.urbanui.com/chroma/vendors/iconfonts/flag-icon-css/flags/4x3/ir.svg]
[www.urbanui.com/chroma/vendors/iconfonts/flag-icon-css/flags/1x1/ir.svg]
[www.urbanui.com/chroma/vendors/iconfonts/flag-icon-css/flags/4x3/is.svg]
[www.urbanui.com/chroma/vendors/iconfonts/flag-icon-css/flags/1x1/is.svg]
[www.urbanui.com/chroma/vendors/iconfonts/flag-icon-css/flags/4x3/it.svg]
[www.urbanui.com/chroma/vendors/iconfonts/flag-icon-css/flags/1x1/it.svg]
[www.urbanui.com/chroma/vendors/iconfonts/flag-icon-css/flags/4x3/je.svg]
[www.urbanui.com/chroma/vendors/iconfonts/flag-icon-css/flags/1x1/je.svg]
[www.urbanui.com/chroma/vendors/iconfonts/flag-icon-css/flags/1x1/jm.svg]
[www.urbanui.com/chroma/vendors/iconfonts/flag-icon-css/flags/4x3/jo.svg]
[www.urbanui.com/chroma/vendors/iconfonts/flag-icon-css/flags/1x1/jo.svg]
[www.urbanui.com/chroma/vendors/iconfonts/flag-icon-css/flags/4x3/jp.svg]
[www.urbanui.com/chroma/vendors/iconfonts/flag-icon-css/flags/1x1/jp.svg]
[www.urbanui.com/chroma/vendors/iconfonts/flag-icon-css/flags/4x3/ke.svg]
[www.urbanui.com/chroma/vendors/iconfonts/flag-icon-css/flags/1x1/ke.svg]
[www.urbanui.com/chroma/vendors/iconfonts/flag-icon-css/flags/4x3/kg.svg]
[www.urbanui.com/chroma/vendors/iconfonts/flag-icon-css/flags/1x1/kg.svg]
[www.urbanui.com/chroma/vendors/iconfonts/flag-icon-css/flags/4x3/kh.svg]
[www.urbanui.com/chroma/vendors/iconfonts/flag-icon-css/flags/1x1/kh.svg]
[www.urbanui.com/chroma/vendors/iconfonts/flag-icon-css/flags/1x1/ki.svg]
[www.urbanui.com/chroma/vendors/iconfonts/flag-icon-css/flags/4x3/km.svg]
[www.urbanui.com/chroma/vendors/iconfonts/flag-icon-css/flags/1x1/km.svg]
[www.urbanui.com/chroma/vendors/iconfonts/flag-icon-css/flags/4x3/kn.svg]
[www.urbanui.com/chroma/vendors/iconfonts/flag-icon-css/flags/1x1/kn.svg]
[www.urbanui.com/chroma/vendors/iconfonts/flag-icon-css/flags/4x3/kp.svg]
[www.urbanui.com/chroma/vendors/iconfonts/flag-icon-css/flags/1x1/kp.svg]
[www.urbanui.com/chroma/vendors/iconfonts/flag-icon-css/flags/4x3/kr.svg]
[www.urbanui.com/chroma/vendors/iconfonts/flag-icon-css/flags/1x1/kr.svg]
[www.urbanui.com/chroma/vendors/iconfonts/flag-icon-css/flags/4x3/kw.svg]
[www.urbanui.com/chroma/vendors/iconfonts/flag-icon-css/flags/1x1/kw.svg]
[www.urbanui.com/chroma/vendors/iconfonts/flag-icon-css/flags/4x3/ky.svg]
[www.urbanui.com/chroma/vendors/iconfonts/flag-icon-css/flags/1x1/ky.svg]
[www.urbanui.com/chroma/vendors/iconfonts/flag-icon-css/flags/4x3/la.svg]
[www.urbanui.com/chroma/vendors/iconfonts/flag-icon-css/flags/1x1/la.svg]
[www.urbanui.com/chroma/vendors/iconfonts/flag-icon-css/flags/4x3/lb.svg]
[www.urbanui.com/chroma/vendors/iconfonts/flag-icon-css/flags/1x1/lb.svg]
[www.urbanui.com/chroma/vendors/iconfonts/flag-icon-css/flags/4x3/lc.svg]
[www.urbanui.com/chroma/vendors/iconfonts/flag-icon-css/flags/1x1/lc.svg]
[www.urbanui.com/chroma/vendors/iconfonts/flag-icon-css/flags/4x3/li.svg]
[www.urbanui.com/chroma/vendors/iconfonts/flag-icon-css/flags/1x1/li.svg]
[www.urbanui.com/chroma/vendors/iconfonts/flag-icon-css/flags/4x3/lr.svg]
[www.urbanui.com/chroma/vendors/iconfonts/flag-icon-css/flags/1x1/lr.svg]
[www.urbanui.com/chroma/vendors/iconfonts/flag-icon-css/flags/4x3/ls.svg]
[www.urbanui.com/chroma/vendors/iconfonts/flag-icon-css/flags/4x3/lt.svg]
[www.urbanui.com/chroma/vendors/iconfonts/flag-icon-css/flags/1x1/lt.svg]
[www.urbanui.com/chroma/vendors/iconfonts/flag-icon-css/flags/4x3/lu.svg]
[www.urbanui.com/chroma/vendors/iconfonts/flag-icon-css/flags/1x1/lu.svg]
[www.urbanui.com/chroma/vendors/iconfonts/flag-icon-css/flags/4x3/lv.svg]
[www.urbanui.com/chroma/vendors/iconfonts/flag-icon-css/flags/1x1/lv.svg]
[www.urbanui.com/chroma/vendors/iconfonts/flag-icon-css/flags/4x3/ly.svg]
[www.urbanui.com/chroma/vendors/iconfonts/flag-icon-css/flags/1x1/ly.svg]
[www.urbanui.com/chroma/vendors/iconfonts/flag-icon-css/flags/4x3/ma.svg]
[www.urbanui.com/chroma/vendors/iconfonts/flag-icon-css/flags/1x1/ma.svg]
[www.urbanui.com/chroma/vendors/iconfonts/flag-icon-css/flags/4x3/mc.svg]
[www.urbanui.com/chroma/vendors/iconfonts/flag-icon-css/flags/1x1/mc.svg]
[www.urbanui.com/chroma/vendors/iconfonts/flag-icon-css/flags/4x3/md.svg]
[www.urbanui.com/chroma/vendors/iconfonts/flag-icon-css/flags/1x1/md.svg]
[www.urbanui.com/chroma/vendors/iconfonts/flag-icon-css/flags/1x1/me.svg]
[www.urbanui.com/chroma/vendors/iconfonts/flag-icon-css/flags/4x3/mf.svg]
[www.urbanui.com/chroma/vendors/iconfonts/flag-icon-css/flags/1x1/mf.svg]
[www.urbanui.com/chroma/vendors/iconfonts/flag-icon-css/flags/4x3/mg.svg]
[www.urbanui.com/chroma/vendors/iconfonts/flag-icon-css/flags/1x1/mg.svg]
[www.urbanui.com/chroma/vendors/iconfonts/flag-icon-css/flags/4x3/mh.svg]
[www.urbanui.com/chroma/vendors/iconfonts/flag-icon-css/flags/1x1/mh.svg]
[www.urbanui.com/chroma/vendors/iconfonts/flag-icon-css/flags/4x3/mk.svg]
[www.urbanui.com/chroma/vendors/iconfonts/flag-icon-css/flags/1x1/mk.svg]
[www.urbanui.com/chroma/vendors/iconfonts/flag-icon-css/flags/4x3/ml.svg]
[www.urbanui.com/chroma/vendors/iconfonts/flag-icon-css/flags/1x1/ml.svg]
[www.urbanui.com/chroma/vendors/iconfonts/flag-icon-css/flags/4x3/mm.svg]
[www.urbanui.com/chroma/vendors/iconfonts/flag-icon-css/flags/1x1/mm.svg]
[www.urbanui.com/chroma/vendors/iconfonts/flag-icon-css/flags/4x3/mn.svg]
[www.urbanui.com/chroma/vendors/iconfonts/flag-icon-css/flags/1x1/mn.svg]
[www.urbanui.com/chroma/vendors/iconfonts/flag-icon-css/flags/4x3/mo.svg]
[www.urbanui.com/chroma/vendors/iconfonts/flag-icon-css/flags/1x1/mo.svg]
[www.urbanui.com/chroma/vendors/iconfonts/flag-icon-css/flags/4x3/mp.svg]
[www.urbanui.com/chroma/vendors/iconfonts/flag-icon-css/flags/1x1/mp.svg]
[www.urbanui.com/chroma/vendors/iconfonts/flag-icon-css/flags/4x3/mq.svg]
[www.urbanui.com/chroma/vendors/iconfonts/flag-icon-css/flags/1x1/mq.svg]
[www.urbanui.com/chroma/vendors/iconfonts/flag-icon-css/flags/4x3/mr.svg]
[www.urbanui.com/chroma/vendors/iconfonts/flag-icon-css/flags/1x1/mr.svg]
[www.urbanui.com/chroma/vendors/iconfonts/flag-icon-css/flags/1x1/ms.svg]
[www.urbanui.com/chroma/vendors/iconfonts/flag-icon-css/flags/4x3/mt.svg]
[www.urbanui.com/chroma/vendors/iconfonts/flag-icon-css/flags/1x1/mt.svg]
[www.urbanui.com/chroma/vendors/iconfonts/flag-icon-css/flags/1x1/mu.svg]
[www.urbanui.com/chroma/vendors/iconfonts/flag-icon-css/flags/4x3/mv.svg]
[www.urbanui.com/chroma/vendors/iconfonts/flag-icon-css/flags/1x1/mv.svg]
[www.urbanui.com/chroma/vendors/iconfonts/flag-icon-css/flags/4x3/mw.svg]
[www.urbanui.com/chroma/vendors/iconfonts/flag-icon-css/flags/1x1/mw.svg]
[www.urbanui.com/chroma/vendors/iconfonts/flag-icon-css/flags/4x3/mx.svg]
[www.urbanui.com/chroma/vendors/iconfonts/flag-icon-css/flags/1x1/mx.svg]
[www.urbanui.com/chroma/vendors/iconfonts/flag-icon-css/flags/4x3/my.svg]
[www.urbanui.com/chroma/vendors/iconfonts/flag-icon-css/flags/1x1/my.svg]
[www.urbanui.com/chroma/vendors/iconfonts/flag-icon-css/flags/4x3/mz.svg]
[www.urbanui.com/chroma/vendors/iconfonts/flag-icon-css/flags/1x1/mz.svg]
[www.urbanui.com/chroma/vendors/iconfonts/flag-icon-css/flags/4x3/na.svg]
[www.urbanui.com/chroma/vendors/iconfonts/flag-icon-css/flags/1x1/na.svg]
[www.urbanui.com/chroma/vendors/iconfonts/flag-icon-css/flags/4x3/nc.svg]
[www.urbanui.com/chroma/vendors/iconfonts/flag-icon-css/flags/1x1/nc.svg]
[www.urbanui.com/chroma/vendors/iconfonts/flag-icon-css/flags/4x3/ne.svg]
[www.urbanui.com/chroma/vendors/iconfonts/flag-icon-css/flags/1x1/ne.svg]
[www.urbanui.com/chroma/vendors/iconfonts/flag-icon-css/flags/4x3/nf.svg]
[www.urbanui.com/chroma/vendors/iconfonts/flag-icon-css/flags/1x1/nf.svg]
[www.urbanui.com/chroma/vendors/iconfonts/flag-icon-css/flags/4x3/ng.svg]
[www.urbanui.com/chroma/vendors/iconfonts/flag-icon-css/flags/1x1/ng.svg]
[www.urbanui.com/chroma/vendors/iconfonts/flag-icon-css/flags/4x3/ni.svg]
[www.urbanui.com/chroma/vendors/iconfonts/flag-icon-css/flags/1x1/ni.svg]
[www.urbanui.com/chroma/vendors/iconfonts/flag-icon-css/flags/4x3/nl.svg]
[www.urbanui.com/chroma/vendors/iconfonts/flag-icon-css/flags/1x1/nl.svg]
[www.urbanui.com/chroma/vendors/iconfonts/flag-icon-css/flags/4x3/no.svg]
[www.urbanui.com/chroma/vendors/iconfonts/flag-icon-css/flags/1x1/no.svg]
[www.urbanui.com/chroma/vendors/iconfonts/flag-icon-css/flags/4x3/np.svg]
[www.urbanui.com/chroma/vendors/iconfonts/flag-icon-css/flags/1x1/np.svg]
[www.urbanui.com/chroma/vendors/iconfonts/flag-icon-css/flags/4x3/nr.svg]
[www.urbanui.com/chroma/vendors/iconfonts/flag-icon-css/flags/1x1/nr.svg]
[www.urbanui.com/chroma/vendors/iconfonts/flag-icon-css/flags/4x3/nu.svg]
[www.urbanui.com/chroma/vendors/iconfonts/flag-icon-css/flags/1x1/nu.svg]
[www.urbanui.com/chroma/vendors/iconfonts/flag-icon-css/flags/4x3/nz.svg]
[www.urbanui.com/chroma/vendors/iconfonts/flag-icon-css/flags/1x1/nz.svg]
[www.urbanui.com/chroma/vendors/iconfonts/flag-icon-css/flags/4x3/om.svg]
[www.urbanui.com/chroma/vendors/iconfonts/flag-icon-css/flags/1x1/om.svg]
[www.urbanui.com/chroma/vendors/iconfonts/flag-icon-css/flags/4x3/pe.svg]
[www.urbanui.com/chroma/vendors/iconfonts/flag-icon-css/flags/1x1/pe.svg]
[www.urbanui.com/chroma/vendors/iconfonts/flag-icon-css/flags/4x3/pf.svg]
[www.urbanui.com/chroma/vendors/iconfonts/flag-icon-css/flags/1x1/pf.svg]
[www.urbanui.com/chroma/vendors/iconfonts/flag-icon-css/flags/4x3/pg.svg]
[www.urbanui.com/chroma/vendors/iconfonts/flag-icon-css/flags/1x1/pg.svg]
[www.urbanui.com/chroma/vendors/iconfonts/flag-icon-css/flags/4x3/ph.svg]
[www.urbanui.com/chroma/vendors/iconfonts/flag-icon-css/flags/1x1/ph.svg]
[www.urbanui.com/chroma/vendors/iconfonts/flag-icon-css/flags/4x3/pk.svg]
[www.urbanui.com/chroma/vendors/iconfonts/flag-icon-css/flags/1x1/pk.svg]
[www.urbanui.com/chroma/vendors/iconfonts/flag-icon-css/flags/4x3/pl.svg]
[www.urbanui.com/chroma/vendors/iconfonts/flag-icon-css/flags/1x1/pl.svg]
[www.urbanui.com/chroma/vendors/iconfonts/flag-icon-css/flags/4x3/pm.svg]
[www.urbanui.com/chroma/vendors/iconfonts/flag-icon-css/flags/1x1/pm.svg]
[www.urbanui.com/chroma/vendors/iconfonts/flag-icon-css/flags/4x3/pn.svg]
[www.urbanui.com/chroma/vendors/iconfonts/flag-icon-css/flags/1x1/pn.svg]
[www.urbanui.com/chroma/vendors/iconfonts/flag-icon-css/flags/4x3/pr.svg]
[www.urbanui.com/chroma/vendors/iconfonts/flag-icon-css/flags/1x1/pr.svg]
[www.urbanui.com/chroma/vendors/iconfonts/flag-icon-css/flags/4x3/ps.svg]
[www.urbanui.com/chroma/vendors/iconfonts/flag-icon-css/flags/1x1/ps.svg]
[www.urbanui.com/chroma/vendors/iconfonts/flag-icon-css/flags/4x3/pt.svg]
[www.urbanui.com/chroma/vendors/iconfonts/flag-icon-css/flags/1x1/pt.svg]
[www.urbanui.com/chroma/vendors/iconfonts/flag-icon-css/flags/4x3/pw.svg]
[www.urbanui.com/chroma/vendors/iconfonts/flag-icon-css/flags/4x3/py.svg]
[www.urbanui.com/chroma/vendors/iconfonts/flag-icon-css/flags/1x1/py.svg]
[www.urbanui.com/chroma/vendors/iconfonts/flag-icon-css/flags/4x3/qa.svg]
[www.urbanui.com/chroma/vendors/iconfonts/flag-icon-css/flags/1x1/qa.svg]
[www.urbanui.com/chroma/vendors/iconfonts/flag-icon-css/flags/4x3/re.svg]
[www.urbanui.com/chroma/vendors/iconfonts/flag-icon-css/flags/1x1/re.svg]
[www.urbanui.com/chroma/vendors/iconfonts/flag-icon-css/flags/4x3/ro.svg]
[www.urbanui.com/chroma/vendors/iconfonts/flag-icon-css/flags/1x1/ro.svg]
[www.urbanui.com/chroma/vendors/iconfonts/flag-icon-css/flags/4x3/rs.svg]
[www.urbanui.com/chroma/vendors/iconfonts/flag-icon-css/flags/1x1/rs.svg]
[www.urbanui.com/chroma/vendors/iconfonts/flag-icon-css/flags/4x3/ru.svg]
[www.urbanui.com/chroma/vendors/iconfonts/flag-icon-css/flags/1x1/ru.svg]
[www.urbanui.com/chroma/vendors/iconfonts/flag-icon-css/flags/4x3/rw.svg]
[www.urbanui.com/chroma/vendors/iconfonts/flag-icon-css/flags/1x1/rw.svg]
[www.urbanui.com/chroma/vendors/iconfonts/flag-icon-css/flags/4x3/sa.svg]
[www.urbanui.com/chroma/vendors/iconfonts/flag-icon-css/flags/1x1/sa.svg]
[www.urbanui.com/chroma/vendors/iconfonts/flag-icon-css/flags/4x3/sb.svg]
[www.urbanui.com/chroma/vendors/iconfonts/flag-icon-css/flags/1x1/sb.svg]
[www.urbanui.com/chroma/vendors/iconfonts/flag-icon-css/flags/4x3/sc.svg]
[www.urbanui.com/chroma/vendors/iconfonts/flag-icon-css/flags/1x1/sc.svg]
[www.urbanui.com/chroma/vendors/iconfonts/flag-icon-css/flags/4x3/sd.svg]
[www.urbanui.com/chroma/vendors/iconfonts/flag-icon-css/flags/1x1/sd.svg]
[www.urbanui.com/chroma/vendors/iconfonts/flag-icon-css/flags/4x3/se.svg]
[www.urbanui.com/chroma/vendors/iconfonts/flag-icon-css/flags/1x1/se.svg]
[www.urbanui.com/chroma/vendors/iconfonts/flag-icon-css/flags/4x3/sg.svg]
[www.urbanui.com/chroma/vendors/iconfonts/flag-icon-css/flags/1x1/sg.svg]
[www.urbanui.com/chroma/vendors/iconfonts/flag-icon-css/flags/4x3/sh.svg]
[www.urbanui.com/chroma/vendors/iconfonts/flag-icon-css/flags/1x1/sh.svg]
[www.urbanui.com/chroma/vendors/iconfonts/flag-icon-css/flags/1x1/si.svg]
[www.urbanui.com/chroma/vendors/iconfonts/flag-icon-css/flags/4x3/sj.svg]
[www.urbanui.com/chroma/vendors/iconfonts/flag-icon-css/flags/1x1/sj.svg]
[www.urbanui.com/chroma/vendors/iconfonts/flag-icon-css/flags/4x3/sk.svg]
[www.urbanui.com/chroma/vendors/iconfonts/flag-icon-css/flags/1x1/sk.svg]
[www.urbanui.com/chroma/vendors/iconfonts/flag-icon-css/flags/4x3/sl.svg]
[www.urbanui.com/chroma/vendors/iconfonts/flag-icon-css/flags/1x1/sl.svg]
[www.urbanui.com/chroma/vendors/iconfonts/flag-icon-css/flags/4x3/sm.svg]
[www.urbanui.com/chroma/vendors/iconfonts/flag-icon-css/flags/1x1/sm.svg]
[www.urbanui.com/chroma/vendors/iconfonts/flag-icon-css/flags/1x1/sn.svg]
[www.urbanui.com/chroma/vendors/iconfonts/flag-icon-css/flags/4x3/so.svg]
[www.urbanui.com/chroma/vendors/iconfonts/flag-icon-css/flags/1x1/so.svg]
[www.urbanui.com/chroma/vendors/iconfonts/flag-icon-css/flags/4x3/sr.svg]
[www.urbanui.com/chroma/vendors/iconfonts/flag-icon-css/flags/1x1/sr.svg]
[www.urbanui.com/chroma/vendors/iconfonts/flag-icon-css/flags/4x3/ss.svg]
[www.urbanui.com/chroma/vendors/iconfonts/flag-icon-css/flags/1x1/ss.svg]
[www.urbanui.com/chroma/vendors/iconfonts/flag-icon-css/flags/4x3/st.svg]
[www.urbanui.com/chroma/vendors/iconfonts/flag-icon-css/flags/1x1/st.svg]
[www.urbanui.com/chroma/vendors/iconfonts/flag-icon-css/flags/4x3/sv.svg]
[www.urbanui.com/chroma/vendors/iconfonts/flag-icon-css/flags/1x1/sv.svg]
[www.urbanui.com/chroma/vendors/iconfonts/flag-icon-css/flags/4x3/sx.svg]
[www.urbanui.com/chroma/vendors/iconfonts/flag-icon-css/flags/1x1/sx.svg]
[www.urbanui.com/chroma/vendors/iconfonts/flag-icon-css/flags/4x3/sy.svg]
[www.urbanui.com/chroma/vendors/iconfonts/flag-icon-css/flags/1x1/sy.svg]
[www.urbanui.com/chroma/vendors/iconfonts/flag-icon-css/flags/4x3/sz.svg]
[www.urbanui.com/chroma/vendors/iconfonts/flag-icon-css/flags/1x1/sz.svg]
[www.urbanui.com/chroma/vendors/iconfonts/flag-icon-css/flags/4x3/tc.svg]
[www.urbanui.com/chroma/vendors/iconfonts/flag-icon-css/flags/1x1/tc.svg]
[www.urbanui.com/chroma/vendors/iconfonts/flag-icon-css/flags/4x3/td.svg]
[www.urbanui.com/chroma/vendors/iconfonts/flag-icon-css/flags/1x1/td.svg]
[www.urbanui.com/chroma/vendors/iconfonts/flag-icon-css/flags/4x3/tf.svg]
[www.urbanui.com/chroma/vendors/iconfonts/flag-icon-css/flags/1x1/tf.svg]
[www.urbanui.com/chroma/vendors/iconfonts/flag-icon-css/flags/1x1/tg.svg]
[www.urbanui.com/chroma/vendors/iconfonts/flag-icon-css/flags/4x3/th.svg]
[www.urbanui.com/chroma/vendors/iconfonts/flag-icon-css/flags/1x1/th.svg]
[www.urbanui.com/chroma/vendors/iconfonts/flag-icon-css/flags/4x3/tj.svg]
[www.urbanui.com/chroma/vendors/iconfonts/flag-icon-css/flags/1x1/tj.svg]
[www.urbanui.com/chroma/vendors/iconfonts/flag-icon-css/flags/4x3/tk.svg]
[www.urbanui.com/chroma/vendors/iconfonts/flag-icon-css/flags/1x1/tk.svg]
[www.urbanui.com/chroma/vendors/iconfonts/flag-icon-css/flags/4x3/tl.svg]
[www.urbanui.com/chroma/vendors/iconfonts/flag-icon-css/flags/1x1/tl.svg]
[www.urbanui.com/chroma/vendors/iconfonts/flag-icon-css/flags/4x3/tm.svg]
[www.urbanui.com/chroma/vendors/iconfonts/flag-icon-css/flags/1x1/tm.svg]
[www.urbanui.com/chroma/vendors/iconfonts/flag-icon-css/flags/4x3/tn.svg]
[www.urbanui.com/chroma/vendors/iconfonts/flag-icon-css/flags/1x1/tn.svg]
[www.urbanui.com/chroma/vendors/iconfonts/flag-icon-css/flags/4x3/to.svg]
[www.urbanui.com/chroma/vendors/iconfonts/flag-icon-css/flags/1x1/to.svg]
[www.urbanui.com/chroma/vendors/iconfonts/flag-icon-css/flags/4x3/tr.svg]
[www.urbanui.com/chroma/vendors/iconfonts/flag-icon-css/flags/1x1/tr.svg]
[www.urbanui.com/chroma/vendors/iconfonts/flag-icon-css/flags/4x3/tt.svg]
[www.urbanui.com/chroma/vendors/iconfonts/flag-icon-css/flags/1x1/tt.svg]
[www.urbanui.com/chroma/vendors/iconfonts/flag-icon-css/flags/4x3/tv.svg]
[www.urbanui.com/chroma/vendors/iconfonts/flag-icon-css/flags/1x1/tv.svg]
[www.urbanui.com/chroma/vendors/iconfonts/flag-icon-css/flags/4x3/tw.svg]
[www.urbanui.com/chroma/vendors/iconfonts/flag-icon-css/flags/1x1/tw.svg]
[www.urbanui.com/chroma/vendors/iconfonts/flag-icon-css/flags/4x3/tz.svg]
[www.urbanui.com/chroma/vendors/iconfonts/flag-icon-css/flags/1x1/tz.svg]
[www.urbanui.com/chroma/vendors/iconfonts/flag-icon-css/flags/4x3/ua.svg]
[www.urbanui.com/chroma/vendors/iconfonts/flag-icon-css/flags/1x1/ua.svg]
[www.urbanui.com/chroma/vendors/iconfonts/flag-icon-css/flags/4x3/ug.svg]
[www.urbanui.com/chroma/vendors/iconfonts/flag-icon-css/flags/1x1/ug.svg]
[www.urbanui.com/chroma/vendors/iconfonts/flag-icon-css/flags/4x3/um.svg]
[www.urbanui.com/chroma/vendors/iconfonts/flag-icon-css/flags/1x1/um.svg]
[www.urbanui.com/chroma/vendors/iconfonts/flag-icon-css/flags/4x3/us.svg]
[www.urbanui.com/chroma/vendors/iconfonts/flag-icon-css/flags/1x1/us.svg]
[www.urbanui.com/chroma/vendors/iconfonts/flag-icon-css/flags/4x3/uy.svg]
[www.urbanui.com/chroma/vendors/iconfonts/flag-icon-css/flags/1x1/uy.svg]
[www.urbanui.com/chroma/vendors/iconfonts/flag-icon-css/flags/4x3/uz.svg]
[www.urbanui.com/chroma/vendors/iconfonts/flag-icon-css/flags/1x1/uz.svg]
[www.urbanui.com/chroma/vendors/iconfonts/flag-icon-css/flags/4x3/va.svg]
[www.urbanui.com/chroma/vendors/iconfonts/flag-icon-css/flags/1x1/va.svg]
[www.urbanui.com/chroma/vendors/iconfonts/flag-icon-css/flags/4x3/vc.svg]
[www.urbanui.com/chroma/vendors/iconfonts/flag-icon-css/flags/1x1/vc.svg]
[www.urbanui.com/chroma/vendors/iconfonts/flag-icon-css/flags/4x3/ve.svg]
[www.urbanui.com/chroma/vendors/iconfonts/flag-icon-css/flags/1x1/ve.svg]
[www.urbanui.com/chroma/vendors/iconfonts/flag-icon-css/flags/4x3/vg.svg]
[www.urbanui.com/chroma/vendors/iconfonts/flag-icon-css/flags/1x1/vg.svg]
[www.urbanui.com/chroma/vendors/iconfonts/flag-icon-css/flags/4x3/vi.svg]
[www.urbanui.com/chroma/vendors/iconfonts/flag-icon-css/flags/1x1/vi.svg]
[www.urbanui.com/chroma/vendors/iconfonts/flag-icon-css/flags/4x3/vn.svg]
[www.urbanui.com/chroma/vendors/iconfonts/flag-icon-css/flags/1x1/vn.svg]
[www.urbanui.com/chroma/vendors/iconfonts/flag-icon-css/flags/4x3/vu.svg]
[www.urbanui.com/chroma/vendors/iconfonts/flag-icon-css/flags/1x1/vu.svg]
[www.urbanui.com/chroma/vendors/iconfonts/flag-icon-css/flags/4x3/wf.svg]
[www.urbanui.com/chroma/vendors/iconfonts/flag-icon-css/flags/1x1/wf.svg]
[www.urbanui.com/chroma/vendors/iconfonts/flag-icon-css/flags/4x3/ws.svg]
[www.urbanui.com/chroma/vendors/iconfonts/flag-icon-css/flags/1x1/ws.svg]
[www.urbanui.com/chroma/vendors/iconfonts/flag-icon-css/flags/4x3/ye.svg]
[www.urbanui.com/chroma/vendors/iconfonts/flag-icon-css/flags/1x1/ye.svg]
[www.urbanui.com/chroma/vendors/iconfonts/flag-icon-css/flags/4x3/yt.svg]
[www.urbanui.com/chroma/vendors/iconfonts/flag-icon-css/flags/1x1/yt.svg]
[www.urbanui.com/chroma/vendors/iconfonts/flag-icon-css/flags/4x3/za.svg]
[www.urbanui.com/chroma/vendors/iconfonts/flag-icon-css/flags/1x1/za.svg]
[www.urbanui.com/chroma/vendors/iconfonts/flag-icon-css/flags/4x3/zm.svg]
[www.urbanui.com/chroma/vendors/iconfonts/flag-icon-css/flags/1x1/zm.svg]
[www.urbanui.com/chroma/vendors/iconfonts/flag-icon-css/flags/4x3/zw.svg]
[www.urbanui.com/chroma/vendors/iconfonts/flag-icon-css/flags/1x1/zw.svg]
[www.urbanui.com/chroma/vendors/iconfonts/flag-icon-css/flags/1x1/es-ct.svg]
[www.urbanui.com/chroma/vendors/iconfonts/flag-icon-css/flags/4x3/eu.svg]
[www.urbanui.com/chroma/vendors/iconfonts/flag-icon-css/flags/1x1/eu.svg]
[www.urbanui.com/chroma/vendors/iconfonts/flag-icon-css/flags/4x3/gb-eng.svg]
[www.urbanui.com/chroma/vendors/iconfonts/flag-icon-css/flags/1x1/gb-eng.svg]
[www.urbanui.com/chroma/vendors/iconfonts/flag-icon-css/flags/4x3/gb-nir.svg]
[www.urbanui.com/chroma/vendors/iconfonts/flag-icon-css/flags/1x1/gb-nir.svg]
[www.urbanui.com/chroma/vendors/iconfonts/flag-icon-css/flags/4x3/gb-sct.svg]
[www.urbanui.com/chroma/vendors/iconfonts/flag-icon-css/flags/1x1/gb-sct.svg]
[www.urbanui.com/chroma/vendors/iconfonts/flag-icon-css/flags/4x3/gb-wls.svg]
[www.urbanui.com/chroma/vendors/iconfonts/flag-icon-css/flags/1x1/gb-wls.svg]
[www.urbanui.com/chroma/vendors/iconfonts/flag-icon-css/flags/4x3/un.svg]
[www.urbanui.com/chroma/vendors/iconfonts/simple-line-icon/fonts/Simple-Line-Iconsb26c.woff]
[www.urbanui.com/chroma/vendors/fonts/dropify.html]
[www.urbanui.com/chroma/vendors/fonts/dropify-2.html]
[www.urbanui.com/chroma/vendors/img/loading.html]
[www.urbanui.com/chroma/vendors/img/clear.html]
[www.urbanui.com/chroma/vendors/css/minimal/_all.html]
[www.urbanui.com/chroma/vendors/css/square/_all.html]
[www.urbanui.com/chroma/vendors/css/flat/_all.html]
[www.urbanui.com/chroma/vendors/css/line/_all.html]
[www.urbanui.com/chroma/vendors/css/polaris/polaris.html]
[www.urbanui.com/chroma/vendors/css/futurico/futurico.html]
[www.urbanui.com/chroma/vendors/css/owl.video.play.html]
[www.urbanui.com/chroma/vendors/css/font/context-menu-icons78f9.html]
[www.urbanui.com/chroma/vendors/css/font/context-menu-icons78f9-2.html]
[www.urbanui.com/chroma/vendors/css/font/context-menu-icons78f9-3.html]
[www.urbanui.com/chroma/vendors/css/font/context-menu-icons78f9-4.html]
[www.urbanui.com/chroma/images/logo-mini.svg]
[www.urbanui.com/chroma/js/horizontal-menu.js]
[www.urbanui.com/chroma/images/faces/face9.jpg]
[www.urbanui.com/chroma/vendors/fonts/dropify.woff]
[www.urbanui.com/chroma/vendors/fonts/dropify.ttf]
[www.urbanui.com/chroma/vendors/lightgallery/fonts/lgd641.eot]
[www.urbanui.com/chroma/js/calendar.js]
[www.urbanui.com/chroma/vendors/lightgallery/fonts/lgd41d.eot]
[www.urbanui.com/chroma/vendors/lightgallery/fonts/lgd641.ttf]
[www.urbanui.com/chroma/vendors/lightgallery/img/vimeo-play.png]
[www.urbanui.com/chroma/vendors/lightgallery/img/video-play.png]
[www.urbanui.com/chroma/vendors/lightgallery/img/youtube-play.png]
[www.urbanui.com/chroma/vendors/lightgallery/css/lightgallery.css]
[www.urbanui.com/chroma/vendors/lightgallery/img/loading.gif]
[www.urbanui.com/chroma/images/samples/300x300/7.jpg]
[www.urbanui.com/chroma/images/samples/1280x768/4.jpg]
[www.urbanui.com/chroma/images/samples/1280x768/10.jpg]
[www.urbanui.com/chroma/images/samples/1280x768/9.jpg]
[www.urbanui.com/chroma/images/samples/300x300/12.jpg]
[www.urbanui.com/chroma/vendors/lightgallery/js/lightgallery-all.min.js]
[www.urbanui.com/chroma/js/ion-range-slider.js]
[www.urbanui.com/chroma/js/tight-grid.js]
[www.urbanui.com/chroma/vendors/icheck/skins/minimal/_all.css]
[www.urbanui.com/chroma/vendors/icheck/skins/square/_all.css]
[www.urbanui.com/chroma/vendors/icheck/skins/flat/_all.css]
[www.urbanui.com/chroma/vendors/icheck/skins/line/_all.css]
[www.urbanui.com/chroma/vendors/icheck/skins/polaris/polaris.css]
[www.urbanui.com/chroma/vendors/icheck/skins/futurico/futurico.css]
[www.urbanui.com/chroma/vendors/icheck/skins/all.css]
[www.urbanui.com/chroma/vendors/iconfonts/font-awesome/fonts/fontawesome-webfont3e6e.eot]
[www.urbanui.com/chroma/vendors/iconfonts/font-awesome/fonts/fontawesome-webfontd41d.eot]
[www.urbanui.com/chroma/vendors/iconfonts/font-awesome/fonts/fontawesome-webfont3e6e.woff]
[www.urbanui.com/chroma/vendors/iconfonts/font-awesome/fonts/fontawesome-webfont3e6e.ttf]
[www.urbanui.com/chroma/vendors/iconfonts/font-awesome/css/font-awesome.min.css]
[www.urbanui.com/chroma/pages/images/favicon.html]
[www.urbanui.com/images/file-icons/64/001-interface-1.3e3.delayed]
[www.urbanui.com/images/file-icons/128/001-interface-1.png]
[www.urbanui.com/chroma/pages/forms/dropify.html]
[www.urbanui.com/chroma/vendors/summernote/dist/font/summernoted41d.eot]
[www.urbanui.com/chroma/js/form-validation.js]
[www.urbanui.com/chroma/vendors/summernote/dist/summernote-bs4.css]
[www.urbanui.com/chroma/pages/forms/lib/codemirror.html]
[www.urbanui.com/chroma/pages/forms/lib/codemirror-2.html]
[www.urbanui.com/chroma/pages/charts/images/favicon.html]
[www.urbanui.com/chroma/pages/tables/images/favicon.html]
[www.urbanui.com/chroma/pages/maps/images/favicon.html]
[www.urbanui.com/chroma/vendors/summernote/dist/font/summernote291f.ttf]
[www.urbanui.com/chroma/images/file-icons/icon-google.svg]
[www.urbanui.com/chroma/pages/samples/timeline.html]
[www.urbanui.com/chroma/vendors/iconfonts/ti-icons/css/themify-icons.css]
[www.urbanui.com/chroma/images/samples/300x300/13.jpg]
[www.urbanui.com/chroma/js/maps.js]
[www.urbanui.com/chroma/images/samples/300x300/14.jpg]
[www.urbanui.com/chroma/images/samples/300x300/15.jpg]
[www.urbanui.com/chroma/pages/samples/portfolio.html]
[www.urbanui.com/images/favicon.html]
[www.urbanui.com/chroma/documentation/index.html]
[www.urbanui.com/chroma/documentation/images/logo.html]
[www.urbanui.com/chroma/documentation/images/logo-mini.html]
[www.urbanui.com/chroma/documentation/images/faces/face1.html]
[www.urbanui.com/chroma/documentation/images/faces/face4.html]
[www.urbanui.com/chroma/documentation/images/faces/face2.html]
[www.urbanui.com/chroma/documentation/images/faces/face3.html]
[www.urbanui.com/chroma/documentation/pages/layout/boxed-layout.html]
[www.urbanui.com/chroma/documentation/pages/layout/rtl-layout.html]
[www.urbanui.com/chroma/documentation/pages/layout/horizontal-menu.html]
[www.urbanui.com/chroma/documentation/pages/layout/horizontal-menu-2.html]
[www.urbanui.com/chroma/documentation/pages/apps/email.html]
[www.urbanui.com/chroma/documentation/pages/apps/calendar.html]
[www.urbanui.com/chroma/documentation/pages/apps/todo.html]
[www.urbanui.com/chroma/documentation/pages/apps/gallery.html]
[www.urbanui.com/chroma/documentation/pages/widgets.html]
[www.urbanui.com/chroma/documentation/pages/layout/compact-menu.html]
[www.urbanui.com/chroma/documentation/pages/layout/sidebar-collapsed.html]
[www.urbanui.com/chroma/documentation/pages/layout/sidebar-hidden.html]
[www.urbanui.com/chroma/documentation/pages/layout/sidebar-hidden-overlay.html]
[www.urbanui.com/chroma/documentation/pages/layout/sidebar-fixed.html]
[www.urbanui.com/chroma/documentation/pages/ui-features/accordions.html]
[www.urbanui.com/chroma/documentation/pages/ui-features/buttons.html]
[www.urbanui.com/chroma/documentation/pages/ui-features/badges.html]
[www.urbanui.com/chroma/documentation/pages/ui-features/breadcrumbs.html]
[www.urbanui.com/chroma/documentation/pages/ui-features/dropdowns.html]
[www.urbanui.com/chroma/documentation/pages/ui-features/modals.html]
[www.urbanui.com/chroma/documentation/pages/ui-features/progress.html]
[www.urbanui.com/chroma/documentation/pages/ui-features/pagination.html]
[www.urbanui.com/chroma/documentation/pages/ui-features/tabs.html]
[www.urbanui.com/chroma/documentation/pages/ui-features/typography.html]
[www.urbanui.com/chroma/documentation/pages/ui-features/tooltips.html]
[www.urbanui.com/chroma/documentation/pages/ui-features/dragula.html]
[www.urbanui.com/chroma/documentation/pages/ui-features/clipboard.html]
[www.urbanui.com/chroma/documentation/pages/ui-features/context-menu.html]
[www.urbanui.com/chroma/documentation/pages/ui-features/slider.html]
[www.urbanui.com/chroma/documentation/pages/ui-features/carousel.html]
[www.urbanui.com/chroma/documentation/pages/ui-features/colcade.html]
[www.urbanui.com/chroma/documentation/pages/ui-features/loaders.html]
[www.urbanui.com/chroma/documentation/pages/forms/basic_elements.html]
[www.urbanui.com/chroma/documentation/pages/forms/advanced_elements.html]
[www.urbanui.com/chroma/documentation/pages/forms/validation.html]
[www.urbanui.com/chroma/documentation/pages/forms/wizard.html]
[www.urbanui.com/chroma/documentation/pages/forms/text_editor.html]
[www.urbanui.com/chroma/documentation/pages/forms/code_editor.html]
[www.urbanui.com/chroma/documentation/pages/charts/chartjs.html]
[www.urbanui.com/chroma/documentation/pages/charts/morris.html]
[www.urbanui.com/chroma/documentation/pages/charts/flot-chart.html]
[www.urbanui.com/chroma/documentation/pages/charts/google-charts.html]
[www.urbanui.com/chroma/documentation/pages/charts/sparkline.html]
[www.urbanui.com/chroma/documentation/pages/charts/c3.html]
[www.urbanui.com/chroma/documentation/pages/charts/chartist.html]
[www.urbanui.com/chroma/documentation/pages/charts/justGage.html]
[www.urbanui.com/chroma/documentation/pages/tables/basic-table.html]
[www.urbanui.com/chroma/documentation/pages/tables/data-table.html]
[www.urbanui.com/chroma/documentation/pages/tables/js-grid.html]
[www.urbanui.com/chroma/documentation/pages/tables/sortable-table.html]
[www.urbanui.com/chroma/documentation/pages/ui-features/popups.html]
[www.urbanui.com/chroma/documentation/pages/ui-features/notifications.html]
[www.urbanui.com/chroma/documentation/pages/icons/flag-icons.html]
[www.urbanui.com/chroma/documentation/pages/icons/font-awesome.html]
[www.urbanui.com/chroma/documentation/pages/icons/simple-line-icon.html]
[www.urbanui.com/chroma/documentation/pages/icons/themify.html]
[www.urbanui.com/chroma/documentation/pages/maps/mapeal.html]
[www.urbanui.com/chroma/documentation/pages/maps/vector-map.html]
[www.urbanui.com/chroma/documentation/pages/maps/google-maps.html]
[www.urbanui.com/chroma/documentation/pages/samples/login.html]
[www.urbanui.com/chroma/documentation/pages/samples/login-2.html]
[www.urbanui.com/chroma/documentation/pages/samples/register.html]
[www.urbanui.com/chroma/documentation/pages/samples/register-2.html]
[www.urbanui.com/chroma/documentation/pages/samples/lock-screen.html]
[www.urbanui.com/chroma/documentation/pages/samples/error-404.html]
[www.urbanui.com/chroma/documentation/pages/samples/error-500.html]
[www.urbanui.com/chroma/documentation/pages/samples/blank-page.html]
[www.urbanui.com/chroma/documentation/pages/samples/profile.html]
[www.urbanui.com/chroma/documentation/pages/samples/faq.html]
[www.urbanui.com/chroma/documentation/pages/samples/faq-2.html]
[www.urbanui.com/chroma/documentation/pages/samples/news-grid.html]
[www.urbanui.com/chroma/documentation/pages/samples/timeline.html]
[www.urbanui.com/chroma/documentation/pages/samples/search-results.html]
[www.urbanui.com/chroma/documentation/pages/samples/portfolio.html]
[www.urbanui.com/chroma/documentation/pages/samples/invoice.html]
[www.urbanui.com/chroma/documentation/pages/samples/pricing-table.html]
[www.urbanui.com/chroma/documentation/pages/samples/orders.html]
[www.urbanui.com/chroma/documentation/documentation/documentation.html]
[www.urbanui.com/chroma/documentation/path-to/js/tooltips.html]
[www.urbanui.com/chroma/documentation/path-to/node_modules/clipboard/dist/clipboard.min.html]
[www.urbanui.com/chroma/documentation/path-to/js/todolist.html]
[www.urbanui.com/chroma/documentation/path-to/node_modules/dragula/dist/dragula.min.html]
[www.urbanui.com/chroma/documentation/path-to/node_modules/dragula/dist/dragula.min-2.html]
[www.urbanui.com/chroma/documentation/path-to/node_modules/nouislider/distribute/nouislider.min.html]
[www.urbanui.com/chroma/documentation/path-to/node_modules/nouislider/distribute/nouislider.min-2.html]
[www.urbanui.com/chroma/documentation/path-to/node_modules/colcade/colcade.html]
[www.urbanui.com/chroma/documentation/path-to/node_modules/lightgallery/dist/css/lightgallery.min.html]
[www.urbanui.com/node_modules/lightgallery/dist/js/lightgallery-all.min.html]
[www.urbanui.com/chroma/documentation/path-to/node_modules/owl-carousel-2/assets/owl.carousel.min.html]
[www.urbanui.com/chroma/documentation/path-to/node_modules/owl-carousel-2/owl.carousel.min.html]
[www.urbanui.com/chroma/documentation/path-to/node_modules/bootstrap-table/dist/bootstrap-table.min.html]
[www.urbanui.com/chroma/documentation/path-to/node_modules/bootstrap-table/dist/bootstrap-table.min-2.html]
[www.urbanui.com/chroma/documentation/path-to/node_modules/jsgrid/dist/jsgrid.min.html]
[www.urbanui.com/chroma/documentation/path-to/node_modules/jsgrid/dist/jsgrid-theme.min.html]
[www.urbanui.com/chroma/documentation/path-to/node_modules/jsgrid/dist/jsgrid.min-2.html]
[www.urbanui.com/chroma/documentation/path-to/js/jq.tablesort.html]
[www.urbanui.com/chroma/documentation/path-to/node_modules/perfect-scrollbar/dist/css/perfect-scrollbar.min.html]
[www.urbanui.com/chroma/documentation/path-to/node_modules/chart.js/dist/Chart.min.html]
[www.urbanui.com/chroma/documentation/path-to/node_modules/flot/jquery.flot.html]
[www.urbanui.com/chroma/documentation/path-to/node_modules/flot/jquery.flot.resize.html]
[www.urbanui.com/chroma/documentation/path-to/node_modules/c3/c3.min.html]
[www.urbanui.com/chroma/documentation/path-to/node_modules/d3/d3.min.html]
[www.urbanui.com/chroma/documentation/path-to/node_modules/c3/c3.min-2.html]
[www.urbanui.com/chroma/documentation/path-to/node_modules/chartist/dist/chartist.min.html]
[www.urbanui.com/chroma/documentation/path-to/node_modules/chartist/dist/chartist.min-2.html]
[www.urbanui.com/chroma/documentation/path-to/node_modules/morris.js/morris.html]
[www.urbanui.com/chroma/documentation/path-to/node_modules/raphael/raphael.min.html]
[www.urbanui.com/chroma/documentation/path-to/node_modules/morris.js/morris.min.html]
[www.urbanui.com/chroma/documentation/path-to/node_modules/jquery-sparkline/jquery.sparkline.min.html]
[www.urbanui.com/chroma/documentation/path-to/node_modules/justgage/justgage.html]
[www.urbanui.com/chroma/documentation/path-to/node_modules/jqvmap/dist/jqvmap.min.html]
[www.urbanui.com/chroma/documentation/path-to/node_modules/jqvmap/dist/jquery.vmap.min.html]
[www.urbanui.com/chroma/documentation/path-to/node_modules/jquery-mapael/js/jquery.mapael.min.html]
[www.urbanui.com/chroma/documentation/path-to/node_modules/jquery-validation/dist/jquery.validate.min.html]
[www.urbanui.com/chroma/documentation/path-to/node_modules/jquery-steps/build/jquery.steps.min.html]
[www.urbanui.com/chroma/documentation/path-to/node_modules/jquery.repeater/jquery.repeater.min.html]
[www.urbanui.com/chroma/documentation/path-to/node_modules/jquery-tags-input/dist/jquery.tagsinput.min.html]
[www.urbanui.com/chroma/documentation/path-to/node_modules/jquery-tags-input/dist/jquery.tagsinput.min-2.html]
[www.urbanui.com/chroma/documentation/path-to/node_modules/font-awesome/css/font-awesome.min.html]
[www.urbanui.com/chroma/documentation/path-to/node_modules/jquery-bar-rating/dist/themes/fontawesome-stars.html]
[www.urbanui.com/chroma/documentation/path-to/node_modules/jquery-bar-rating/dist/jquery.barrating.min.html]
[www.urbanui.com/chroma/documentation/path-to/node_modules/bootstrap-maxlength/bootstrap-maxlength.min.html]
[www.urbanui.com/chroma/documentation/path-to/node_modules/inputmask/dist/jquery.inputmask.bundle.html]
[www.urbanui.com/chroma/documentation/path-to/node_modules/inputmask/dist/inputmask/phone-codes/phone.html]
[www.urbanui.com/chroma/documentation/path-to/node_modules/inputmask/dist/inputmask/phone-codes/phone-be.html]
[www.urbanui.com/chroma/documentation/path-to/node_modules/inputmask/dist/inputmask/phone-codes/phone-ru.html]
[www.urbanui.com/chroma/documentation/path-to/node_modules/inputmask/dist/inputmask/bindings/inputmask.binding.html]
[www.urbanui.com/chroma/documentation/path-to/node_modules/typeahead.js/dist/typeahead.bundle.min.html]
[www.urbanui.com/chroma/documentation/path-to/node_modules/mdi/css/materialdesignicons.min.html]
[www.urbanui.com/chroma/documentation/path-to/node_modules/ti-icons/css/themify-icons.html]
[www.urbanui.com/chroma/documentation/path-to/node_modules/simple-line-icons/css/simple-line-icons.html]
[www.urbanui.com/chroma/documentation/path-to/node_modules/flag-icon-css/css/flag-icon.min.html]
[www.urbanui.com/chroma/documentation/path-to/node_modules/dropify/dist/css/dropify.min.html]
[www.urbanui.com/chroma/documentation/path-to/node_modules/dropify/dist/js/dropify.min.html]
[www.urbanui.com/chroma/documentation/path-to/node_modules/dropzone/dist/dropzone.html]
[www.urbanui.com/chroma/documentation/path-to/node_modules/jquery-file-upload/css/uploadfile.html]
[www.urbanui.com/chroma/documentation/path-to/node_modules/jquery-file-upload/js/jquery.uploadfile.min.html]
[www.urbanui.com/chroma/documentation/path-to/node_modules/tempusdominus-bootstrap-4/build/css/tempusdominus-bootstrap-4.min.html]
[www.urbanui.com/chroma/documentation/path-to/node_modules/tempusdominus-bootstrap-4/build/js/tempusdominus-bootstrap-4.html]
[www.urbanui.com/chroma/documentation/path-to/node_modules/bootstrap-datepicker/dist/css/bootstrap-datepicker.min.html]
[www.urbanui.com/chroma/documentation/path-to/node_modules/bootstrap-datepicker/dist/js/bootstrap-datepicker.min.html]
[www.urbanui.com/chroma/documentation/path-to/node_modules/jquery-asColorPicker/dist/css/asColorPicker.min.html]
[www.urbanui.com/chroma/documentation/path-to/node_modules/jquery-asColor/dist/jquery-asColor.min.html]
[www.urbanui.com/chroma/documentation/path-to/node_modules/jquery-asColorPicker/dist/jquery-asColorPicker.min.html]
[www.urbanui.com/chroma/documentation/path-to/node_modules/jquery-asGradient/dist/jquery-asGradient.min.html]
[www.urbanui.com/chroma/documentation/path-to/node_modules/tinymce/tinymce.min.html]
[www.urbanui.com/chroma/documentation/path-to/node_modules/x-editable/dist/bootstrap3-editable/css/bootstrap-editable.html]
[www.urbanui.com/chroma/documentation/path-to/node_modules/x-editable/dist/bootstrap3-editable/js/bootstrap-editable.html]
[www.urbanui.com/chroma/documentation/path-to/node_modules/summernote-bootstrap4/dist/summernote.html]
[www.urbanui.com/chroma/documentation/path-to/node_modules/summernote-bootstrap4/dist/summernote.min.html]
[www.urbanui.com/chroma/documentation/path-to/node_modules/simplemde/dist/simplemde.min.html]
[www.urbanui.com/chroma/documentation/path-to/node_modules/simplemde/dist/simplemde.min-2.html]
[www.urbanui.com/chroma/documentation/path-to/node_modules/quill/dist/quill.snow.html]
[www.urbanui.com/chroma/documentation/path-to/node_modules/quill/dist/quill.min.html]
[www.urbanui.com/chroma/documentation/path-to/node_modules/ace-builds/src/ace.html]
[www.urbanui.com/chroma/documentation/path-to/node_modules/ace-builds/src-min/mode-javascript.html]
[www.urbanui.com/chroma/documentation/path-to/node_modules/ace-builds/src-min/theme-chaos.html]
[www.urbanui.com/chroma/documentation/path-to/node_modules/codemirror/lib/codemirror.html]
[www.urbanui.com/chroma/documentation/path-to/node_modules/codemirror/theme/ambiance.html]
[www.urbanui.com/chroma/documentation/path-to/node_modules/codemirror/lib/codemirror-2.html]
[www.urbanui.com/chroma/documentation/path-to/node_modules/codemirror/mode/javascript/javascript.html]
[www.urbanui.com/chroma/vendors/iconfonts/flag-icon-css/flags/1x1/ad.svg]
[www.urbanui.com/chroma/vendors/iconfonts/flag-icon-css/flags/1x1/bo.svg]
[www.urbanui.com/chroma/vendors/iconfonts/flag-icon-css/flags/1x1/bv.svg]
[www.urbanui.com/chroma/vendors/iconfonts/flag-icon-css/flags/4x3/hk.svg]
[www.urbanui.com/chroma/vendors/iconfonts/flag-icon-css/flags/4x3/il.svg]
[www.urbanui.com/chroma/vendors/iconfonts/flag-icon-css/flags/4x3/im.svg]
[www.urbanui.com/chroma/vendors/iconfonts/flag-icon-css/flags/4x3/ki.svg]
[www.urbanui.com/chroma/vendors/iconfonts/flag-icon-css/flags/1x1/kz.svg]
[www.urbanui.com/chroma/vendors/iconfonts/flag-icon-css/flags/4x3/lk.svg]
[www.urbanui.com/chroma/vendors/iconfonts/flag-icon-css/flags/1x1/lk.svg]
[www.urbanui.com/chroma/vendors/iconfonts/flag-icon-css/flags/1x1/ls.svg]
[www.urbanui.com/chroma/vendors/iconfonts/flag-icon-css/flags/4x3/me.svg]
[www.urbanui.com/chroma/vendors/iconfonts/flag-icon-css/flags/4x3/ms.svg]
[www.urbanui.com/chroma/vendors/iconfonts/flag-icon-css/flags/4x3/mu.svg]
[www.urbanui.com/chroma/vendors/iconfonts/flag-icon-css/flags/4x3/pa.svg]
[www.urbanui.com/chroma/vendors/iconfonts/flag-icon-css/flags/1x1/pa.svg]
[www.urbanui.com/chroma/vendors/iconfonts/flag-icon-css/flags/1x1/pw.svg]
[www.urbanui.com/chroma/vendors/iconfonts/flag-icon-css/flags/4x3/si.svg]
[www.urbanui.com/chroma/vendors/iconfonts/flag-icon-css/flags/4x3/sn.svg]
[www.urbanui.com/chroma/vendors/iconfonts/flag-icon-css/flags/4x3/tg.svg]
[www.urbanui.com/chroma/vendors/iconfonts/flag-icon-css/flags/4x3/es-ct.svg]
[www.urbanui.com/chroma/vendors/iconfonts/flag-icon-css/flags/1x1/un.svg]
[www.urbanui.com/chroma/vendors/iconfonts/simple-line-icon/fonts/Simple-Line-Iconsb26c.woff2]
[www.urbanui.com/chroma/vendors/iconfonts/simple-line-icon/fonts/Simple-Line-Iconsb26c.svg]
[www.urbanui.com/chroma/vendors/fonts/dropify.woff]
[www.urbanui.com/chroma/vendors/fonts/dropify.ttf]
[www.urbanui.com/chroma/vendors/lightgallery/fonts/lgd641.svg]
[www.urbanui.com/chroma/vendors/lightgallery/fonts/lgd641.woff]
[www.urbanui.com/chroma/images/samples/1280x768/11.jpg]
[www.urbanui.com/chroma/vendors/icheck/skins/minimal/minimal@2x.png]
[www.urbanui.com/chroma/vendors/icheck/skins/minimal/red.png]
[www.urbanui.com/chroma/vendors/icheck/skins/minimal/red@2x.png]
[www.urbanui.com/chroma/vendors/icheck/skins/minimal/green.png]
[www.urbanui.com/chroma/vendors/icheck/skins/minimal/green@2x.png]
[www.urbanui.com/chroma/vendors/icheck/skins/minimal/blue.png]
[www.urbanui.com/chroma/vendors/icheck/skins/minimal/blue@2x.png]
[www.urbanui.com/chroma/vendors/icheck/skins/minimal/aero.png]
[www.urbanui.com/chroma/vendors/icheck/skins/minimal/aero@2x.png]
[www.urbanui.com/chroma/vendors/icheck/skins/minimal/grey.png]
[www.urbanui.com/chroma/vendors/icheck/skins/minimal/grey@2x.png]
[www.urbanui.com/chroma/vendors/icheck/skins/minimal/orange.png]
[www.urbanui.com/chroma/vendors/icheck/skins/minimal/yellow.png]
[www.urbanui.com/chroma/vendors/icheck/skins/minimal/yellow@2x.png]
[www.urbanui.com/chroma/vendors/icheck/skins/minimal/pink.png]
[www.urbanui.com/chroma/vendors/icheck/skins/minimal/pink@2x.png]
[www.urbanui.com/chroma/vendors/icheck/skins/minimal/purple.png]
[www.urbanui.com/chroma/vendors/icheck/skins/minimal/_all.css]
[www.urbanui.com/chroma/vendors/icheck/skins/minimal/purple@2x.png]
[www.urbanui.com/chroma/vendors/icheck/skins/square/square.png]
[www.urbanui.com/chroma/vendors/icheck/skins/square/square@2x.png]
[www.urbanui.com/chroma/vendors/icheck/skins/square/red.png]
[www.urbanui.com/chroma/vendors/icheck/skins/square/red@2x.png]
[www.urbanui.com/chroma/vendors/icheck/skins/square/green.png]
[www.urbanui.com/chroma/vendors/icheck/skins/square/green@2x.png]
[www.urbanui.com/chroma/vendors/icheck/skins/square/blue.png]
[www.urbanui.com/chroma/vendors/icheck/skins/square/blue@2x.png]
[www.urbanui.com/chroma/vendors/icheck/skins/square/aero.png]
[www.urbanui.com/chroma/vendors/icheck/skins/square/aero@2x.png]
[www.urbanui.com/chroma/vendors/icheck/skins/square/grey.png]
[www.urbanui.com/chroma/vendors/icheck/skins/square/grey@2x.png]
[www.urbanui.com/chroma/vendors/icheck/skins/square/orange.png]
[www.urbanui.com/chroma/vendors/icheck/skins/square/orange@2x.png]
[www.urbanui.com/chroma/vendors/icheck/skins/square/yellow.png]
[www.urbanui.com/chroma/vendors/icheck/skins/square/pink.png]
[www.urbanui.com/chroma/vendors/icheck/skins/square/pink@2x.png]
[www.urbanui.com/chroma/vendors/icheck/skins/square/yellow@2x.png]
[www.urbanui.com/chroma/vendors/icheck/skins/square/purple.png]
[www.urbanui.com/chroma/vendors/icheck/skins/square/_all.css]
[www.urbanui.com/chroma/vendors/icheck/skins/square/purple@2x.png]
[www.urbanui.com/chroma/vendors/icheck/skins/flat/flat.png]
[www.urbanui.com/chroma/vendors/icheck/skins/flat/flat@2x.png]
[www.urbanui.com/chroma/vendors/icheck/skins/flat/red@2x.png]
[www.urbanui.com/chroma/vendors/icheck/skins/flat/green@2x.png]
[www.urbanui.com/chroma/vendors/icheck/skins/flat/green.png]
[www.urbanui.com/chroma/vendors/icheck/skins/flat/blue.png]
[www.urbanui.com/chroma/vendors/icheck/skins/flat/blue@2x.png]
[www.urbanui.com/chroma/vendors/icheck/skins/flat/aero.png]
[www.urbanui.com/chroma/vendors/icheck/skins/flat/grey.png]
[www.urbanui.com/chroma/vendors/icheck/skins/flat/aero@2x.png]
[www.urbanui.com/chroma/vendors/icheck/skins/flat/orange.png]
[www.urbanui.com/chroma/vendors/icheck/skins/flat/orange@2x.png]
[www.urbanui.com/chroma/vendors/icheck/skins/flat/grey@2x.png]
[www.urbanui.com/chroma/vendors/icheck/skins/flat/yellow.png]
[www.urbanui.com/chroma/vendors/icheck/skins/flat/yellow@2x.png]
[www.urbanui.com/chroma/vendors/icheck/skins/flat/pink@2x.png]
[www.urbanui.com/chroma/vendors/icheck/skins/flat/_all.css]
[www.urbanui.com/chroma/vendors/icheck/skins/flat/purple@2x.png]
[www.urbanui.com/chroma/vendors/icheck/skins/line/_all.css]
[www.urbanui.com/chroma/vendors/icheck/skins/line/line@2x.png]
[www.urbanui.com/chroma/vendors/icheck/skins/polaris/polaris.png]
[www.urbanui.com/chroma/vendors/icheck/skins/polaris/polaris.css]
[www.urbanui.com/chroma/vendors/icheck/skins/futurico/futurico.png]
[www.urbanui.com/chroma/vendors/icheck/skins/futurico/futurico.css]
[www.urbanui.com/chroma/vendors/iconfonts/font-awesome/fonts/fontawesome-webfont3e6e.html]
[www.urbanui.com/chroma/vendors/iconfonts/font-awesome/fonts/fontawesome-webfont3e6e.svg]
[www.urbanui.com/images/file-icons/64/001-interface-1.html]
[www.urbanui.com/images/file-icons/128/001-interface-1.html]
[www.urbanui.com/chroma/vendors/icheck/skins/futurico/futurico@2x.png]
[www.urbanui.com/chroma/vendors/summernote/dist/font/summernote291f.woff]
[www.urbanui.com/chroma/vendors/iconfonts/ti-icons/fonts/themify.eot]
[www.urbanui.com/chroma/vendors/iconfonts/ti-icons/fonts/themifyd41d.eot]
[www.urbanui.com/chroma/vendors/iconfonts/ti-icons/fonts/themify.woff]
[www.urbanui.com/chroma/vendors/iconfonts/ti-icons/fonts/themify.ttf]
[www.urbanui.com/chroma/vendors/iconfonts/ti-icons/css/themify-icons.css]
[www.urbanui.com/chroma/vendors/iconfonts/flag-icon-css/flags/4x3/fk.svg]
[www.urbanui.com/chroma/vendors/iconfonts/flag-icon-css/flags/1x1/gf.svg]
[www.urbanui.com/chroma/vendors/iconfonts/flag-icon-css/flags/4x3/hm.svg]
[www.urbanui.com/chroma/vendors/iconfonts/flag-icon-css/flags/4x3/jm.svg]
[www.urbanui.com/chroma/vendors/iconfonts/flag-icon-css/flags/4x3/kz.svg]
[www.urbanui.com/chroma/images/lightbox/thumb-v-v-1.jpg]
[www.urbanui.com/chroma/vendors/icheck/skins/minimal/minimal.png]
[www.urbanui.com/chroma/vendors/icheck/skins/flat/purple.png]
[www.urbanui.com/chroma/vendors/icheck/skins/line/line.png]
[www.urbanui.com/chroma/vendors/summernote/dist/font/summernote291f.eot]
[www.urbanui.com/chroma/vendors/icheck/skins/minimal/orange@2x.png]
[www.urbanui.com/chroma/vendors/icheck/skins/flat/pink.png]
[www.urbanui.com/chroma/vendors/icheck/skins/polaris/polaris@2x.png]
[www.urbanui.com/chroma/vendors/icheck/skins/flat/red.png]
[www.urbanui.com/chroma/vendors/iconfonts/ti-icons/fonts/themify.svg]
